Archive member included because of file (symbol)

c:/program files (x86)/microchip/mplabc32/v2.02/bin/../lib/gcc/pic32mx/4.5.1\libgcc.a(_udivdi3.o)
                              build/default/production/_ext/867694782/Tick.o (__udivdi3)
c:/program files (x86)/microchip/mplabc32/v2.02/bin/../lib/gcc/pic32mx/4.5.1\libgcc.a(floatunsidf.o)
                              build/default/production/HTU21D.o (__floatunsidf)
c:/program files (x86)/microchip/mplabc32/v2.02/bin/../lib/gcc/pic32mx/4.5.1/../../../../pic32mx/lib\liblega-c.a(memcmp.o)
                              build/default/production/_ext/867694782/HTTP2.o (memcmp)
c:/program files (x86)/microchip/mplabc32/v2.02/bin/../lib/gcc/pic32mx/4.5.1/../../../../pic32mx/lib\liblega-c.a(memcpy.o)
                              build/default/production/_ext/867694782/ARP.o (memcpy)
c:/program files (x86)/microchip/mplabc32/v2.02/bin/../lib/gcc/pic32mx/4.5.1/../../../../pic32mx/lib\liblega-c.a(memset.o)
                              build/default/production/_ext/867694782/SNTP.o (memset)
c:/program files (x86)/microchip/mplabc32/v2.02/bin/../lib/gcc/pic32mx/4.5.1/../../../../pic32mx/lib\liblega-c.a(strcmp.o)
                              build/default/production/_ext/867694782/HTTP2.o (strcmp)
c:/program files (x86)/microchip/mplabc32/v2.02/bin/../lib/gcc/pic32mx/4.5.1/../../../../pic32mx/lib\liblega-c.a(strlen.o)
                              build/default/production/_ext/867694782/HTTP2.o (strlen)
c:/program files (x86)/microchip/mplabc32/v2.02/bin/../lib/gcc/pic32mx/4.5.1/../../../../pic32mx/lib\liblega-c.a(legacy-general-exception.o)
                              c:/program files (x86)/microchip/mplabc32/v2.02/bin/../lib/gcc/pic32mx/4.5.1/../../../../pic32mx/lib/crt0.o (_general_exception_context)
c:/program files (x86)/microchip/mplabc32/v2.02/bin/../lib/gcc/pic32mx/4.5.1/../../../../pic32mx/lib\liblega-c.a(strncpy.o)
                              build/default/production/_ext/867694782/Helpers.o (strncpy)
c:/program files (x86)/microchip/mplabc32/v2.02/bin/../lib/gcc/pic32mx/4.5.1/../../../../pic32mx/lib\liblega-c.a(atol.o)
                              build/default/production/_ext/867694782/HTTP2.o (atol)
c:/program files (x86)/microchip/mplabc32/v2.02/bin/../lib/gcc/pic32mx/4.5.1/../../../../pic32mx/lib\liblega-c.a(atoi.o)
                              build/default/production/GenericTCPServer.o (atoi)
c:/program files (x86)/microchip/mplabc32/v2.02/bin/../lib/gcc/pic32mx/4.5.1/../../../../pic32mx/lib\liblega-c.a(strtol.o)
                              c:/program files (x86)/microchip/mplabc32/v2.02/bin/../lib/gcc/pic32mx/4.5.1/../../../../pic32mx/lib\liblega-c.a(atol.o) (strtol)
c:/program files (x86)/microchip/mplabc32/v2.02/bin/../lib/gcc/pic32mx/4.5.1/../../../../pic32mx/lib\liblega-c.a(sprintf.o)
                              build/default/production/main.o (sprintf)
c:/program files (x86)/microchip/mplabc32/v2.02/bin/../lib/gcc/pic32mx/4.5.1/../../../../pic32mx/lib\liblega-c.a(__vsnprintf.o)
                              c:/program files (x86)/microchip/mplabc32/v2.02/bin/../lib/gcc/pic32mx/4.5.1/../../../../pic32mx/lib\liblega-c.a(sprintf.o) (__vsnprintf)
c:/program files (x86)/microchip/mplabc32/v2.02/bin/../lib/gcc/pic32mx/4.5.1/../../../../pic32mx/lib\liblega-c.a(localtime.o)
                              build/default/production/main.o (localtime)
c:/program files (x86)/microchip/mplabc32/v2.02/bin/../lib/gcc/pic32mx/4.5.1/../../../../pic32mx/lib\liblega-c.a(offtime.o)
                              c:/program files (x86)/microchip/mplabc32/v2.02/bin/../lib/gcc/pic32mx/4.5.1/../../../../pic32mx/lib\liblega-c.a(localtime.o) (offtime_r)
c:/program files (x86)/microchip/mplabc32/v2.02/bin/../lib/gcc/pic32mx/4.5.1/../../../../pic32mx/lib\liblega-c.a(strftime.o)
                              build/default/production/main.o (strftime)
c:/program files (x86)/microchip/mplabc32/v2.02/bin/../lib/gcc/pic32mx/4.5.1/../../../../pic32mx/lib\liblega-c.a(stubs.o)
                              c:/program files (x86)/microchip/mplabc32/v2.02/bin/../lib/gcc/pic32mx/4.5.1/../../../../pic32mx/lib\liblega-c.a(localtime.o) (pthread_mutex_lock)
c:/program files (x86)/microchip/mplabc32/v2.02/bin/../lib/gcc/pic32mx/4.5.1/../../../../pic32mx/lib\liblega-c.a(default-bootstrap-exception-handler.o)
                              c:/program files (x86)/microchip/mplabc32/v2.02/bin/../lib/gcc/pic32mx/4.5.1/../../../../pic32mx/lib/crt0.o (_bootstrap_exception_handler)
c:/program files (x86)/microchip/mplabc32/v2.02/bin/../lib/gcc/pic32mx/4.5.1/../../../../pic32mx/lib\liblega-c.a(default-on-reset.o)
                              c:/program files (x86)/microchip/mplabc32/v2.02/bin/../lib/gcc/pic32mx/4.5.1/../../../../pic32mx/lib/crt0.o (_on_reset)
c:/program files (x86)/microchip/mplabc32/v2.02/bin/../lib/gcc/pic32mx/4.5.1/../../../../pic32mx/lib\liblega-c.a(default-on-bootstrap.o)
[...]
Memory Configuration

Name             Origin             Length             Attributes
kseg0_program_mem 0x9d000000         0x00040000         xr
kseg0_boot_mem   0x9fc00490         0x00000970
exception_mem    0x9fc01000         0x00001000
kseg1_boot_mem   0xbfc00000         0x00000490
debug_exec_mem   0xbfc02000         0x00000ff0
config3          0xbfc02ff0         0x00000004
config2          0xbfc02ff4         0x00000004
config1          0xbfc02ff8         0x00000004
config0          0xbfc02ffc         0x00000004
kseg1_data_mem   0xa0000000         0x00008000         w !x
sfrs             0xbf800000         0x00100000
configsfrs       0xbfc02ff0         0x00000010
*default*        0x00000000         0xffffffff

Linker script and memory map

LOAD c:/program files (x86)/microchip/mplabc32/v2.02/bin/../lib/gcc/pic32mx/4.5.1/../../../../pic32mx/lib/crt0.o
LOAD build/default/production/Include/WF_Config.o
LOAD build/default/production/_ext/867694782/ARCFOUR.o
LOAD build/default/production/_ext/867694782/ARP.o
LOAD build/default/production/_ext/867694782/Announce.o
LOAD build/default/production/_ext/867694782/AutoIP.o
LOAD build/default/production/_ext/867694782/BerkeleyAPI.o
LOAD build/default/production/_ext/867694782/BigInt.o
LOAD build/default/production/_ext/867694782/DHCP.o
LOAD build/default/production/_ext/867694782/DHCPs.o
LOAD build/default/production/_ext/867694782/DNS.o
LOAD build/default/production/_ext/867694782/DNSs.o
LOAD build/default/production/_ext/867694782/Delay.o
LOAD build/default/production/_ext/867694782/DynDNS.o
LOAD build/default/production/_ext/867694782/ENC28J60.o
LOAD build/default/production/_ext/867694782/ENCX24J600.o
LOAD build/default/production/_ext/867694782/ETH97J60.o
LOAD build/default/production/_ext/867694782/ETHPIC32ExtPhy.o
LOAD build/default/production/_ext/867694782/ETHPIC32ExtPhyDP83640.o
LOAD build/default/production/_ext/867694782/ETHPIC32ExtPhyDP83848.o
LOAD build/default/production/_ext/867694782/ETHPIC32ExtPhySMSC8700.o
LOAD build/default/production/_ext/867694782/ETHPIC32ExtPhySMSC8720.o
LOAD build/default/production/_ext/867694782/ETHPIC32IntMac.o
LOAD build/default/production/_ext/867694782/FTP.o
LOAD build/default/production/_ext/867694782/FileSystem.o
LOAD build/default/production/_ext/867694782/HTTP2.o
LOAD build/default/production/_ext/867694782/Hashes.o
LOAD build/default/production/_ext/867694782/Helpers.o
LOAD build/default/production/_ext/867694782/ICMP.o
LOAD build/default/production/_ext/867694782/IP.o
LOAD build/default/production/_ext/867694782/LCDBlocking.o
LOAD build/default/production/_ext/867694782/MPFS2.o
LOAD build/default/production/_ext/867694782/NBNS.o
LOAD build/default/production/_ext/867694782/RSA.o
LOAD build/default/production/_ext/867694782/Random.o
LOAD build/default/production/_ext/867694782/Reboot.o
LOAD build/default/production/_ext/867694782/SMTP.o
LOAD build/default/production/_ext/867694782/SNMP.o
LOAD build/default/production/_ext/867694782/SNMPv3.o
LOAD build/default/production/_ext/867694782/SNMPv3USM.o
LOAD build/default/production/_ext/867694782/SNTP.o
LOAD build/default/production/_ext/867694782/SPIEEPROM.o
LOAD build/default/production/_ext/867694782/SPIFlash.o
LOAD build/default/production/_ext/867694782/SPIRAM.o
LOAD build/default/production/_ext/867694782/SSL.o
LOAD build/default/production/_ext/867694782/StackTsk.o
LOAD build/default/production/_ext/867694782/TCP.o
LOAD build/default/production/_ext/867694782/TCPPerformanceTest.o
LOAD build/default/production/_ext/867694782/TFTPc.o
LOAD build/default/production/_ext/867694782/Telnet.o
LOAD build/default/production/_ext/867694782/Tick.o
LOAD build/default/production/_ext/867694782/UART.o
LOAD build/default/production/_ext/867694782/UART2TCPBridge.o
LOAD build/default/production/_ext/867694782/UDP.o
LOAD build/default/production/_ext/867694782/UDPPerformanceTest.o
LOAD build/default/production/_ext/867694782/ZeroconfHelper.o
LOAD build/default/production/_ext/867694782/ZeroconfLinkLocal.o
LOAD build/default/production/_ext/867694782/ZeroconfMulticastDNS.o
LOAD build/default/production/_ext/867694782/eth_pic32_ext_phy_rtl8201FL.o
LOAD build/default/production/main.o
LOAD build/default/production/CustomHTTPApp.o
LOAD build/default/production/MPFSImg2.o
LOAD build/default/production/GenericTCPServer.o
LOAD build/default/production/MyUart.o
LOAD build/default/production/UARTConfig.o
LOAD build/default/production/I2C.o
LOAD build/default/production/eeprom.o
LOAD build/default/production/HTU21D.o
LOAD build/default/production/BMP180.o
LOAD build/default/production/ST7735.o
                0x00000001                __MPLAB_BUILD = 0x1
LOAD c:/program files (x86)/microchip/mplabc32/v2.02/bin/../lib/gcc/pic32mx/4.5.1\libgcc.a
START GROUP
LOAD c:/program files (x86)/microchip/mplabc32/v2.02/bin/../lib/gcc/pic32mx/4.5.1/../../../../pic32mx/lib\libdebug.a
LOAD c:/program files (x86)/microchip/mplabc32/v2.02/bin/../lib/gcc/pic32mx/4.5.1/../../../../pic32mx/lib\liblega-c.a
LOAD c:/program files (x86)/microchip/mplabc32/v2.02/bin/../lib/gcc/pic32mx/4.5.1/../../../../pic32mx/lib\libm.a
LOAD c:/program files (x86)/microchip/mplabc32/v2.02/bin/../lib/gcc/pic32mx/4.5.1/../../../../pic32mx/lib\libe.a
LOAD c:/program files (x86)/microchip/mplabc32/v2.02/bin/../lib/gcc/pic32mx/4.5.1/../../../../pic32mx/lib\libdsp.a
LOAD c:/program files (x86)/microchip/mplabc32/v2.02/bin/../lib/gcc/pic32mx/4.5.1/../../../../pic32mx/lib\libmchp_peripheral.a
LOAD c:/program files (x86)/microchip/mplabc32/v2.02/bin/../lib/gcc/pic32mx/4.5.1/../../../../pic32mx/lib\libmchp_peripheral_32MX440F256H.a
END GROUP
LOAD c:/program files (x86)/microchip/mplabc32/v2.02/bin/../lib/gcc/pic32mx/4.5.1\libgcc.a
                0x00000400                PROVIDE (_min_stack_size, 0x400)
                0x00000000                PROVIDE (_min_heap_size, 0x0)
LOAD c:/program files (x86)/microchip/mplabc32/v2.02/bin/../lib/gcc/pic32mx/4.5.1/../../../../pic32mx/lib/./proc/32MX440F256H\processor.o
                0x00000001                PROVIDE (_vector_spacing, 0x1)
                0x9fc01000                _ebase_address = 0x9fc01000
                0xbfc00000                _RESET_ADDR = 0xbfc00000
                0xbfc00380                _BEV_EXCPT_ADDR = 0xbfc00380
                0xbfc00480                _DBG_EXCPT_ADDR = 0xbfc00480
                0xbfc02000                _DBG_CODE_ADDR = 0xbfc02000
                0x00000ff0                _DBG_CODE_SIZE = 0xff0
                0x9fc01180                _GEN_EXCPT_ADDR = (_ebase_address + 0x180)

.config_BFC02FF0
 *(.config_BFC02FF0)

.config_BFC02FF4
                0xbfc02ff4        0x4
 *(.config_BFC02FF4)
 .config_BFC02FF4
                0xbfc02ff4        0x4 build/default/production/main.o

.config_BFC02FF8
                0xbfc02ff8        0x4
 *(.config_BFC02FF8)
 .config_BFC02FF8
                0xbfc02ff8        0x4 build/default/production/main.o

.config_BFC02FFC
                0xbfc02ffc        0x4
 *(.config_BFC02FFC)
 .config_BFC02FFC
                0xbfc02ffc        0x4 build/default/production/main.o
                0xbfc02000                PROVIDE (_DBG_CODE_ADDR, 0xbfc02000)
                0x00000ff0                PROVIDE (_DBG_CODE_SIZE, 0xff0)

.reset          0xbfc00000      0x1f4
 *(.reset)
 .reset         0xbfc00000       0x10 c:/program files (x86)/microchip/mplabc32/v2.02/bin/../lib/gcc/pic32mx/4.5.1/../../../../pic32mx/lib/crt0.o
                0xbfc00000                _reset
 *(.reset.startup)
 .reset.startup
                0xbfc00010      0x1e4 c:/program files (x86)/microchip/mplabc32/v2.02/bin/../lib/gcc/pic32mx/4.5.1/../../../../pic32mx/lib/crt0.o

.bev_excpt      0xbfc00380       0x10
 *(.bev_handler)
 .bev_handler   0xbfc00380       0x10 c:/program files (x86)/microchip/mplabc32/v2.02/bin/../lib/gcc/pic32mx/4.5.1/../../../../pic32mx/lib/crt0.o

.dbg_excpt      0xbfc00480        0x0
                0xbfc00480                . = (. + DEFINED (_DEBUGGER)?0x8:0x0)

.dbg_code       0xbfc02000        0x0
                0xbfc02000                . = (. + DEFINED (_DEBUGGER)?_DBG_CODE_SIZE:0x0)

.app_excpt      0x9fc01180       0x10
 *(.gen_handler)
 .gen_handler   0x9fc01180       0x10 c:/program files (x86)/microchip/mplabc32/v2.02/bin/../lib/gcc/pic32mx/4.5.1/../../../../pic32mx/lib/crt0.o

.vector_0       0x9fc01200        0x0
 *(.vector_0)
                0x00000001                ASSERT (((_vector_spacing == 0x0) || (SIZEOF (.vector_0) <= (_vector_spacing << 0x5))), function at exception vector 0 too large)

.vector_1       0x9fc01220        0x0
 *(.vector_1)
                0x00000001                ASSERT (((_vector_spacing == 0x0) || (SIZEOF (.vector_1) <= (_vector_spacing << 0x5))), function at exception vector 1 too large)

.vector_2       0x9fc01240        0x0
 *(.vector_2)
                0x00000001                ASSERT (((_vector_spacing == 0x0) || (SIZEOF (.vector_2) <= (_vector_spacing << 0x5))), function at exception vector 2 too large)

.vector_3       0x9fc01260        0x0
 *(.vector_3)
                0x00000001                ASSERT (((_vector_spacing == 0x0) || (SIZEOF (.vector_3) <= (_vector_spacing << 0x5))), function at exception vector 3 too large)

.vector_4       0x9fc01280        0x8
 *(.vector_4)
 .vector_4      0x9fc01280        0x8 build/default/production/_ext/867694782/Tick.o
                0x00000001                ASSERT (((_vector_spacing == 0x0) || (SIZEOF (.vector_4) <= (_vector_spacing << 0x5))), function at exception vector 4 too large)

.vector_5       0x9fc012a0        0x0
 *(.vector_5)
                0x00000001                ASSERT (((_vector_spacing == 0x0) || (SIZEOF (.vector_5) <= (_vector_spacing << 0x5))), function at exception vector 5 too large)

.vector_6       0x9fc012c0        0x0
 *(.vector_6)
                0x00000001                ASSERT (((_vector_spacing == 0x0) || (SIZEOF (.vector_6) <= (_vector_spacing << 0x5))), function at exception vector 6 too large)

.vector_7       0x9fc012e0        0x0
 *(.vector_7)
                0x00000001                ASSERT (((_vector_spacing == 0x0) || (SIZEOF (.vector_7) <= (_vector_spacing << 0x5))), function at exception vector 7 too large)

.vector_8       0x9fc01300        0x0
 *(.vector_8)
                0x00000001                ASSERT (((_vector_spacing == 0x0) || (SIZEOF (.vector_8) <= (_vector_spacing << 0x5))), function at exception vector 8 too large)

.vector_9       0x9fc01320        0x0
 *(.vector_9)
                0x00000001                ASSERT (((_vector_spacing == 0x0) || (SIZEOF (.vector_9) <= (_vector_spacing << 0x5))), function at exception vector 9 too large)

.vector_10      0x9fc01340        0x0
 *(.vector_10)
                0x00000001                ASSERT (((_vector_spacing == 0x0) || (SIZEOF (.vector_10) <= (_vector_spacing << 0x5))), function at exception vector 10 too large)

.vector_11      0x9fc01360        0x0
 *(.vector_11)
                0x00000001                ASSERT (((_vector_spacing == 0x0) || (SIZEOF (.vector_11) <= (_vector_spacing << 0x5))), function at exception vector 11 too large)

.vector_12      0x9fc01380        0x0
 *(.vector_12)
                0x00000001                ASSERT (((_vector_spacing == 0x0) || (SIZEOF (.vector_12) <= (_vector_spacing << 0x5))), function at exception vector 12 too large)

.vector_13      0x9fc013a0        0x0
 *(.vector_13)
                0x00000001                ASSERT (((_vector_spacing == 0x0) || (SIZEOF (.vector_13) <= (_vector_spacing << 0x5))), function at exception vector 13 too large)

.vector_14      0x9fc013c0        0x0
 *(.vector_14)
                0x00000001                ASSERT (((_vector_spacing == 0x0) || (SIZEOF (.vector_14) <= (_vector_spacing << 0x5))), function at exception vector 14 too large)

.vector_15      0x9fc013e0        0x0
 *(.vector_15)
                0x00000001                ASSERT (((_vector_spacing == 0x0) || (SIZEOF (.vector_15) <= (_vector_spacing << 0x5))), function at exception vector 15 too large)

.vector_16      0x9fc01400        0x0
 *(.vector_16)
                0x00000001                ASSERT (((_vector_spacing == 0x0) || (SIZEOF (.vector_16) <= (_vector_spacing << 0x5))), function at exception vector 16 too large)

.vector_17      0x9fc01420        0x0
 *(.vector_17)
                0x00000001                ASSERT (((_vector_spacing == 0x0) || (SIZEOF (.vector_17) <= (_vector_spacing << 0x5))), function at exception vector 17 too large)

.vector_18      0x9fc01440        0x0
 *(.vector_18)
                0x00000001                ASSERT (((_vector_spacing == 0x0) || (SIZEOF (.vector_18) <= (_vector_spacing << 0x5))), function at exception vector 18 too large)

.vector_19      0x9fc01460        0x0
 *(.vector_19)
                0x00000001                ASSERT (((_vector_spacing == 0x0) || (SIZEOF (.vector_19) <= (_vector_spacing << 0x5))), function at exception vector 19 too large)

.vector_20      0x9fc01480        0x0
 *(.vector_20)
                0x00000001                ASSERT (((_vector_spacing == 0x0) || (SIZEOF (.vector_20) <= (_vector_spacing << 0x5))), function at exception vector 20 too large)

.vector_21      0x9fc014a0        0x0
 *(.vector_21)
                0x00000001                ASSERT (((_vector_spacing == 0x0) || (SIZEOF (.vector_21) <= (_vector_spacing << 0x5))), function at exception vector 21 too large)

.vector_22      0x9fc014c0        0x0
 *(.vector_22)
                0x00000001                ASSERT (((_vector_spacing == 0x0) || (SIZEOF (.vector_22) <= (_vector_spacing << 0x5))), function at exception vector 22 too large)

.vector_23      0x9fc014e0        0x0
 *(.vector_23)
                0x00000001                ASSERT (((_vector_spacing == 0x0) || (SIZEOF (.vector_23) <= (_vector_spacing << 0x5))), function at exception vector 23 too large)

.vector_24      0x9fc01500        0x0
 *(.vector_24)
                0x00000001                ASSERT (((_vector_spacing == 0x0) || (SIZEOF (.vector_24) <= (_vector_spacing << 0x5))), function at exception vector 24 too large)

.vector_25      0x9fc01520        0x0
 *(.vector_25)
                0x00000001                ASSERT (((_vector_spacing == 0x0) || (SIZEOF (.vector_25) <= (_vector_spacing << 0x5))), function at exception vector 25 too large)

.vector_26      0x9fc01540        0x0
 *(.vector_26)
                0x00000001                ASSERT (((_vector_spacing == 0x0) || (SIZEOF (.vector_26) <= (_vector_spacing << 0x5))), function at exception vector 26 too large)

.vector_27      0x9fc01560        0x0
 *(.vector_27)
                0x00000001                ASSERT (((_vector_spacing == 0x0) || (SIZEOF (.vector_27) <= (_vector_spacing << 0x5))), function at exception vector 27 too large)

.vector_28      0x9fc01580        0x0
 *(.vector_28)
                0x00000001                ASSERT (((_vector_spacing == 0x0) || (SIZEOF (.vector_28) <= (_vector_spacing << 0x5))), function at exception vector 28 too large)

.vector_29      0x9fc015a0        0x0
 *(.vector_29)
                0x00000001                ASSERT (((_vector_spacing == 0x0) || (SIZEOF (.vector_29) <= (_vector_spacing << 0x5))), function at exception vector 29 too large)

.vector_30      0x9fc015c0        0x0
 *(.vector_30)
                0x00000001                ASSERT (((_vector_spacing == 0x0) || (SIZEOF (.vector_30) <= (_vector_spacing << 0x5))), function at exception vector 30 too large)

.vector_31      0x9fc015e0        0x0
 *(.vector_31)
                0x00000001                ASSERT (((_vector_spacing == 0x0) || (SIZEOF (.vector_31) <= (_vector_spacing << 0x5))), function at exception vector 31 too large)

.vector_32      0x9fc01600        0x0
 *(.vector_32)
                0x00000001                ASSERT (((_vector_spacing == 0x0) || (SIZEOF (.vector_32) <= (_vector_spacing << 0x5))), function at exception vector 32 too large)

.vector_33      0x9fc01620        0x0
 *(.vector_33)
                0x00000001                ASSERT (((_vector_spacing == 0x0) || (SIZEOF (.vector_33) <= (_vector_spacing << 0x5))), function at exception vector 33 too large)

.vector_34      0x9fc01640        0x0
 *(.vector_34)
                0x00000001                ASSERT (((_vector_spacing == 0x0) || (SIZEOF (.vector_34) <= (_vector_spacing << 0x5))), function at exception vector 34 too large)

.vector_35      0x9fc01660        0x0
 *(.vector_35)
                0x00000001                ASSERT (((_vector_spacing == 0x0) || (SIZEOF (.vector_35) <= (_vector_spacing << 0x5))), function at exception vector 35 too large)

.vector_36      0x9fc01680        0x0
 *(.vector_36)
                0x00000001                ASSERT (((_vector_spacing == 0x0) || (SIZEOF (.vector_36) <= (_vector_spacing << 0x5))), function at exception vector 36 too large)

.vector_37      0x9fc016a0        0x0
 *(.vector_37)
                0x00000001                ASSERT (((_vector_spacing == 0x0) || (SIZEOF (.vector_37) <= (_vector_spacing << 0x5))), function at exception vector 37 too large)

.vector_38      0x9fc016c0        0x0
 *(.vector_38)
                0x00000001                ASSERT (((_vector_spacing == 0x0) || (SIZEOF (.vector_38) <= (_vector_spacing << 0x5))), function at exception vector 38 too large)

.vector_39      0x9fc016e0        0x0
 *(.vector_39)
                0x00000001                ASSERT (((_vector_spacing == 0x0) || (SIZEOF (.vector_39) <= (_vector_spacing << 0x5))), function at exception vector 39 too large)

.vector_40      0x9fc01700        0x0
 *(.vector_40)
                0x00000001                ASSERT (((_vector_spacing == 0x0) || (SIZEOF (.vector_40) <= (_vector_spacing << 0x5))), function at exception vector 40 too large)

.vector_41      0x9fc01720        0x0
 *(.vector_41)
                0x00000001                ASSERT (((_vector_spacing == 0x0) || (SIZEOF (.vector_41) <= (_vector_spacing << 0x5))), function at exception vector 41 too large)

.vector_42      0x9fc01740        0x0
 *(.vector_42)
                0x00000001                ASSERT (((_vector_spacing == 0x0) || (SIZEOF (.vector_42) <= (_vector_spacing << 0x5))), function at exception vector 42 too large)

.vector_43      0x9fc01760        0x0
 *(.vector_43)
                0x00000001                ASSERT (((_vector_spacing == 0x0) || (SIZEOF (.vector_43) <= (_vector_spacing << 0x5))), function at exception vector 43 too large)

.vector_44      0x9fc01780        0x0
 *(.vector_44)
                0x00000001                ASSERT (((_vector_spacing == 0x0) || (SIZEOF (.vector_44) <= (_vector_spacing << 0x5))), function at exception vector 44 too large)

.vector_45      0x9fc017a0        0x0
 *(.vector_45)
                0x00000001                ASSERT (((_vector_spacing == 0x0) || (SIZEOF (.vector_45) <= (_vector_spacing << 0x5))), function at exception vector 45 too large)

.vector_46      0x9fc017c0        0x0
 *(.vector_46)
                0x00000001                ASSERT (((_vector_spacing == 0x0) || (SIZEOF (.vector_46) <= (_vector_spacing << 0x5))), function at exception vector 46 too large)

.vector_47      0x9fc017e0        0x0
 *(.vector_47)
                0x00000001                ASSERT (((_vector_spacing == 0x0) || (SIZEOF (.vector_47) <= (_vector_spacing << 0x5))), function at exception vector 47 too large)

.vector_48      0x9fc01800        0x0
 *(.vector_48)
                0x00000001                ASSERT (((_vector_spacing == 0x0) || (SIZEOF (.vector_48) <= (_vector_spacing << 0x5))), function at exception vector 48 too large)

.vector_49      0x9fc01820        0x0
 *(.vector_49)
                0x00000001                ASSERT (((_vector_spacing == 0x0) || (SIZEOF (.vector_49) <= (_vector_spacing << 0x5))), function at exception vector 49 too large)

.vector_50      0x9fc01840        0x0
 *(.vector_50)
                0x00000001                ASSERT (((_vector_spacing == 0x0) || (SIZEOF (.vector_50) <= (_vector_spacing << 0x5))), function at exception vector 50 too large)

.vector_51      0x9fc01860        0x0
 *(.vector_51)
                0x00000001                ASSERT (((_vector_spacing == 0x0) || (SIZEOF (.vector_51) <= (_vector_spacing << 0x5))), function at exception vector 51 too large)

.vector_52      0x9fc01880        0x0
 *(.vector_52)
                0x00000001                ASSERT (((_vector_spacing == 0x0) || (SIZEOF (.vector_52) <= (_vector_spacing << 0x5))), function at exception vector 52 too large)

.vector_53      0x9fc018a0        0x0
 *(.vector_53)
                0x00000001                ASSERT (((_vector_spacing == 0x0) || (SIZEOF (.vector_53) <= (_vector_spacing << 0x5))), function at exception vector 53 too large)

.vector_54      0x9fc018c0        0x0
 *(.vector_54)
                0x00000001                ASSERT (((_vector_spacing == 0x0) || (SIZEOF (.vector_54) <= (_vector_spacing << 0x5))), function at exception vector 54 too large)

.vector_55      0x9fc018e0        0x0
 *(.vector_55)
                0x00000001                ASSERT (((_vector_spacing == 0x0) || (SIZEOF (.vector_55) <= (_vector_spacing << 0x5))), function at exception vector 55 too large)

.vector_56      0x9fc01900        0x0
 *(.vector_56)
                0x00000001                ASSERT (((_vector_spacing == 0x0) || (SIZEOF (.vector_56) <= (_vector_spacing << 0x5))), function at exception vector 56 too large)

.vector_57      0x9fc01920        0x0
 *(.vector_57)
                0x00000001                ASSERT (((_vector_spacing == 0x0) || (SIZEOF (.vector_57) <= (_vector_spacing << 0x5))), function at exception vector 57 too large)

.vector_58      0x9fc01940        0x0
 *(.vector_58)
                0x00000001                ASSERT (((_vector_spacing == 0x0) || (SIZEOF (.vector_58) <= (_vector_spacing << 0x5))), function at exception vector 58 too large)

.vector_59      0x9fc01960        0x0
 *(.vector_59)
                0x00000001                ASSERT (((_vector_spacing == 0x0) || (SIZEOF (.vector_59) <= (_vector_spacing << 0x5))), function at exception vector 59 too large)

.vector_60      0x9fc01980        0x0
 *(.vector_60)
                0x00000001                ASSERT (((_vector_spacing == 0x0) || (SIZEOF (.vector_60) <= (_vector_spacing << 0x5))), function at exception vector 60 too large)

.vector_61      0x9fc019a0        0x0
 *(.vector_61)
                0x00000001                ASSERT (((_vector_spacing == 0x0) || (SIZEOF (.vector_61) <= (_vector_spacing << 0x5))), function at exception vector 61 too large)

.vector_62      0x9fc019c0        0x0
 *(.vector_62)
                0x00000001                ASSERT (((_vector_spacing == 0x0) || (SIZEOF (.vector_62) <= (_vector_spacing << 0x5))), function at exception vector 62 too large)

.vector_63      0x9fc019e0        0x0
 *(.vector_63)
                0x00000001                ASSERT (((_vector_spacing == 0x0) || (SIZEOF (.vector_63) <= (_vector_spacing << 0x5))), function at exception vector 63 too large)

.startup
 *(.startup)

.text
 *(.stub .gnu.linkonce.t.*)
 *(.text.*personality*)
 *(.mips16.fn.*)
 *(.mips16.call.*)
 *(.gnu.warning)

.rodata         0x9d000000        0x0
 *(.rodata.* .gnu.linkonce.r.*)
 *(.rodata1)
                0x9d000000                . = ALIGN (0x4)

.sdata2         0x9fc00490        0x0
 *(.sdata2 .sdata2.* .gnu.linkonce.s2.*)
                0x9fc00490                . = ALIGN (0x4)

.sbss2          0x9fc00490        0x0
 *(.sbss2 .sbss2.* .gnu.linkonce.sb2.*)
                0x9fc00490                . = ALIGN (0x4)

.eh_frame_hdr
 *(.eh_frame_hdr)

.eh_frame
 *(.eh_frame)

.dbg_data       0xa0000000        0x0
                0xa0000000                . = (. + DEFINED (_DEBUGGER)?0x200:0x0)

.persist        0xa0000000        0x0
                0xa0000000                _persist_begin = .
 *(.persist .persist.*)
                0xa0000000                . = ALIGN (0x4)
                0xa0000000                _persist_end = .

.eh_frame       0xa0000000       0x3c
 *(.eh_frame)
 .eh_frame      0xa0000000       0x28 c:/program files (x86)/microchip/mplabc32/v2.02/bin/../lib/gcc/pic32mx/4.5.1\libgcc.a(_udivdi3.o)
 .eh_frame      0xa0000028       0x14 c:/program files (x86)/microchip/mplabc32/v2.02/bin/../lib/gcc/pic32mx/4.5.1\libgcc.a(_umoddi3.o)
                                 0x28 (size before relaxing)
                0xa000003c                . = .
                0xa0008030                _gp = (ALIGN (0x10) + 0x7ff0)

.got
 *(.got.plt)
 *(.got)

.sdata          0xa000003c       0x30
                0xa000003c                _sdata_begin = .
 *(.sdata .sdata.* .gnu.linkonce.s.*)
 .sdata         0xa000003c        0x8 build/default/production/_ext/867694782/DNS.o
 .sdata         0xa0000044        0x4 build/default/production/_ext/867694782/Helpers.o
 .sdata         0xa0000048        0x1 build/default/production/_ext/867694782/SNTP.o
 .sdata         0xa0000049        0x2 build/default/production/_ext/867694782/TCP.o
 .sdata         0xa000004b        0x2 build/default/production/_ext/867694782/UDP.o
 *fill*         0xa000004d        0x1 00
 .sdata         0xa000004e        0x2 build/default/production/ST7735.o
                0xa000004e                wrap
 .sdata         0xa0000050       0x10 c:/program files (x86)/microchip/mplabc32/v2.02/bin/../lib/gcc/pic32mx/4.5.1/../../../../pic32mx/lib\liblega-c.a(localtime.o)
                0xa0000050                tzname
 .sdata         0xa0000060        0x8 c:/program files (x86)/microchip/mplabc32/v2.02/bin/../lib/gcc/pic32mx/4.5.1/../../../../pic32mx/lib\liblega-c.a(malloc.o)
                0xa0000060                malloc_trim_threshold
                0xa0000064                malloc_sbrk_base
 .sdata         0xa0000068        0x4 c:/program files (x86)/microchip/mplabc32/v2.02/bin/../lib/gcc/pic32mx/4.5.1/../../../../pic32mx/lib\liblega-c.a(_iobdata.o)
                0xa0000068                _libc_data
                0xa000006c                _sdata_end = .

.lit8
 *(.lit8)

.lit4
 *(.lit4)
                0xa000006c                . = ALIGN (0x4)
                0xa000006c                _data_end = .
                0xa000006c                _bss_begin = .

.sbss           0xa000006c      0x184
                0xa000006c                _sbss_begin = .
 *(.dynsbss)
 *(.sbss .sbss.* .gnu.linkonce.sb.*)
 .sbss          0xa000006c        0x4 build/default/production/_ext/867694782/ARP.o
 .sbss          0xa0000070       0x14 build/default/production/_ext/867694782/DNS.o
 .sbss          0xa0000084       0x10 build/default/production/_ext/867694782/ENC28J60.o
 .sbss          0xa0000094        0x4 build/default/production/_ext/867694782/IP.o
 .sbss          0xa0000098        0x8 build/default/production/_ext/867694782/MPFS2.o
 .sbss          0xa00000a0       0x10 build/default/production/_ext/867694782/SNTP.o
 .sbss          0xa00000b0        0x8 build/default/production/_ext/867694782/StackTsk.o
 *fill*         0xa00000b8        0x0 00
 .sbss          0xa00000b8       0x10 build/default/production/_ext/867694782/Tick.o
 .sbss          0xa00000c8        0x8 build/default/production/_ext/867694782/UDP.o
 .sbss          0xa00000d0        0xc build/default/production/main.o
 .sbss          0xa00000dc        0x8 build/default/production/CustomHTTPApp.o
 .sbss          0xa00000e4        0x8 build/default/production/GenericTCPServer.o
 .sbss          0xa00000ec        0x4 build/default/production/ST7735.o
                0xa00000ec                colstart
                0xa00000ee                rowstart
 .sbss          0xa00000f0        0xc c:/program files (x86)/microchip/mplabc32/v2.02/bin/../lib/gcc/pic32mx/4.5.1/../../../../pic32mx/lib\liblega-c.a(localtime.o)
                0xa00000f0                _tz_stdoffset
                0xa00000f4                _tz_dstoffset
 .sbss          0xa00000fc        0x4 c:/program files (x86)/microchip/mplabc32/v2.02/bin/../lib/gcc/pic32mx/4.5.1/../../../../pic32mx/lib\liblega-c.a(stubs.o)
                0xa00000fc                __isthreaded
 .sbss          0xa0000100        0xc c:/program files (x86)/microchip/mplabc32/v2.02/bin/../lib/gcc/pic32mx/4.5.1/../../../../pic32mx/lib\liblega-c.a(malloc.o)
                0xa0000100                malloc_top_pad
                0xa0000104                malloc_max_sbrked_mem
                0xa0000108                malloc_max_total_mem
 .sbss          0xa000010c        0x4 c:/program files (x86)/microchip/mplabc32/v2.02/bin/../lib/gcc/pic32mx/4.5.1/../../../../pic32mx/lib\liblega-c.a(errno.o)
                0xa000010c                errno
 .sbss          0xa0000110        0xc c:/program files (x86)/microchip/mplabc32/v2.02/bin/../lib/gcc/pic32mx/4.5.1/../../../../pic32mx/lib\liblega-c.a(sbrk.o)
                0xa0000110                _minbrk
                0xa0000114                _maxbrk
 *(.scommon)
 .scommon       0xa000011c        0x1 build/default/production/_ext/867694782/HTTP2.o
                0xa000011c                curHTTPID
 *fill*         0xa000011d        0x1 00
 .scommon       0xa000011e        0x6 build/default/production/_ext/867694782/UDP.o
                0xa000011e                UDPTxCount
                0xa0000120                activeUDPSocket
                0xa0000122                UDPRxCount
 *fill*         0xa0000124        0x4 00
 .scommon       0xa0000128       0xc8 build/default/production/main.o
                0xa0000128                hum
                0xa0000130                p0
                0xa0000138                MD
                0xa0000140                c6
                0xa0000148                AC1
                0xa000014a                AC6
                0xa0000150                p2
                0xa0000158                y0
                0xa0000160                TCP_status
                0xa0000168                temp
                0xa0000170                AC5
                0xa0000178                y2
                0xa0000180                VB2
                0xa0000188                x2
                0xa0000190                x0
                0xa0000198                pressure
                0xa00001a0                p1
                0xa00001a8                md
                0xa00001b0                c5
                0xa00001b8                AC4
                0xa00001ba                process_item
                0xa00001bc                MB
                0xa00001c0                mc
                0xa00001c8                AC2
                0xa00001ca                AC3
                0xa00001cc                post_data_size
                0xa00001d0                x1
                0xa00001d8                _error
                0xa00001da                VB1
                0xa00001dc                MC
                0xa00001e0                AN0String
                0xa00001e8                y1
 .scommon       0xa00001f0        0x0 build/default/production/HTU21D.o
 .scommon       0xa00001f0        0x0 build/default/production/BMP180.o
                0xa00001f0                _sbss_end = .

.bss            0xa00001f0      0x364
 *(.dynbss)
 *(COMMON)
 COMMON         0xa00001f0      0x22c build/default/production/_ext/867694782/HTTP2.o
                0xa00001f0                curHTTP
                0xa000040c                httpStubs
 COMMON         0xa000041c       0x40 build/default/production/_ext/867694782/Hashes.o
                0xa000041c                lastBlock
 COMMON         0xa000045c        0xa build/default/production/_ext/867694782/StackTsk.o
                0xa000045c                remoteNode
 *fill*         0xa0000466        0x2 00
 COMMON         0xa0000468       0x70 build/default/production/_ext/867694782/UDP.o
                0xa0000468                UDPSocketInfo
 COMMON         0xa00004d8       0x7c build/default/production/main.o
                0xa00004d8                outside
                0xa00004e8                outsidedata
                0xa00004f8                AppConfig
                0xa0000530                inside
                0xa0000540                WEB_data_0
                0xa0000554                . = ALIGN (0x4)
                0xa0000554                . = ALIGN (0x4)
                0xa0000554                _end = .
                0xa0000554                _bss_end = .
                0x00008000                _bmxdudba_address = 0x8000
                0x00008000                _bmxdupba_address = 0x8000

/DISCARD/
 *(.pdr)
 *(.reginfo)
 *(.rel.dyn)
 *(.note.GNU-stack)
 *(.note.GNU-stack)
 *(.gnu_debuglink)
 *(.gnu.lto_*)
 *(.discard)

.stab
 *(.stab)

.stabstr
 *(.stabstr)

.stab.excl
 *(.stab.excl)

.stab.exclstr
 *(.stab.exclstr)

.stab.index
 *(.stab.index)

.stab.indexstr
 *(.stab.indexstr)

.comment        0x00000000      0x840
 *(.comment)
 .comment       0x00000000       0x51 build/default/production/Include/WF_Config.o
                                 0x52 (size before relaxing)
 .comment       0x00000000       0x52 build/default/production/_ext/867694782/ARCFOUR.o
 .comment       0x00000000       0x52 build/default/production/_ext/867694782/ARP.o
 .comment       0x00000000       0x52 build/default/production/_ext/867694782/Announce.o
 .comment       0x00000000       0x52 build/default/production/_ext/867694782/AutoIP.o
 .comment       0x00000000       0x52 build/default/production/_ext/867694782/BerkeleyAPI.o
 .comment       0x00000000       0x52 build/default/production/_ext/867694782/BigInt.o
 .comment       0x00000000       0x52 build/default/production/_ext/867694782/DHCP.o
 .comment       0x00000000       0x52 build/default/production/_ext/867694782/DHCPs.o
 .comment       0x00000000       0x52 build/default/production/_ext/867694782/DNS.o
 .comment       0x00000000       0x52 build/default/production/_ext/867694782/DNSs.o
 .comment       0x00000000       0x52 build/default/production/_ext/867694782/Delay.o
 .comment       0x00000000       0x52 build/default/production/_ext/867694782/DynDNS.o
 .comment       0x00000000       0x52 build/default/production/_ext/867694782/ENC28J60.o
 .comment       0x00000000       0x52 build/default/production/_ext/867694782/ENCX24J600.o
 .comment       0x00000000       0x52 build/default/production/_ext/867694782/ETH97J60.o
 .comment       0x00000000       0x52 build/default/production/_ext/867694782/ETHPIC32ExtPhy.o
 .comment       0x00000000       0x52 build/default/production/_ext/867694782/ETHPIC32ExtPhyDP83640.o
 .comment       0x00000000       0x52 build/default/production/_ext/867694782/ETHPIC32ExtPhyDP83848.o
 .comment       0x00000000       0x52 build/default/production/_ext/867694782/ETHPIC32ExtPhySMSC8700.o
 .comment       0x00000000       0x52 build/default/production/_ext/867694782/ETHPIC32ExtPhySMSC8720.o
 .comment       0x00000000       0x52 build/default/production/_ext/867694782/ETHPIC32IntMac.o
 .comment       0x00000000       0x52 build/default/production/_ext/867694782/FTP.o
 .comment       0x00000000       0x52 build/default/production/_ext/867694782/FileSystem.o
 .comment       0x00000000       0x52 build/default/production/_ext/867694782/HTTP2.o
 .comment       0x00000000       0x52 build/default/production/_ext/867694782/Hashes.o
 .comment       0x00000000       0x52 build/default/production/_ext/867694782/Helpers.o
 .comment       0x00000000       0x52 build/default/production/_ext/867694782/ICMP.o
 .comment       0x00000000       0x52 build/default/production/_ext/867694782/IP.o
 .comment       0x00000000       0x52 build/default/production/_ext/867694782/LCDBlocking.o
 .comment       0x00000000       0x52 build/default/production/_ext/867694782/MPFS2.o
 .comment       0x00000000       0x52 build/default/production/_ext/867694782/NBNS.o
 .comment       0x00000000       0x52 build/default/production/_ext/867694782/RSA.o
 .comment       0x00000000       0x52 build/default/production/_ext/867694782/Random.o
 .comment       0x00000000       0x52 build/default/production/_ext/867694782/Reboot.o
 .comment       0x00000000       0x52 build/default/production/_ext/867694782/SMTP.o
 .comment       0x00000000       0x52 build/default/production/_ext/867694782/SNMP.o
 .comment       0x00000000       0x52 build/default/production/_ext/867694782/SNMPv3.o
 .comment       0x00000000       0x52 build/default/production/_ext/867694782/SNMPv3USM.o
 .comment       0x00000000       0x52 build/default/production/_ext/867694782/SNTP.o
 .comment       0x00000000       0x52 build/default/production/_ext/867694782/SPIEEPROM.o
 .comment       0x00000000       0x52 build/default/production/_ext/867694782/SPIFlash.o
 .comment       0x00000000       0x52 build/default/production/_ext/867694782/SPIRAM.o
 .comment       0x00000000       0x52 build/default/production/_ext/867694782/SSL.o
 .comment       0x00000000       0x52 build/default/production/_ext/867694782/StackTsk.o
 .comment       0x00000000       0x52 build/default/production/_ext/867694782/TCP.o
 .comment       0x00000000       0x52 build/default/production/_ext/867694782/TCPPerformanceTest.o
 .comment       0x00000000       0x52 build/default/production/_ext/867694782/TFTPc.o
 .comment       0x00000000       0x52 build/default/production/_ext/867694782/Telnet.o
 .comment       0x00000000       0x52 build/default/production/_ext/867694782/Tick.o
 .comment       0x00000000       0x52 build/default/production/_ext/867694782/UART.o
 .comment       0x00000000       0x52 build/default/production/_ext/867694782/UART2TCPBridge.o
 .comment       0x00000000       0x52 build/default/production/_ext/867694782/UDP.o
 .comment       0x00000000       0x52 build/default/production/_ext/867694782/UDPPerformanceTest.o
 .comment       0x00000000       0x52 build/default/production/_ext/867694782/ZeroconfHelper.o
 .comment       0x00000000       0x52 build/default/production/_ext/867694782/ZeroconfLinkLocal.o
 .comment       0x00000000       0x52 build/default/production/_ext/867694782/ZeroconfMulticastDNS.o
 .comment       0x00000000       0x52 build/default/production/_ext/867694782/eth_pic32_ext_phy_rtl8201FL.o
 .comment       0x00000000       0x52 build/default/production/main.o
 .comment       0x00000000       0x52 build/default/production/CustomHTTPApp.o
 .comment       0x00000000       0x52 build/default/production/MPFSImg2.o
 .comment       0x00000000       0x52 build/default/production/GenericTCPServer.o
 .comment       0x00000000       0x52 build/default/production/MyUart.o
 .comment       0x00000000       0x52 build/default/production/UARTConfig.o
 .comment       0x00000000       0x52 build/default/production/I2C.o
 .comment       0x00000000       0x52 build/default/production/eeprom.o
 .comment       0x00000000       0x52 build/default/production/HTU21D.o
 .comment       0x00000000       0x52 build/default/production/BMP180.o
 .comment       0x00000000       0x52 build/default/production/ST7735.o
 .comment       0x00000000       0x52 c:/program files (x86)/microchip/mplabc32/v2.02/bin/../lib/gcc/pic32mx/4.5.1\libgcc.a(_udivdi3.o)
 .comment       0x00000000       0x52 c:/program files (x86)/microchip/mplabc32/v2.02/bin/../lib/gcc/pic32mx/4.5.1\libgcc.a(floatunsidf.o)
 .comment       0x00000051       0x55 c:/program files (x86)/microchip/mplabc32/v2.02/bin/../lib/gcc/pic32mx/4.5.1/../../../../pic32mx/lib\liblega-c.a(memcmp.o)
                                 0x56 (size before relaxing)
 .comment       0x000000a6       0x55 c:/program files (x86)/microchip/mplabc32/v2.02/bin/../lib/gcc/pic32mx/4.5.1/../../../../pic32mx/lib\liblega-c.a(memset.o)
                                 0x56 (size before relaxing)
 .comment       0x000000fb       0x55 c:/program files (x86)/microchip/mplabc32/v2.02/bin/../lib/gcc/pic32mx/4.5.1/../../../../pic32mx/lib\liblega-c.a(strcmp.o)
                                 0x56 (size before relaxing)
 .comment       0x00000150       0x55 c:/program files (x86)/microchip/mplabc32/v2.02/bin/../lib/gcc/pic32mx/4.5.1/../../../../pic32mx/lib\liblega-c.a(strlen.o)
                                 0x56 (size before relaxing)
 .comment       0x000001a5       0x50 c:/program files (x86)/microchip/mplabc32/v2.02/bin/../lib/gcc/pic32mx/4.5.1/../../../../pic32mx/lib\liblega-c.a(strncpy.o)
                                 0xa2 (size before relaxing)
 .comment       0x000001f5       0x4d c:/program files (x86)/microchip/mplabc32/v2.02/bin/../lib/gcc/pic32mx/4.5.1/../../../../pic32mx/lib\liblega-c.a(atol.o)
                                 0x9f (size before relaxing)
 .comment       0x00000242       0x4d c:/program files (x86)/microchip/mplabc32/v2.02/bin/../lib/gcc/pic32mx/4.5.1/../../../../pic32mx/lib\liblega-c.a(atoi.o)
                                 0x9f (size before relaxing)
 .comment       0x0000028f       0x4f c:/program files (x86)/microchip/mplabc32/v2.02/bin/../lib/gcc/pic32mx/4.5.1/../../../../pic32mx/lib\liblega-c.a(strtol.o)
                                 0xa1 (size before relaxing)
 .comment       0x000002de       0x52 c:/program files (x86)/microchip/mplabc32/v2.02/bin/../lib/gcc/pic32mx/4.5.1/../../../../pic32mx/lib\liblega-c.a(sprintf.o)
                                 0xa4 (size before relaxing)
 .comment       0x00000330       0x56 c:/program files (x86)/microchip/mplabc32/v2.02/bin/../lib/gcc/pic32mx/4.5.1/../../../../pic32mx/lib\liblega-c.a(__vsnprintf.o)
                                 0xa8 (size before relaxing)
 .comment       0x00000000       0x52 c:/program files (x86)/microchip/mplabc32/v2.02/bin/../lib/gcc/pic32mx/4.5.1/../../../../pic32mx/lib\liblega-c.a(localtime.o)
 .comment       0x00000000       0x52 c:/program files (x86)/microchip/mplabc32/v2.02/bin/../lib/gcc/pic32mx/4.5.1/../../../../pic32mx/lib\liblega-c.a(offtime.o)
 .comment       0x00000386       0x52 c:/program files (x86)/microchip/mplabc32/v2.02/bin/../lib/gcc/pic32mx/4.5.1/../../../../pic32mx/lib\liblega-c.a(strftime.o)
                                 0xa4 (size before relaxing)
 .comment       0x000003d8       0x4e c:/program files (x86)/microchip/mplabc32/v2.02/bin/../lib/gcc/pic32mx/4.5.1/../../../../pic32mx/lib\liblega-c.a(stubs.o)
                                 0xa0 (size before relaxing)
 .comment       0x00000000       0x52 c:/program files (x86)/microchip/mplabc32/v2.02/bin/../lib/gcc/pic32mx/4.5.1/../../../../pic32mx/lib\liblega-c.a(default-bootstrap-exception-handler.o)
 .comment       0x00000000       0x52 c:/program files (x86)/microchip/mplabc32/v2.02/bin/../lib/gcc/pic32mx/4.5.1/../../../../pic32mx/lib\liblega-c.a(default-on-reset.o)
 .comment       0x00000000       0x52 c:/program files (x86)/microchip/mplabc32/v2.02/bin/../lib/gcc/pic32mx/4.5.1/../../../../pic32mx/lib\liblega-c.a(default-on-bootstrap.o)
 .comment       0x00000000       0x52 c:/program files (x86)/microchip/mplabc32/v2.02/bin/../lib/gcc/pic32mx/4.5.1/../../../../pic32mx/lib\liblega-c.a(getenv.o)
 .comment       0x00000426       0x55 c:/program files (x86)/microchip/mplabc32/v2.02/bin/../lib/gcc/pic32mx/4.5.1/../../../../pic32mx/lib\liblega-c.a(strcpy.o)
                                 0x56 (size before relaxing)
 .comment       0x0000047b       0x4e c:/program files (x86)/microchip/mplabc32/v2.02/bin/../lib/gcc/pic32mx/4.5.1/../../../../pic32mx/lib\liblega-c.a(ctype.o)
                                 0xa0 (size before relaxing)
 .comment       0x00000000       0x52 c:/program files (x86)/microchip/mplabc32/v2.02/bin/../lib/gcc/pic32mx/4.5.1/../../../../pic32mx/lib\liblega-c.a(malloc.o)
 .comment       0x00000000       0x52 c:/program files (x86)/microchip/mplabc32/v2.02/bin/../lib/gcc/pic32mx/4.5.1/../../../../pic32mx/lib\liblega-c.a(malloc_realloc.o)
 .comment       0x000004c9       0x4e c:/program files (x86)/microchip/mplabc32/v2.02/bin/../lib/gcc/pic32mx/4.5.1/../../../../pic32mx/lib\liblega-c.a(errno.o)
                                 0xa0 (size before relaxing)
 .comment       0x00000517       0x52 c:/program files (x86)/microchip/mplabc32/v2.02/bin/../lib/gcc/pic32mx/4.5.1/../../../../pic32mx/lib\liblega-c.a(_doprnt.o)
                                 0xa4 (size before relaxing)
 .comment       0x00000569       0x53 c:/program files (x86)/microchip/mplabc32/v2.02/bin/../lib/gcc/pic32mx/4.5.1/../../../../pic32mx/lib\liblega-c.a(_iobdata.o)
                                 0xa5 (size before relaxing)
 .comment       0x000005bc       0x54 c:/program files (x86)/microchip/mplabc32/v2.02/bin/../lib/gcc/pic32mx/4.5.1/../../../../pic32mx/lib\liblega-c.a(_iobfuncs.o)
                                 0xa6 (size before relaxing)
 .comment       0x00000610       0x55 c:/program files (x86)/microchip/mplabc32/v2.02/bin/../lib/gcc/pic32mx/4.5.1/../../../../pic32mx/lib\liblega-c.a(_iobstring.o)
                                 0xa7 (size before relaxing)
 .comment       0x00000665       0x50 c:/program files (x86)/microchip/mplabc32/v2.02/bin/../lib/gcc/pic32mx/4.5.1/../../../../pic32mx/lib\liblega-c.a(fputc.o)
                                 0xa2 (size before relaxing)
 .comment       0x000006b5       0x4b c:/program files (x86)/microchip/mplabc32/v2.02/bin/../lib/gcc/pic32mx/4.5.1/../../../../pic32mx/lib\liblega-c.a(sbrk.o)
                                 0x9d (size before relaxing)
 .comment       0x00000000       0x52 c:/program files (x86)/microchip/mplabc32/v2.02/bin/../lib/gcc/pic32mx/4.5.1/../../../../pic32mx/lib\liblega-c.a(_mon_getc.o)
 .comment       0x00000000       0x52 c:/program files (x86)/microchip/mplabc32/v2.02/bin/../lib/gcc/pic32mx/4.5.1/../../../../pic32mx/lib\liblega-c.a(_mon_write.o)
 .comment       0x00000700       0x50 c:/program files (x86)/microchip/mplabc32/v2.02/bin/../lib/gcc/pic32mx/4.5.1/../../../../pic32mx/lib\liblega-c.a(memmove.o)
                                 0xa2 (size before relaxing)
 .comment       0x00000750       0x51 c:/program files (x86)/microchip/mplabc32/v2.02/bin/../lib/gcc/pic32mx/4.5.1/../../../../pic32mx/lib\liblega-c.a(fullexit.o)
                                 0xa3 (size before relaxing)
 .comment       0x00000000       0x52 c:/program files (x86)/microchip/mplabc32/v2.02/bin/../lib/gcc/pic32mx/4.5.1/../../../../pic32mx/lib\liblega-c.a(_exit.o)
 .comment       0x00000000       0x52 c:/program files (x86)/microchip/mplabc32/v2.02/bin/../lib/gcc/pic32mx/4.5.1/../../../../pic32mx/lib\liblega-c.a(_mon_putc.o)
 .comment       0x00000000       0x52 c:/program files (x86)/microchip/mplabc32/v2.02/bin/../lib/gcc/pic32mx/4.5.1/../../../../pic32mx/lib\libm.a(w_pow.o)
 .comment       0x00000000       0x52 c:/program files (x86)/microchip/mplabc32/v2.02/bin/../lib/gcc/pic32mx/4.5.1/../../../../pic32mx/lib\libm.a(s_lib_ver.o)
 .comment       0x000007a1       0x51 c:/program files (x86)/microchip/mplabc32/v2.02/bin/../lib/gcc/pic32mx/4.5.1/../../../../pic32mx/lib\libmchp_peripheral_32MX440F256H.a(soft_reset_lib.o)
                                 0x52 (size before relaxing)
 .comment       0x00000000       0x52 c:/program files (x86)/microchip/mplabc32/v2.02/bin/../lib/gcc/pic32mx/4.5.1/../../../../pic32mx/lib\libmchp_peripheral_32MX440F256H.a(int_disable_interrupts_lib.o)
 .comment       0x00000000       0x52 c:/program files (x86)/microchip/mplabc32/v2.02/bin/../lib/gcc/pic32mx/4.5.1/../../../../pic32mx/lib\liblega-c.a(isinf.o)
 .comment       0x000007f2       0x4e c:/program files (x86)/microchip/mplabc32/v2.02/bin/../lib/gcc/pic32mx/4.5.1/../../../../pic32mx/lib\libe.a(_unorddf2.o)
                                 0xa0 (size before relaxing)
 .comment       0x00000000       0x52 c:/program files (x86)/microchip/mplabc32/v2.02/bin/../lib/gcc/pic32mx/4.5.1\libgcc.a(_umoddi3.o)

.debug
 *(.debug)

.line
 *(.line)

.debug_srcinfo
 *(.debug_srcinfo)

.debug_sfnames
 *(.debug_sfnames)

.debug_aranges  0x00000000      0x400
 *(.debug_aranges)
 .debug_aranges
                0x00000000       0x20 build/default/production/_ext/867694782/ARP.o
 .debug_aranges
                0x00000020       0x20 build/default/production/_ext/867694782/DNS.o
 .debug_aranges
                0x00000040       0x20 build/default/production/_ext/867694782/Delay.o
 .debug_aranges
                0x00000060       0x20 build/default/production/_ext/867694782/ENC28J60.o
 .debug_aranges
                0x00000080       0x20 build/default/production/_ext/867694782/HTTP2.o
 .debug_aranges
                0x000000a0       0x20 build/default/production/_ext/867694782/Hashes.o
 .debug_aranges
                0x000000c0       0x20 build/default/production/_ext/867694782/Helpers.o
 .debug_aranges
                0x000000e0       0x20 build/default/production/_ext/867694782/IP.o
 .debug_aranges
                0x00000100       0x20 build/default/production/_ext/867694782/MPFS2.o
 .debug_aranges
                0x00000120       0x20 build/default/production/_ext/867694782/SNTP.o
 .debug_aranges
                0x00000140       0x20 build/default/production/_ext/867694782/StackTsk.o
 .debug_aranges
                0x00000160       0x20 build/default/production/_ext/867694782/TCP.o
 .debug_aranges
                0x00000180       0x20 build/default/production/_ext/867694782/Tick.o
 .debug_aranges
                0x000001a0       0x20 build/default/production/_ext/867694782/UART.o
 .debug_aranges
                0x000001c0       0x20 build/default/production/_ext/867694782/UDP.o
 .debug_aranges
                0x000001e0       0x20 build/default/production/main.o
 .debug_aranges
                0x00000200       0x20 build/default/production/CustomHTTPApp.o
 .debug_aranges
                0x00000220       0x20 build/default/production/GenericTCPServer.o
 .debug_aranges
                0x00000240       0x20 build/default/production/MyUart.o
 .debug_aranges
                0x00000260       0x20 build/default/production/UARTConfig.o
 .debug_aranges
                0x00000280       0x20 build/default/production/I2C.o
 .debug_aranges
                0x000002a0       0x20 build/default/production/eeprom.o
 .debug_aranges
                0x000002c0       0x20 build/default/production/HTU21D.o
 .debug_aranges
                0x000002e0       0x20 build/default/production/BMP180.o
 .debug_aranges
                0x00000300       0x20 build/default/production/ST7735.o
 .debug_aranges
                0x00000320       0x20 c:/program files (x86)/microchip/mplabc32/v2.02/bin/../lib/gcc/pic32mx/4.5.1\libgcc.a(_udivdi3.o)
 .debug_aranges
                0x00000340       0x20 c:/program files (x86)/microchip/mplabc32/v2.02/bin/../lib/gcc/pic32mx/4.5.1\libgcc.a(floatunsidf.o)
 .debug_aranges
                0x00000360       0x20 c:/program files (x86)/microchip/mplabc32/v2.02/bin/../lib/gcc/pic32mx/4.5.1/../../../../pic32mx/lib\libm.a(w_pow.o)
 .debug_aranges
                0x00000380       0x20 c:/program files (x86)/microchip/mplabc32/v2.02/bin/../lib/gcc/pic32mx/4.5.1/../../../../pic32mx/lib\libmchp_peripheral_32MX440F256H.a(soft_reset_lib.o)
 .debug_aranges
                0x000003a0       0x20 c:/program files (x86)/microchip/mplabc32/v2.02/bin/../lib/gcc/pic32mx/4.5.1/../../../../pic32mx/lib\libmchp_peripheral_32MX440F256H.a(int_disable_interrupts_lib.o)
 .debug_aranges
                0x000003c0       0x20 c:/program files (x86)/microchip/mplabc32/v2.02/bin/../lib/gcc/pic32mx/4.5.1/../../../../pic32mx/lib\libe.a(_unorddf2.o)
 .debug_aranges
                0x000003e0       0x20 c:/program files (x86)/microchip/mplabc32/v2.02/bin/../lib/gcc/pic32mx/4.5.1\libgcc.a(_umoddi3.o)

.debug_pubnames
                0x00000000     0x1808
 *(.debug_pubnames)
 .debug_pubnames
                0x00000000       0x6f build/default/production/_ext/867694782/ARP.o
 .debug_pubnames
                0x0000006f       0x55 build/default/production/_ext/867694782/DNS.o
 .debug_pubnames
                0x000000c4       0x46 build/default/production/_ext/867694782/Delay.o
 .debug_pubnames
                0x0000010a      0x1b8 build/default/production/_ext/867694782/ENC28J60.o
 .debug_pubnames
                0x000002c2       0xcf build/default/production/_ext/867694782/HTTP2.o
 .debug_pubnames
                0x00000391       0x62 build/default/production/_ext/867694782/Hashes.o
 .debug_pubnames
                0x000003f3      0x114 build/default/production/_ext/867694782/Helpers.o
 .debug_pubnames
                0x00000507       0x44 build/default/production/_ext/867694782/IP.o
 .debug_pubnames
                0x0000054b      0x140 build/default/production/_ext/867694782/MPFS2.o
 .debug_pubnames
                0x0000068b       0x37 build/default/production/_ext/867694782/SNTP.o
 .debug_pubnames
                0x000006c2       0x53 build/default/production/_ext/867694782/StackTsk.o
 .debug_pubnames
                0x00000715      0x1ba build/default/production/_ext/867694782/TCP.o
 .debug_pubnames
                0x000008cf       0x7e build/default/production/_ext/867694782/Tick.o
 .debug_pubnames
                0x0000094d       0x32 build/default/production/_ext/867694782/UART.o
 .debug_pubnames
                0x0000097f      0x155 build/default/production/_ext/867694782/UDP.o
 .debug_pubnames
                0x00000ad4      0x1d1 build/default/production/main.o
 .debug_pubnames
                0x00000ca5      0x399 build/default/production/CustomHTTPApp.o
 .debug_pubnames
                0x0000103e       0x21 build/default/production/MPFSImg2.o
 .debug_pubnames
                0x0000105f       0x27 build/default/production/GenericTCPServer.o
 .debug_pubnames
                0x00001086      0x102 build/default/production/MyUart.o
 .debug_pubnames
                0x00001188       0x23 build/default/production/UARTConfig.o
 .debug_pubnames
                0x000011ab       0xa2 build/default/production/I2C.o
 .debug_pubnames
                0x0000124d       0x33 build/default/production/eeprom.o
 .debug_pubnames
                0x00001280       0x7c build/default/production/HTU21D.o
 .debug_pubnames
                0x000012fc      0x1b6 build/default/production/BMP180.o
 .debug_pubnames
                0x000014b2      0x26c build/default/production/ST7735.o
 .debug_pubnames
                0x0000171e       0x20 c:/program files (x86)/microchip/mplabc32/v2.02/bin/../lib/gcc/pic32mx/4.5.1\libgcc.a(_udivdi3.o)
 .debug_pubnames
                0x0000173e       0x24 c:/program files (x86)/microchip/mplabc32/v2.02/bin/../lib/gcc/pic32mx/4.5.1\libgcc.a(floatunsidf.o)
 .debug_pubnames
                0x00001762       0x1a c:/program files (x86)/microchip/mplabc32/v2.02/bin/../lib/gcc/pic32mx/4.5.1/../../../../pic32mx/lib\libm.a(w_pow.o)
 .debug_pubnames
                0x0000177c       0x20 c:/program files (x86)/microchip/mplabc32/v2.02/bin/../lib/gcc/pic32mx/4.5.1/../../../../pic32mx/lib\libmchp_peripheral_32MX440F256H.a(soft_reset_lib.o)
 .debug_pubnames
                0x0000179c       0x2b c:/program files (x86)/microchip/mplabc32/v2.02/bin/../lib/gcc/pic32mx/4.5.1/../../../../pic32mx/lib\libmchp_peripheral_32MX440F256H.a(int_disable_interrupts_lib.o)
 .debug_pubnames
                0x000017c7       0x21 c:/program files (x86)/microchip/mplabc32/v2.02/bin/../lib/gcc/pic32mx/4.5.1/../../../../pic32mx/lib\libe.a(_unorddf2.o)
 .debug_pubnames
                0x000017e8       0x20 c:/program files (x86)/microchip/mplabc32/v2.02/bin/../lib/gcc/pic32mx/4.5.1\libgcc.a(_umoddi3.o)

.debug_info     0x00000000    0x56a0c
 *(.debug_info .gnu.linkonce.wi.*)
 .debug_info    0x00000000      0xf49 build/default/production/Include/WF_Config.o
 .debug_info    0x00000f49      0xf58 build/default/production/_ext/867694782/ARCFOUR.o
 .debug_info    0x00001ea1     0x1981 build/default/production/_ext/867694782/ARP.o
 .debug_info    0x00003822      0xf59 build/default/production/_ext/867694782/Announce.o
 .debug_info    0x0000477b      0xf57 build/default/production/_ext/867694782/AutoIP.o
 .debug_info    0x000056d2      0xf5c build/default/production/_ext/867694782/BerkeleyAPI.o
 .debug_info    0x0000662e      0xf57 build/default/production/_ext/867694782/BigInt.o
 .debug_info    0x00007585      0xf55 build/default/production/_ext/867694782/DHCP.o
 .debug_info    0x000084da      0xf56 build/default/production/_ext/867694782/DHCPs.o
 .debug_info    0x00009430     0x1ba2 build/default/production/_ext/867694782/DNS.o
 .debug_info    0x0000afd2      0xf55 build/default/production/_ext/867694782/DNSs.o
 .debug_info    0x0000bf27     0x1056 build/default/production/_ext/867694782/Delay.o
 .debug_info    0x0000cf7d      0xf57 build/default/production/_ext/867694782/DynDNS.o
 .debug_info    0x0000ded4     0x3a56 build/default/production/_ext/867694782/ENC28J60.o
 .debug_info    0x0001192a      0xf5b build/default/production/_ext/867694782/ENCX24J600.o
 .debug_info    0x00012885      0xf59 build/default/production/_ext/867694782/ETH97J60.o
 .debug_info    0x000137de      0xf5f build/default/production/_ext/867694782/ETHPIC32ExtPhy.o
 .debug_info    0x0001473d      0xf66 build/default/production/_ext/867694782/ETHPIC32ExtPhyDP83640.o
 .debug_info    0x000156a3      0xf66 build/default/production/_ext/867694782/ETHPIC32ExtPhyDP83848.o
 .debug_info    0x00016609      0xf67 build/default/production/_ext/867694782/ETHPIC32ExtPhySMSC8700.o
 .debug_info    0x00017570      0xf67 build/default/production/_ext/867694782/ETHPIC32ExtPhySMSC8720.o
 .debug_info    0x000184d7      0xf5f build/default/production/_ext/867694782/ETHPIC32IntMac.o
 .debug_info    0x00019436      0xf54 build/default/production/_ext/867694782/FTP.o
 .debug_info    0x0001a38a      0xf5b build/default/production/_ext/867694782/FileSystem.o
 .debug_info    0x0001b2e5     0x2069 build/default/production/_ext/867694782/HTTP2.o
 .debug_info    0x0001d34e     0x1327 build/default/production/_ext/867694782/Hashes.o
 .debug_info    0x0001e675     0x1f33 build/default/production/_ext/867694782/Helpers.o
 .debug_info    0x000205a8      0xf55 build/default/production/_ext/867694782/ICMP.o
 .debug_info    0x000214fd     0x1933 build/default/production/_ext/867694782/IP.o
 .debug_info    0x00022e30      0xf5c build/default/production/_ext/867694782/LCDBlocking.o
 .debug_info    0x00023d8c     0x170d build/default/production/_ext/867694782/MPFS2.o
 .debug_info    0x00025499      0xf55 build/default/production/_ext/867694782/NBNS.o
 .debug_info    0x000263ee      0xf54 build/default/production/_ext/867694782/RSA.o
 .debug_info    0x00027342      0xf57 build/default/production/_ext/867694782/Random.o
 .debug_info    0x00028299      0xf57 build/default/production/_ext/867694782/Reboot.o
 .debug_info    0x000291f0      0xf55 build/default/production/_ext/867694782/SMTP.o
 .debug_info    0x0002a145      0xf55 build/default/production/_ext/867694782/SNMP.o
 .debug_info    0x0002b09a      0xf57 build/default/production/_ext/867694782/SNMPv3.o
 .debug_info    0x0002bff1      0xf5a build/default/production/_ext/867694782/SNMPv3USM.o
 .debug_info    0x0002cf4b     0x12d7 build/default/production/_ext/867694782/SNTP.o
 .debug_info    0x0002e222      0xf5a build/default/production/_ext/867694782/SPIEEPROM.o
 .debug_info    0x0002f17c      0xf59 build/default/production/_ext/867694782/SPIFlash.o
 .debug_info    0x000300d5      0xf57 build/default/production/_ext/867694782/SPIRAM.o
 .debug_info    0x0003102c      0xf54 build/default/production/_ext/867694782/SSL.o
 .debug_info    0x00031f80     0x1691 build/default/production/_ext/867694782/StackTsk.o
 .debug_info    0x00033611     0x2fec build/default/production/_ext/867694782/TCP.o
 .debug_info    0x000365fd      0xf63 build/default/production/_ext/867694782/TCPPerformanceTest.o
 .debug_info    0x00037560      0xf56 build/default/production/_ext/867694782/TFTPc.o
 .debug_info    0x000384b6      0xf57 build/default/production/_ext/867694782/Telnet.o
 .debug_info    0x0003940d     0x1877 build/default/production/_ext/867694782/Tick.o
 .debug_info    0x0003ac84     0x12a4 build/default/production/_ext/867694782/UART.o
 .debug_info    0x0003bf28      0xf5f build/default/production/_ext/867694782/UART2TCPBridge.o
 .debug_info    0x0003ce87     0x1ffe build/default/production/_ext/867694782/UDP.o
 .debug_info    0x0003ee85      0xf63 build/default/production/_ext/867694782/UDPPerformanceTest.o
 .debug_info    0x0003fde8      0xf5f build/default/production/_ext/867694782/ZeroconfHelper.o
 .debug_info    0x00040d47      0xf62 build/default/production/_ext/867694782/ZeroconfLinkLocal.o
 .debug_info    0x00041ca9      0xf65 build/default/production/_ext/867694782/ZeroconfMulticastDNS.o
 .debug_info    0x00042c0e      0xf6c build/default/production/_ext/867694782/eth_pic32_ext_phy_rtl8201FL.o
 .debug_info    0x00043b7a     0x2cf1 build/default/production/main.o
 .debug_info    0x0004686b     0x27cb build/default/production/CustomHTTPApp.o
 .debug_info    0x00049036      0xf7d build/default/production/MPFSImg2.o
 .debug_info    0x00049fb3     0x1670 build/default/production/GenericTCPServer.o
 .debug_info    0x0004b623     0x1709 build/default/production/MyUart.o
 .debug_info    0x0004cd2c     0x16ef build/default/production/UARTConfig.o
 .debug_info    0x0004e41b     0x14e7 build/default/production/I2C.o
 .debug_info    0x0004f902     0x1060 build/default/production/eeprom.o
 .debug_info    0x00050962     0x10d0 build/default/production/HTU21D.o
 .debug_info    0x00051a32     0x1717 build/default/production/BMP180.o
 .debug_info    0x00053149     0x2497 build/default/production/ST7735.o
 .debug_info    0x000555e0      0x783 c:/program files (x86)/microchip/mplabc32/v2.02/bin/../lib/gcc/pic32mx/4.5.1\libgcc.a(_udivdi3.o)
 .debug_info    0x00055d63      0x19b c:/program files (x86)/microchip/mplabc32/v2.02/bin/../lib/gcc/pic32mx/4.5.1\libgcc.a(floatunsidf.o)
 .debug_info    0x00055efe       0xd7 c:/program files (x86)/microchip/mplabc32/v2.02/bin/../lib/gcc/pic32mx/4.5.1/../../../../pic32mx/lib\libm.a(w_pow.o)
 .debug_info    0x00055fd5        0x0 c:/program files (x86)/microchip/mplabc32/v2.02/bin/../lib/gcc/pic32mx/4.5.1/../../../../pic32mx/lib\libm.a(s_lib_ver.o)
 .debug_info    0x00055fd5       0xc7 c:/program files (x86)/microchip/mplabc32/v2.02/bin/../lib/gcc/pic32mx/4.5.1/../../../../pic32mx/lib\libmchp_peripheral_32MX440F256H.a(soft_reset_lib.o)
 .debug_info    0x0005609c       0xcb c:/program files (x86)/microchip/mplabc32/v2.02/bin/../lib/gcc/pic32mx/4.5.1/../../../../pic32mx/lib\libmchp_peripheral_32MX440F256H.a(int_disable_interrupts_lib.o)
 .debug_info    0x00056167       0xe5 c:/program files (x86)/microchip/mplabc32/v2.02/bin/../lib/gcc/pic32mx/4.5.1/../../../../pic32mx/lib\libe.a(_unorddf2.o)
 .debug_info    0x0005624c      0x7c0 c:/program files (x86)/microchip/mplabc32/v2.02/bin/../lib/gcc/pic32mx/4.5.1\libgcc.a(_umoddi3.o)

.debug_abbrev   0x00000000     0x7c53
 *(.debug_abbrev)
 .debug_abbrev  0x00000000      0x166 build/default/production/Include/WF_Config.o
 .debug_abbrev  0x00000166      0x166 build/default/production/_ext/867694782/ARCFOUR.o
 .debug_abbrev  0x000002cc      0x275 build/default/production/_ext/867694782/ARP.o
 .debug_abbrev  0x00000541      0x166 build/default/production/_ext/867694782/Announce.o
 .debug_abbrev  0x000006a7      0x166 build/default/production/_ext/867694782/AutoIP.o
 .debug_abbrev  0x0000080d      0x166 build/default/production/_ext/867694782/BerkeleyAPI.o
 .debug_abbrev  0x00000973      0x166 build/default/production/_ext/867694782/BigInt.o
 .debug_abbrev  0x00000ad9      0x166 build/default/production/_ext/867694782/DHCP.o
 .debug_abbrev  0x00000c3f      0x166 build/default/production/_ext/867694782/DHCPs.o
 .debug_abbrev  0x00000da5      0x271 build/default/production/_ext/867694782/DNS.o
 .debug_abbrev  0x00001016      0x166 build/default/production/_ext/867694782/DNSs.o
 .debug_abbrev  0x0000117c      0x1b0 build/default/production/_ext/867694782/Delay.o
 .debug_abbrev  0x0000132c      0x166 build/default/production/_ext/867694782/DynDNS.o
 .debug_abbrev  0x00001492      0x317 build/default/production/_ext/867694782/ENC28J60.o
 .debug_abbrev  0x000017a9      0x166 build/default/production/_ext/867694782/ENCX24J600.o
 .debug_abbrev  0x0000190f      0x166 build/default/production/_ext/867694782/ETH97J60.o
 .debug_abbrev  0x00001a75      0x166 build/default/production/_ext/867694782/ETHPIC32ExtPhy.o
 .debug_abbrev  0x00001bdb      0x166 build/default/production/_ext/867694782/ETHPIC32ExtPhyDP83640.o
 .debug_abbrev  0x00001d41      0x166 build/default/production/_ext/867694782/ETHPIC32ExtPhyDP83848.o
 .debug_abbrev  0x00001ea7      0x166 build/default/production/_ext/867694782/ETHPIC32ExtPhySMSC8700.o
 .debug_abbrev  0x0000200d      0x166 build/default/production/_ext/867694782/ETHPIC32ExtPhySMSC8720.o
 .debug_abbrev  0x00002173      0x166 build/default/production/_ext/867694782/ETHPIC32IntMac.o
 .debug_abbrev  0x000022d9      0x166 build/default/production/_ext/867694782/FTP.o
 .debug_abbrev  0x0000243f      0x166 build/default/production/_ext/867694782/FileSystem.o
 .debug_abbrev  0x000025a5      0x2e2 build/default/production/_ext/867694782/HTTP2.o
 .debug_abbrev  0x00002887      0x233 build/default/production/_ext/867694782/Hashes.o
 .debug_abbrev  0x00002aba      0x24c build/default/production/_ext/867694782/Helpers.o
 .debug_abbrev  0x00002d06      0x166 build/default/production/_ext/867694782/ICMP.o
 .debug_abbrev  0x00002e6c      0x242 build/default/production/_ext/867694782/IP.o
 .debug_abbrev  0x000030ae      0x166 build/default/production/_ext/867694782/LCDBlocking.o
 .debug_abbrev  0x00003214      0x28e build/default/production/_ext/867694782/MPFS2.o
 .debug_abbrev  0x000034a2      0x166 build/default/production/_ext/867694782/NBNS.o
 .debug_abbrev  0x00003608      0x166 build/default/production/_ext/867694782/RSA.o
 .debug_abbrev  0x0000376e      0x166 build/default/production/_ext/867694782/Random.o
 .debug_abbrev  0x000038d4      0x166 build/default/production/_ext/867694782/Reboot.o
 .debug_abbrev  0x00003a3a      0x166 build/default/production/_ext/867694782/SMTP.o
 .debug_abbrev  0x00003ba0      0x166 build/default/production/_ext/867694782/SNMP.o
 .debug_abbrev  0x00003d06      0x166 build/default/production/_ext/867694782/SNMPv3.o
 .debug_abbrev  0x00003e6c      0x166 build/default/production/_ext/867694782/SNMPv3USM.o
 .debug_abbrev  0x00003fd2      0x1d9 build/default/production/_ext/867694782/SNTP.o
 .debug_abbrev  0x000041ab      0x166 build/default/production/_ext/867694782/SPIEEPROM.o
 .debug_abbrev  0x00004311      0x166 build/default/production/_ext/867694782/SPIFlash.o
 .debug_abbrev  0x00004477      0x166 build/default/production/_ext/867694782/SPIRAM.o
 .debug_abbrev  0x000045dd      0x166 build/default/production/_ext/867694782/SSL.o
 .debug_abbrev  0x00004743      0x1fc build/default/production/_ext/867694782/StackTsk.o
 .debug_abbrev  0x0000493f      0x2db build/default/production/_ext/867694782/TCP.o
 .debug_abbrev  0x00004c1a      0x166 build/default/production/_ext/867694782/TCPPerformanceTest.o
 .debug_abbrev  0x00004d80      0x166 build/default/production/_ext/867694782/TFTPc.o
 .debug_abbrev  0x00004ee6      0x166 build/default/production/_ext/867694782/Telnet.o
 .debug_abbrev  0x0000504c      0x219 build/default/production/_ext/867694782/Tick.o
 .debug_abbrev  0x00005265      0x1f1 build/default/production/_ext/867694782/UART.o
 .debug_abbrev  0x00005456      0x166 build/default/production/_ext/867694782/UART2TCPBridge.o
 .debug_abbrev  0x000055bc      0x2fc build/default/production/_ext/867694782/UDP.o
 .debug_abbrev  0x000058b8      0x166 build/default/production/_ext/867694782/UDPPerformanceTest.o
 .debug_abbrev  0x00005a1e      0x166 build/default/production/_ext/867694782/ZeroconfHelper.o
 .debug_abbrev  0x00005b84      0x166 build/default/production/_ext/867694782/ZeroconfLinkLocal.o
 .debug_abbrev  0x00005cea      0x166 build/default/production/_ext/867694782/ZeroconfMulticastDNS.o
 .debug_abbrev  0x00005e50      0x166 build/default/production/_ext/867694782/eth_pic32_ext_phy_rtl8201FL.o
 .debug_abbrev  0x00005fb6      0x3c3 build/default/production/main.o
 .debug_abbrev  0x00006379      0x2d4 build/default/production/CustomHTTPApp.o
 .debug_abbrev  0x0000664d      0x180 build/default/production/MPFSImg2.o
 .debug_abbrev  0x000067cd      0x296 build/default/production/GenericTCPServer.o
 .debug_abbrev  0x00006a63      0x211 build/default/production/MyUart.o
 .debug_abbrev  0x00006c74      0x1fb build/default/production/UARTConfig.o
 .debug_abbrev  0x00006e6f      0x1f1 build/default/production/I2C.o
 .debug_abbrev  0x00007060      0x1b3 build/default/production/eeprom.o
 .debug_abbrev  0x00007213      0x1df build/default/production/HTU21D.o
 .debug_abbrev  0x000073f2      0x24c build/default/production/BMP180.o
 .debug_abbrev  0x0000763e      0x26a build/default/production/ST7735.o
 .debug_abbrev  0x000078a8      0x13d c:/program files (x86)/microchip/mplabc32/v2.02/bin/../lib/gcc/pic32mx/4.5.1\libgcc.a(_udivdi3.o)
 .debug_abbrev  0x000079e5       0x61 c:/program files (x86)/microchip/mplabc32/v2.02/bin/../lib/gcc/pic32mx/4.5.1\libgcc.a(floatunsidf.o)
 .debug_abbrev  0x00007a46       0x25 c:/program files (x86)/microchip/mplabc32/v2.02/bin/../lib/gcc/pic32mx/4.5.1/../../../../pic32mx/lib\libm.a(w_pow.o)
 .debug_abbrev  0x00007a6b        0x1 c:/program files (x86)/microchip/mplabc32/v2.02/bin/../lib/gcc/pic32mx/4.5.1/../../../../pic32mx/lib\libm.a(s_lib_ver.o)
 .debug_abbrev  0x00007a6c       0x34 c:/program files (x86)/microchip/mplabc32/v2.02/bin/../lib/gcc/pic32mx/4.5.1/../../../../pic32mx/lib\libmchp_peripheral_32MX440F256H.a(soft_reset_lib.o)
 .debug_abbrev  0x00007aa0       0x25 c:/program files (x86)/microchip/mplabc32/v2.02/bin/../lib/gcc/pic32mx/4.5.1/../../../../pic32mx/lib\libmchp_peripheral_32MX440F256H.a(int_disable_interrupts_lib.o)
 .debug_abbrev  0x00007ac5       0x32 c:/program files (x86)/microchip/mplabc32/v2.02/bin/../lib/gcc/pic32mx/4.5.1/../../../../pic32mx/lib\libe.a(_unorddf2.o)
 .debug_abbrev  0x00007af7      0x15c c:/program files (x86)/microchip/mplabc32/v2.02/bin/../lib/gcc/pic32mx/4.5.1\libgcc.a(_umoddi3.o)

.debug_line     0x00000000     0x9422
 *(.debug_line)
 .debug_line    0x00000000      0x154 build/default/production/Include/WF_Config.o
 .debug_line    0x00000154      0x154 build/default/production/_ext/867694782/ARCFOUR.o
 .debug_line    0x000002a8      0x254 build/default/production/_ext/867694782/ARP.o
 .debug_line    0x000004fc      0x154 build/default/production/_ext/867694782/Announce.o
 .debug_line    0x00000650      0x154 build/default/production/_ext/867694782/AutoIP.o
 .debug_line    0x000007a4      0x154 build/default/production/_ext/867694782/BerkeleyAPI.o
 .debug_line    0x000008f8      0x154 build/default/production/_ext/867694782/BigInt.o
 .debug_line    0x00000a4c      0x154 build/default/production/_ext/867694782/DHCP.o
 .debug_line    0x00000ba0      0x154 build/default/production/_ext/867694782/DHCPs.o
 .debug_line    0x00000cf4      0x330 build/default/production/_ext/867694782/DNS.o
 .debug_line    0x00001024      0x154 build/default/production/_ext/867694782/DNSs.o
 .debug_line    0x00001178      0x1b3 build/default/production/_ext/867694782/Delay.o
 .debug_line    0x0000132b      0x154 build/default/production/_ext/867694782/DynDNS.o
 .debug_line    0x0000147f      0x5ad build/default/production/_ext/867694782/ENC28J60.o
 .debug_line    0x00001a2c      0x154 build/default/production/_ext/867694782/ENCX24J600.o
 .debug_line    0x00001b80      0x154 build/default/production/_ext/867694782/ETH97J60.o
 .debug_line    0x00001cd4      0x154 build/default/production/_ext/867694782/ETHPIC32ExtPhy.o
 .debug_line    0x00001e28      0x154 build/default/production/_ext/867694782/ETHPIC32ExtPhyDP83640.o
 .debug_line    0x00001f7c      0x154 build/default/production/_ext/867694782/ETHPIC32ExtPhyDP83848.o
 .debug_line    0x000020d0      0x154 build/default/production/_ext/867694782/ETHPIC32ExtPhySMSC8700.o
 .debug_line    0x00002224      0x154 build/default/production/_ext/867694782/ETHPIC32ExtPhySMSC8720.o
 .debug_line    0x00002378      0x154 build/default/production/_ext/867694782/ETHPIC32IntMac.o
 .debug_line    0x000024cc      0x154 build/default/production/_ext/867694782/FTP.o
 .debug_line    0x00002620      0x154 build/default/production/_ext/867694782/FileSystem.o
 .debug_line    0x00002774      0x5bb build/default/production/_ext/867694782/HTTP2.o
 .debug_line    0x00002d2f      0x254 build/default/production/_ext/867694782/Hashes.o
 .debug_line    0x00002f83      0x3cc build/default/production/_ext/867694782/Helpers.o
 .debug_line    0x0000334f      0x154 build/default/production/_ext/867694782/ICMP.o
 .debug_line    0x000034a3      0x208 build/default/production/_ext/867694782/IP.o
 .debug_line    0x000036ab      0x154 build/default/production/_ext/867694782/LCDBlocking.o
 .debug_line    0x000037ff      0x383 build/default/production/_ext/867694782/MPFS2.o
 .debug_line    0x00003b82      0x154 build/default/production/_ext/867694782/NBNS.o
 .debug_line    0x00003cd6      0x154 build/default/production/_ext/867694782/RSA.o
 .debug_line    0x00003e2a      0x154 build/default/production/_ext/867694782/Random.o
 .debug_line    0x00003f7e      0x154 build/default/production/_ext/867694782/Reboot.o
 .debug_line    0x000040d2      0x154 build/default/production/_ext/867694782/SMTP.o
 .debug_line    0x00004226      0x154 build/default/production/_ext/867694782/SNMP.o
 .debug_line    0x0000437a      0x154 build/default/production/_ext/867694782/SNMPv3.o
 .debug_line    0x000044ce      0x154 build/default/production/_ext/867694782/SNMPv3USM.o
 .debug_line    0x00004622      0x21d build/default/production/_ext/867694782/SNTP.o
 .debug_line    0x0000483f      0x154 build/default/production/_ext/867694782/SPIEEPROM.o
 .debug_line    0x00004993      0x154 build/default/production/_ext/867694782/SPIFlash.o
 .debug_line    0x00004ae7      0x154 build/default/production/_ext/867694782/SPIRAM.o
 .debug_line    0x00004c3b      0x154 build/default/production/_ext/867694782/SSL.o
 .debug_line    0x00004d8f      0x208 build/default/production/_ext/867694782/StackTsk.o
 .debug_line    0x00004f97      0xb8e build/default/production/_ext/867694782/TCP.o
 .debug_line    0x00005b25      0x154 build/default/production/_ext/867694782/TCPPerformanceTest.o
 .debug_line    0x00005c79      0x154 build/default/production/_ext/867694782/TFTPc.o
 .debug_line    0x00005dcd      0x154 build/default/production/_ext/867694782/Telnet.o
 .debug_line    0x00005f21      0x1ec build/default/production/_ext/867694782/Tick.o
 .debug_line    0x0000610d      0x1a6 build/default/production/_ext/867694782/UART.o
 .debug_line    0x000062b3      0x154 build/default/production/_ext/867694782/UART2TCPBridge.o
 .debug_line    0x00006407      0x393 build/default/production/_ext/867694782/UDP.o
 .debug_line    0x0000679a      0x154 build/default/production/_ext/867694782/UDPPerformanceTest.o
 .debug_line    0x000068ee      0x154 build/default/production/_ext/867694782/ZeroconfHelper.o
 .debug_line    0x00006a42      0x154 build/default/production/_ext/867694782/ZeroconfLinkLocal.o
 .debug_line    0x00006b96      0x154 build/default/production/_ext/867694782/ZeroconfMulticastDNS.o
 .debug_line    0x00006cea      0x154 build/default/production/_ext/867694782/eth_pic32_ext_phy_rtl8201FL.o
 .debug_line    0x00006e3e      0x552 build/default/production/main.o
 .debug_line    0x00007390      0x49a build/default/production/CustomHTTPApp.o
 .debug_line    0x0000782a      0x162 build/default/production/MPFSImg2.o
 .debug_line    0x0000798c      0x2fa build/default/production/GenericTCPServer.o
 .debug_line    0x00007c86      0x262 build/default/production/MyUart.o
 .debug_line    0x00007ee8      0x1cc build/default/production/UARTConfig.o
 .debug_line    0x000080b4      0x252 build/default/production/I2C.o
 .debug_line    0x00008306      0x227 build/default/production/eeprom.o
 .debug_line    0x0000852d      0x24a build/default/production/HTU21D.o
 .debug_line    0x00008777      0x305 build/default/production/BMP180.o
 .debug_line    0x00008a7c      0x4b0 build/default/production/ST7735.o
 .debug_line    0x00008f2c      0x112 c:/program files (x86)/microchip/mplabc32/v2.02/bin/../lib/gcc/pic32mx/4.5.1\libgcc.a(_udivdi3.o)
 .debug_line    0x0000903e       0x6c c:/program files (x86)/microchip/mplabc32/v2.02/bin/../lib/gcc/pic32mx/4.5.1\libgcc.a(floatunsidf.o)
 .debug_line    0x000090aa       0x90 c:/program files (x86)/microchip/mplabc32/v2.02/bin/../lib/gcc/pic32mx/4.5.1/../../../../pic32mx/lib\libm.a(w_pow.o)
 .debug_line    0x0000913a        0x0 c:/program files (x86)/microchip/mplabc32/v2.02/bin/../lib/gcc/pic32mx/4.5.1/../../../../pic32mx/lib\libm.a(s_lib_ver.o)
 .debug_line    0x0000913a       0xbb c:/program files (x86)/microchip/mplabc32/v2.02/bin/../lib/gcc/pic32mx/4.5.1/../../../../pic32mx/lib\libmchp_peripheral_32MX440F256H.a(soft_reset_lib.o)
 .debug_line    0x000091f5       0x73 c:/program files (x86)/microchip/mplabc32/v2.02/bin/../lib/gcc/pic32mx/4.5.1/../../../../pic32mx/lib\libmchp_peripheral_32MX440F256H.a(int_disable_interrupts_lib.o)
 .debug_line    0x00009268       0x92 c:/program files (x86)/microchip/mplabc32/v2.02/bin/../lib/gcc/pic32mx/4.5.1/../../../../pic32mx/lib\libe.a(_unorddf2.o)
 .debug_line    0x000092fa      0x128 c:/program files (x86)/microchip/mplabc32/v2.02/bin/../lib/gcc/pic32mx/4.5.1\libgcc.a(_umoddi3.o)

.debug_frame    0x00000000     0x2270
 *(.debug_frame)
 .debug_frame   0x00000000       0xcc build/default/production/_ext/867694782/ARP.o
 .debug_frame   0x000000cc       0xb4 build/default/production/_ext/867694782/DNS.o
 .debug_frame   0x00000180       0x74 build/default/production/_ext/867694782/Delay.o
 .debug_frame   0x000001f4      0x36c build/default/production/_ext/867694782/ENC28J60.o
 .debug_frame   0x00000560      0x1b4 build/default/production/_ext/867694782/HTTP2.o
 .debug_frame   0x00000714       0x94 build/default/production/_ext/867694782/Hashes.o
 .debug_frame   0x000007a8      0x1b8 build/default/production/_ext/867694782/Helpers.o
 .debug_frame   0x00000960       0x80 build/default/production/_ext/867694782/IP.o
 .debug_frame   0x000009e0      0x230 build/default/production/_ext/867694782/MPFS2.o
 .debug_frame   0x00000c10       0x48 build/default/production/_ext/867694782/SNTP.o
 .debug_frame   0x00000c58       0x64 build/default/production/_ext/867694782/StackTsk.o
 .debug_frame   0x00000cbc      0x39c build/default/production/_ext/867694782/TCP.o
 .debug_frame   0x00001058       0xcc build/default/production/_ext/867694782/Tick.o
 .debug_frame   0x00001124       0x44 build/default/production/_ext/867694782/UART.o
 .debug_frame   0x00001168      0x200 build/default/production/_ext/867694782/UDP.o
 .debug_frame   0x00001368      0x174 build/default/production/main.o
 .debug_frame   0x000014dc      0x420 build/default/production/CustomHTTPApp.o
 .debug_frame   0x000018fc       0x2c build/default/production/GenericTCPServer.o
 .debug_frame   0x00001928      0x120 build/default/production/MyUart.o
 .debug_frame   0x00001a48       0x2c build/default/production/UARTConfig.o
 .debug_frame   0x00001a74      0x120 build/default/production/I2C.o
 .debug_frame   0x00001b94       0x68 build/default/production/eeprom.o
 .debug_frame   0x00001bfc       0x80 build/default/production/HTU21D.o
 .debug_frame   0x00001c7c      0x174 build/default/production/BMP180.o
 .debug_frame   0x00001df0      0x3bc build/default/production/ST7735.o
 .debug_frame   0x000021ac       0x28 c:/program files (x86)/microchip/mplabc32/v2.02/bin/../lib/gcc/pic32mx/4.5.1\libgcc.a(floatunsidf.o)
 .debug_frame   0x000021d4       0x34 c:/program files (x86)/microchip/mplabc32/v2.02/bin/../lib/gcc/pic32mx/4.5.1/../../../../pic32mx/lib\libm.a(w_pow.o)
 .debug_frame   0x00002208       0x28 c:/program files (x86)/microchip/mplabc32/v2.02/bin/../lib/gcc/pic32mx/4.5.1/../../../../pic32mx/lib\libmchp_peripheral_32MX440F256H.a(soft_reset_lib.o)
 .debug_frame   0x00002230       0x20 c:/program files (x86)/microchip/mplabc32/v2.02/bin/../lib/gcc/pic32mx/4.5.1/../../../../pic32mx/lib\libmchp_peripheral_32MX440F256H.a(int_disable_interrupts_lib.o)
 .debug_frame   0x00002250       0x20 c:/program files (x86)/microchip/mplabc32/v2.02/bin/../lib/gcc/pic32mx/4.5.1/../../../../pic32mx/lib\libe.a(_unorddf2.o)

.debug_str      0x00000000     0x41d7
 *(.debug_str)
 .debug_str     0x00000000       0xe2 build/default/production/Include/WF_Config.o
 .debug_str     0x000000e2       0xe2 build/default/production/_ext/867694782/ARCFOUR.o
 .debug_str     0x000001c4       0xfa build/default/production/_ext/867694782/ARP.o
 .debug_str     0x000002be       0xe2 build/default/production/_ext/867694782/Announce.o
 .debug_str     0x000003a0       0xe2 build/default/production/_ext/867694782/AutoIP.o
 .debug_str     0x00000482       0xe2 build/default/production/_ext/867694782/BerkeleyAPI.o
 .debug_str     0x00000564       0xe2 build/default/production/_ext/867694782/BigInt.o
 .debug_str     0x00000646       0xe2 build/default/production/_ext/867694782/DHCP.o
 .debug_str     0x00000728       0xe2 build/default/production/_ext/867694782/DHCPs.o
 .debug_str     0x0000080a       0xec build/default/production/_ext/867694782/DNS.o
 .debug_str     0x000008f6       0xe2 build/default/production/_ext/867694782/DNSs.o
 .debug_str     0x000009d8       0xe2 build/default/production/_ext/867694782/Delay.o
 .debug_str     0x00000aba       0xe2 build/default/production/_ext/867694782/DynDNS.o
 .debug_str     0x00000b9c      0x199 build/default/production/_ext/867694782/ENC28J60.o
 .debug_str     0x00000d35       0xe2 build/default/production/_ext/867694782/ENCX24J600.o
 .debug_str     0x00000e17       0xe2 build/default/production/_ext/867694782/ETH97J60.o
 .debug_str     0x00000ef9       0xe2 build/default/production/_ext/867694782/ETHPIC32ExtPhy.o
 .debug_str     0x00000fdb       0xe2 build/default/production/_ext/867694782/ETHPIC32ExtPhyDP83640.o
 .debug_str     0x000010bd       0xe2 build/default/production/_ext/867694782/ETHPIC32ExtPhyDP83848.o
 .debug_str     0x0000119f       0xe2 build/default/production/_ext/867694782/ETHPIC32ExtPhySMSC8700.o
 .debug_str     0x00001281       0xe2 build/default/production/_ext/867694782/ETHPIC32ExtPhySMSC8720.o
 .debug_str     0x00001363       0xe2 build/default/production/_ext/867694782/ETHPIC32IntMac.o
 .debug_str     0x00001445       0xe2 build/default/production/_ext/867694782/FTP.o
 .debug_str     0x00001527       0xe2 build/default/production/_ext/867694782/FileSystem.o
 .debug_str     0x00001609      0x10e build/default/production/_ext/867694782/HTTP2.o
 .debug_str     0x00001717       0xf3 build/default/production/_ext/867694782/Hashes.o
 .debug_str     0x0000180a       0xf5 build/default/production/_ext/867694782/Helpers.o
 .debug_str     0x000018ff       0xe2 build/default/production/_ext/867694782/ICMP.o
 .debug_str     0x000019e1       0xf5 build/default/production/_ext/867694782/IP.o
 .debug_str     0x00001ad6       0xe2 build/default/production/_ext/867694782/LCDBlocking.o
 .debug_str     0x00001bb8      0x106 build/default/production/_ext/867694782/MPFS2.o
 .debug_str     0x00001cbe       0xe2 build/default/production/_ext/867694782/NBNS.o
 .debug_str     0x00001da0       0xe2 build/default/production/_ext/867694782/RSA.o
 .debug_str     0x00001e82       0xe2 build/default/production/_ext/867694782/Random.o
 .debug_str     0x00001f64       0xe2 build/default/production/_ext/867694782/Reboot.o
 .debug_str     0x00002046       0xe2 build/default/production/_ext/867694782/SMTP.o
 .debug_str     0x00002128       0xe2 build/default/production/_ext/867694782/SNMP.o
 .debug_str     0x0000220a       0xe2 build/default/production/_ext/867694782/SNMPv3.o
 .debug_str     0x000022ec       0xe2 build/default/production/_ext/867694782/SNMPv3USM.o
 .debug_str     0x000023ce       0xe2 build/default/production/_ext/867694782/SNTP.o
 .debug_str     0x000024b0       0xe2 build/default/production/_ext/867694782/SPIEEPROM.o
 .debug_str     0x00002592       0xe2 build/default/production/_ext/867694782/SPIFlash.o
 .debug_str     0x00002674       0xe2 build/default/production/_ext/867694782/SPIRAM.o
 .debug_str     0x00002756       0xe2 build/default/production/_ext/867694782/SSL.o
 .debug_str     0x00002838       0xed build/default/production/_ext/867694782/StackTsk.o
 .debug_str     0x00002925      0x1ad build/default/production/_ext/867694782/TCP.o
 .debug_str     0x00002ad2       0xe2 build/default/production/_ext/867694782/TCPPerformanceTest.o
 .debug_str     0x00002bb4       0xe2 build/default/production/_ext/867694782/TFTPc.o
 .debug_str     0x00002c96       0xe2 build/default/production/_ext/867694782/Telnet.o
 .debug_str     0x00002d78       0xfe build/default/production/_ext/867694782/Tick.o
 .debug_str     0x00002e76       0xec build/default/production/_ext/867694782/UART.o
 .debug_str     0x00002f62       0xe2 build/default/production/_ext/867694782/UART2TCPBridge.o
 .debug_str     0x00003044      0x161 build/default/production/_ext/867694782/UDP.o
 .debug_str     0x000031a5       0xe2 build/default/production/_ext/867694782/UDPPerformanceTest.o
 .debug_str     0x00003287       0xe2 build/default/production/_ext/867694782/ZeroconfHelper.o
 .debug_str     0x00003369       0xe2 build/default/production/_ext/867694782/ZeroconfLinkLocal.o
 .debug_str     0x0000344b       0xe2 build/default/production/_ext/867694782/ZeroconfMulticastDNS.o
 .debug_str     0x0000352d       0xe2 build/default/production/_ext/867694782/eth_pic32_ext_phy_rtl8201FL.o
 .debug_str     0x0000360f      0x186 build/default/production/main.o
 .debug_str     0x00003795      0x143 build/default/production/CustomHTTPApp.o
 .debug_str     0x000038d8       0xe2 build/default/production/MPFSImg2.o
 .debug_str     0x000039ba      0x11d build/default/production/GenericTCPServer.o
 .debug_str     0x00003ad7      0x10e build/default/production/MyUart.o
 .debug_str     0x00003be5       0xec build/default/production/UARTConfig.o
 .debug_str     0x00003cd1      0x10e build/default/production/I2C.o
 .debug_str     0x00003ddf       0xf5 build/default/production/eeprom.o
 .debug_str     0x00003ed4       0xea build/default/production/HTU21D.o
 .debug_str     0x00003fbe       0xee build/default/production/BMP180.o
 .debug_str     0x000040ac      0x12b build/default/production/ST7735.o
 .debug_str     0x000041d7        0x0 c:/program files (x86)/microchip/mplabc32/v2.02/bin/../lib/gcc/pic32mx/4.5.1\libgcc.a(_udivdi3.o)
 .debug_str     0x000041d7        0x0 c:/program files (x86)/microchip/mplabc32/v2.02/bin/../lib/gcc/pic32mx/4.5.1\libgcc.a(floatunsidf.o)
 .debug_str     0x000041d7        0x0 c:/program files (x86)/microchip/mplabc32/v2.02/bin/../lib/gcc/pic32mx/4.5.1/../../../../pic32mx/lib\libm.a(w_pow.o)
 .debug_str     0x000041d7        0x0 c:/program files (x86)/microchip/mplabc32/v2.02/bin/../lib/gcc/pic32mx/4.5.1/../../../../pic32mx/lib\libm.a(s_lib_ver.o)
 .debug_str     0x000041d7        0x0 c:/program files (x86)/microchip/mplabc32/v2.02/bin/../lib/gcc/pic32mx/4.5.1/../../../../pic32mx/lib\libmchp_peripheral_32MX440F256H.a(soft_reset_lib.o)
 .debug_str     0x000041d7        0x0 c:/program files (x86)/microchip/mplabc32/v2.02/bin/../lib/gcc/pic32mx/4.5.1/../../../../pic32mx/lib\libmchp_peripheral_32MX440F256H.a(int_disable_interrupts_lib.o)
 .debug_str     0x000041d7        0x0 c:/program files (x86)/microchip/mplabc32/v2.02/bin/../lib/gcc/pic32mx/4.5.1/../../../../pic32mx/lib\libe.a(_unorddf2.o)
 .debug_str     0x000041d7        0x0 c:/program files (x86)/microchip/mplabc32/v2.02/bin/../lib/gcc/pic32mx/4.5.1\libgcc.a(_umoddi3.o)

.debug_loc      0x00000000     0x14d8
 *(.debug_loc)
 .debug_loc     0x00000000      0xa47 c:/program files (x86)/microchip/mplabc32/v2.02/bin/../lib/gcc/pic32mx/4.5.1\libgcc.a(_udivdi3.o)
 .debug_loc     0x00000a47       0x74 c:/program files (x86)/microchip/mplabc32/v2.02/bin/../lib/gcc/pic32mx/4.5.1\libgcc.a(floatunsidf.o)
 .debug_loc     0x00000abb      0xa1d c:/program files (x86)/microchip/mplabc32/v2.02/bin/../lib/gcc/pic32mx/4.5.1\libgcc.a(_umoddi3.o)

.debug_macinfo
 *(.debug_macinfo)

.debug_weaknames
 *(.debug_weaknames)

.debug_funcnames
 *(.debug_funcnames)

.debug_typenames
 *(.debug_typenames)

.debug_varnames
 *(.debug_varnames)

.debug_pubtypes
                0x00000000     0x41cd
 *(.debug_pubtypes)
 .debug_pubtypes
                0x00000000       0xbd build/default/production/Include/WF_Config.o
 .debug_pubtypes
                0x000000bd       0xbd build/default/production/_ext/867694782/ARCFOUR.o
 .debug_pubtypes
                0x0000017a      0x154 build/default/production/_ext/867694782/ARP.o
 .debug_pubtypes
                0x000002ce       0xbd build/default/production/_ext/867694782/Announce.o
 .debug_pubtypes
                0x0000038b       0xbd build/default/production/_ext/867694782/AutoIP.o
 .debug_pubtypes
                0x00000448       0xbd build/default/production/_ext/867694782/BerkeleyAPI.o
 .debug_pubtypes
                0x00000505       0xbd build/default/production/_ext/867694782/BigInt.o
 .debug_pubtypes
                0x000005c2       0xbd build/default/production/_ext/867694782/DHCP.o
 .debug_pubtypes
                0x0000067f       0xbd build/default/production/_ext/867694782/DHCPs.o
 .debug_pubtypes
                0x0000073c      0x183 build/default/production/_ext/867694782/DNS.o
 .debug_pubtypes
                0x000008bf       0xbd build/default/production/_ext/867694782/DNSs.o
 .debug_pubtypes
                0x0000097c       0xd0 build/default/production/_ext/867694782/Delay.o
 .debug_pubtypes
                0x00000a4c       0xbd build/default/production/_ext/867694782/DynDNS.o
 .debug_pubtypes
                0x00000b09      0x1d8 build/default/production/_ext/867694782/ENC28J60.o
 .debug_pubtypes
                0x00000ce1       0xbd build/default/production/_ext/867694782/ENCX24J600.o
 .debug_pubtypes
                0x00000d9e       0xbd build/default/production/_ext/867694782/ETH97J60.o
 .debug_pubtypes
                0x00000e5b       0xbd build/default/production/_ext/867694782/ETHPIC32ExtPhy.o
 .debug_pubtypes
                0x00000f18       0xbd build/default/production/_ext/867694782/ETHPIC32ExtPhyDP83640.o
 .debug_pubtypes
                0x00000fd5       0xbd build/default/production/_ext/867694782/ETHPIC32ExtPhyDP83848.o
 .debug_pubtypes
                0x00001092       0xbd build/default/production/_ext/867694782/ETHPIC32ExtPhySMSC8700.o
 .debug_pubtypes
                0x0000114f       0xbd build/default/production/_ext/867694782/ETHPIC32ExtPhySMSC8720.o
 .debug_pubtypes
                0x0000120c       0xbd build/default/production/_ext/867694782/ETHPIC32IntMac.o
 .debug_pubtypes
                0x000012c9       0xbd build/default/production/_ext/867694782/FTP.o
 .debug_pubtypes
                0x00001386       0xbd build/default/production/_ext/867694782/FileSystem.o
 .debug_pubtypes
                0x00001443      0x19a build/default/production/_ext/867694782/HTTP2.o
 .debug_pubtypes
                0x000015dd       0xf4 build/default/production/_ext/867694782/Hashes.o
 .debug_pubtypes
                0x000016d1      0x13d build/default/production/_ext/867694782/Helpers.o
 .debug_pubtypes
                0x0000180e       0xbd build/default/production/_ext/867694782/ICMP.o
 .debug_pubtypes
                0x000018cb      0x162 build/default/production/_ext/867694782/IP.o
 .debug_pubtypes
                0x00001a2d       0xbd build/default/production/_ext/867694782/LCDBlocking.o
 .debug_pubtypes
                0x00001aea      0x13e build/default/production/_ext/867694782/MPFS2.o
 .debug_pubtypes
                0x00001c28       0xbd build/default/production/_ext/867694782/NBNS.o
 .debug_pubtypes
                0x00001ce5       0xbd build/default/production/_ext/867694782/RSA.o
 .debug_pubtypes
                0x00001da2       0xbd build/default/production/_ext/867694782/Random.o
 .debug_pubtypes
                0x00001e5f       0xbd build/default/production/_ext/867694782/Reboot.o
 .debug_pubtypes
                0x00001f1c       0xbd build/default/production/_ext/867694782/SMTP.o
 .debug_pubtypes
                0x00001fd9       0xbd build/default/production/_ext/867694782/SNMP.o
 .debug_pubtypes
                0x00002096       0xbd build/default/production/_ext/867694782/SNMPv3.o
 .debug_pubtypes
                0x00002153       0xbd build/default/production/_ext/867694782/SNMPv3USM.o
 .debug_pubtypes
                0x00002210      0x114 build/default/production/_ext/867694782/SNTP.o
 .debug_pubtypes
                0x00002324       0xbd build/default/production/_ext/867694782/SPIEEPROM.o
 .debug_pubtypes
                0x000023e1       0xbd build/default/production/_ext/867694782/SPIFlash.o
 .debug_pubtypes
                0x0000249e       0xbd build/default/production/_ext/867694782/SPIRAM.o
 .debug_pubtypes
                0x0000255b       0xbd build/default/production/_ext/867694782/SSL.o
 .debug_pubtypes
                0x00002618      0x12f build/default/production/_ext/867694782/StackTsk.o
 .debug_pubtypes
                0x00002747      0x1fa build/default/production/_ext/867694782/TCP.o
 .debug_pubtypes
                0x00002941       0xbd build/default/production/_ext/867694782/TCPPerformanceTest.o
 .debug_pubtypes
                0x000029fe       0xbd build/default/production/_ext/867694782/TFTPc.o
 .debug_pubtypes
                0x00002abb       0xbd build/default/production/_ext/867694782/Telnet.o
 .debug_pubtypes
                0x00002b78      0x11a build/default/production/_ext/867694782/Tick.o
 .debug_pubtypes
                0x00002c92       0xd8 build/default/production/_ext/867694782/UART.o
 .debug_pubtypes
                0x00002d6a       0xbd build/default/production/_ext/867694782/UART2TCPBridge.o
 .debug_pubtypes
                0x00002e27      0x1c1 build/default/production/_ext/867694782/UDP.o
 .debug_pubtypes
                0x00002fe8       0xbd build/default/production/_ext/867694782/UDPPerformanceTest.o
 .debug_pubtypes
                0x000030a5       0xbd build/default/production/_ext/867694782/ZeroconfHelper.o
 .debug_pubtypes
                0x00003162       0xbd build/default/production/_ext/867694782/ZeroconfLinkLocal.o
 .debug_pubtypes
                0x0000321f       0xbd build/default/production/_ext/867694782/ZeroconfMulticastDNS.o
 .debug_pubtypes
                0x000032dc       0xbd build/default/production/_ext/867694782/eth_pic32_ext_phy_rtl8201FL.o
 .debug_pubtypes
                0x00003399      0x25c build/default/production/main.o
 .debug_pubtypes
                0x000035f5      0x1f3 build/default/production/CustomHTTPApp.o
 .debug_pubtypes
                0x000037e8       0xc6 build/default/production/MPFSImg2.o
 .debug_pubtypes
                0x000038ae      0x15a build/default/production/GenericTCPServer.o
 .debug_pubtypes
                0x00003a08      0x108 build/default/production/MyUart.o
 .debug_pubtypes