Archive member included because of file (symbol)

c:/program files (x86)/microchip/mplabc32/v2.02/bin/../lib/gcc/pic32mx/4.5.1\libgcc.a(_udivdi3.o)
                              build/default/production/_ext/867694782/Tick.o (__udivdi3)
c:/program files (x86)/microchip/mplabc32/v2.02/bin/../lib/gcc/pic32mx/4.5.1\libgcc.a(_umoddi3.o)
                              build/default/production/_ext/867694782/DHCP.o (__umoddi3)
c:/program files (x86)/microchip/mplabc32/v2.02/bin/../lib/gcc/pic32mx/4.5.1\libgcc.a(floatunsidf.o)
                              build/default/production/HTU21D.o (__floatunsidf)
c:/program files (x86)/microchip/mplabc32/v2.02/bin/../lib/gcc/pic32mx/4.5.1/../../../../pic32mx/lib\liblega-c.a(memcmp.o)
                              build/default/production/_ext/867694782/MPFS2.o (memcmp)
c:/program files (x86)/microchip/mplabc32/v2.02/bin/../lib/gcc/pic32mx/4.5.1/../../../../pic32mx/lib\liblega-c.a(memcpy.o)
                              build/default/production/TCPServer.o (memcpy)
c:/program files (x86)/microchip/mplabc32/v2.02/bin/../lib/gcc/pic32mx/4.5.1/../../../../pic32mx/lib\liblega-c.a(memset.o)
                              build/default/production/_ext/221508487/debug_ram_buffer.o (memset)
c:/program files (x86)/microchip/mplabc32/v2.02/bin/../lib/gcc/pic32mx/4.5.1/../../../../pic32mx/lib\liblega-c.a(strcmp.o)
                              build/default/production/_ext/867694782/DynDNS.o (strcmp)
c:/program files (x86)/microchip/mplabc32/v2.02/bin/../lib/gcc/pic32mx/4.5.1/../../../../pic32mx/lib\liblega-c.a(strlen.o)
                              build/default/production/ST7735.o (strlen)
c:/program files (x86)/microchip/mplabc32/v2.02/bin/../lib/gcc/pic32mx/4.5.1/../../../../pic32mx/lib\liblega-c.a(legacy-general-exception.o)
                              c:/program files (x86)/microchip/mplabc32/v2.02/bin/../lib/gcc/pic32mx/4.5.1/../../../../pic32mx/lib/crt0.o (_general_exception_context)
c:/program files (x86)/microchip/mplabc32/v2.02/bin/../lib/gcc/pic32mx/4.5.1/../../../../pic32mx/lib\liblega-c.a(strncpy.o)
                              build/default/production/_ext/867694782/Helpers.o (strncpy)
c:/program files (x86)/microchip/mplabc32/v2.02/bin/../lib/gcc/pic32mx/4.5.1/../../../../pic32mx/lib\liblega-c.a(atoi.o)
                              build/default/production/TCPServer.o (atoi)
c:/program files (x86)/microchip/mplabc32/v2.02/bin/../lib/gcc/pic32mx/4.5.1/../../../../pic32mx/lib\liblega-c.a(strtol.o)
                              c:/program files (x86)/microchip/mplabc32/v2.02/bin/../lib/gcc/pic32mx/4.5.1/../../../../pic32mx/lib\liblega-c.a(atoi.o) (strtol)
c:/program files (x86)/microchip/mplabc32/v2.02/bin/../lib/gcc/pic32mx/4.5.1/../../../../pic32mx/lib\liblega-c.a(sprintf.o)
                              build/default/production/TCPServer.o (sprintf)
c:/program files (x86)/microchip/mplabc32/v2.02/bin/../lib/gcc/pic32mx/4.5.1/../../../../pic32mx/lib\liblega-c.a(__vsnprintf.o)
                              c:/program files (x86)/microchip/mplabc32/v2.02/bin/../lib/gcc/pic32mx/4.5.1/../../../../pic32mx/lib\liblega-c.a(sprintf.o) (__vsnprintf)
c:/program files (x86)/microchip/mplabc32/v2.02/bin/../lib/gcc/pic32mx/4.5.1/../../../../pic32mx/lib\liblega-c.a(localtime.o)
                              build/default/production/main.o (localtime)
c:/program files (x86)/microchip/mplabc32/v2.02/bin/../lib/gcc/pic32mx/4.5.1/../../../../pic32mx/lib\liblega-c.a(offtime.o)
                              c:/program files (x86)/microchip/mplabc32/v2.02/bin/../lib/gcc/pic32mx/4.5.1/../../../../pic32mx/lib\liblega-c.a(localtime.o) (offtime_r)
c:/program files (x86)/microchip/mplabc32/v2.02/bin/../lib/gcc/pic32mx/4.5.1/../../../../pic32mx/lib\liblega-c.a(strftime.o)
                              build/default/production/main.o (strftime)
c:/program files (x86)/microchip/mplabc32/v2.02/bin/../lib/gcc/pic32mx/4.5.1/../../../../pic32mx/lib\liblega-c.a(stubs.o)
                              c:/program files (x86)/microchip/mplabc32/v2.02/bin/../lib/gcc/pic32mx/4.5.1/../../../../pic32mx/lib\liblega-c.a(localtime.o) (pthread_mutex_lock)
c:/program files (x86)/microchip/mplabc32/v2.02/bin/../lib/gcc/pic32mx/4.5.1/../../../../pic32mx/lib\liblega-c.a(default-bootstrap-exception-handler.o)
                              c:/program files (x86)/microchip/mplabc32/v2.02/bin/../lib/gcc/pic32mx/4.5.1/../../../../pic32mx/lib/crt0.o (_bootstrap_exception_handler)
c:/program files (x86)/microchip/mplabc32/v2.02/bin/../lib/gcc/pic32mx/4.5.1/../../../../pic32mx/lib\liblega-c.a(default-on-reset.o)
                              c:/program files (x86)/microchip/mplabc32/v2.02/bin/../lib/gcc/pic32mx/4.5.1/../../../../pic32mx/lib/crt0.o (_on_reset)
c:/program files (x86)/microchip/mplabc32/v2.02/bin/../lib/gcc/pic32mx/4.5.1/../../../../pic32mx/lib\liblega-c.a(default-on-bootstrap.o)
[...]
Memory Configuration

Name             Origin             Length             Attributes
kseg0_program_mem 0x9d000000         0x00040000         xr
kseg0_boot_mem   0x9fc00490         0x00000970
exception_mem    0x9fc01000         0x00001000
kseg1_boot_mem   0xbfc00000         0x00000490
debug_exec_mem   0xbfc02000         0x00000ff0
config3          0xbfc02ff0         0x00000004
config2          0xbfc02ff4         0x00000004
config1          0xbfc02ff8         0x00000004
config0          0xbfc02ffc         0x00000004
kseg1_data_mem   0xa0000000         0x00008000         w !x
sfrs             0xbf800000         0x00100000
configsfrs       0xbfc02ff0         0x00000010
*default*        0x00000000         0xffffffff

Linker script and memory map

LOAD c:/program files (x86)/microchip/mplabc32/v2.02/bin/../lib/gcc/pic32mx/4.5.1/../../../../pic32mx/lib/crt0.o
LOAD build/default/production/_ext/221508487/debug_ram_buffer.o
LOAD build/default/production/TCPServer.o
LOAD build/default/production/ST7735.o
LOAD build/default/production/main.o
LOAD build/default/production/I2C.o
LOAD build/default/production/MPFSImg2.o
LOAD build/default/production/rtcc.o
LOAD build/default/production/HTU21D.o
LOAD build/default/production/BMP180.o
LOAD build/default/production/CustomHTTPApp.o
LOAD build/default/production/TCPClient.o
LOAD build/default/production/eeprom.o
LOAD build/default/production/_ext/867694782/Announce.o
LOAD build/default/production/_ext/867694782/ARCFOUR.o
LOAD build/default/production/_ext/867694782/ARP.o
LOAD build/default/production/_ext/867694782/AutoIP.o
LOAD build/default/production/_ext/867694782/BerkeleyAPI.o
LOAD build/default/production/_ext/867694782/BigInt.o
LOAD build/default/production/_ext/867694782/Delay.o
LOAD build/default/production/_ext/867694782/DHCP.o
LOAD build/default/production/_ext/867694782/DHCPs.o
LOAD build/default/production/_ext/867694782/DNS.o
LOAD build/default/production/_ext/867694782/DNSs.o
LOAD build/default/production/_ext/867694782/DynDNS.o
LOAD build/default/production/_ext/867694782/ENC28J60.o
LOAD build/default/production/_ext/867694782/ENCX24J600.o
LOAD build/default/production/_ext/867694782/ETH97J60.o
LOAD build/default/production/_ext/867694782/ETHPIC32ExtPhy.o
LOAD build/default/production/_ext/867694782/ETHPIC32ExtPhyDP83640.o
LOAD build/default/production/_ext/867694782/ETHPIC32ExtPhyDP83848.o
LOAD build/default/production/_ext/867694782/ETHPIC32ExtPhySMSC8700.o
LOAD build/default/production/_ext/867694782/ETHPIC32ExtPhySMSC8720.o
LOAD build/default/production/_ext/867694782/ETHPIC32IntMac.o
LOAD build/default/production/_ext/867694782/eth_pic32_ext_phy_rtl8201FL.o
LOAD build/default/production/_ext/867694782/FileSystem.o
LOAD build/default/production/_ext/867694782/FTP.o
LOAD build/default/production/_ext/867694782/Hashes.o
LOAD build/default/production/_ext/867694782/Helpers.o
LOAD build/default/production/_ext/867694782/HTTP2.o
LOAD build/default/production/_ext/867694782/ICMP.o
LOAD build/default/production/_ext/867694782/IP.o
LOAD build/default/production/_ext/867694782/MPFS2.o
LOAD build/default/production/_ext/867694782/NBNS.o
LOAD build/default/production/_ext/867694782/Random.o
LOAD build/default/production/_ext/867694782/Reboot.o
LOAD build/default/production/_ext/867694782/RSA.o
LOAD build/default/production/_ext/867694782/SMTP.o
LOAD build/default/production/_ext/867694782/SNMP.o
LOAD build/default/production/_ext/867694782/SNMPv3.o
LOAD build/default/production/_ext/867694782/SNMPv3USM.o
LOAD build/default/production/_ext/867694782/SNTP.o
LOAD build/default/production/_ext/867694782/SPIEEPROM.o
LOAD build/default/production/_ext/867694782/SPIFlash.o
LOAD build/default/production/_ext/867694782/SPIRAM.o
LOAD build/default/production/_ext/867694782/SSL.o
LOAD build/default/production/_ext/867694782/StackTsk.o
LOAD build/default/production/_ext/867694782/TCP.o
LOAD build/default/production/_ext/867694782/TCPPerformanceTest.o
LOAD build/default/production/_ext/867694782/Telnet.o
LOAD build/default/production/_ext/867694782/TFTPc.o
LOAD build/default/production/_ext/867694782/Tick.o
LOAD build/default/production/_ext/867694782/UART.o
LOAD build/default/production/_ext/867694782/UART2TCPBridge.o
LOAD build/default/production/_ext/867694782/UDP.o
LOAD build/default/production/_ext/867694782/UDPPerformanceTest.o
LOAD build/default/production/_ext/867694782/ZeroconfHelper.o
LOAD build/default/production/_ext/867694782/ZeroconfLinkLocal.o
LOAD build/default/production/_ext/867694782/ZeroconfMulticastDNS.o
LOAD build/default/production/TCPRemoteData.o
                0x00000001                __MPLAB_BUILD = 0x1
LOAD c:/program files (x86)/microchip/mplabc32/v2.02/bin/../lib/gcc/pic32mx/4.5.1\libgcc.a
START GROUP
LOAD c:/program files (x86)/microchip/mplabc32/v2.02/bin/../lib/gcc/pic32mx/4.5.1/../../../../pic32mx/lib\libdebug.a
LOAD c:/program files (x86)/microchip/mplabc32/v2.02/bin/../lib/gcc/pic32mx/4.5.1/../../../../pic32mx/lib\liblega-c.a
LOAD c:/program files (x86)/microchip/mplabc32/v2.02/bin/../lib/gcc/pic32mx/4.5.1/../../../../pic32mx/lib\libm.a
LOAD c:/program files (x86)/microchip/mplabc32/v2.02/bin/../lib/gcc/pic32mx/4.5.1/../../../../pic32mx/lib\libe.a
LOAD c:/program files (x86)/microchip/mplabc32/v2.02/bin/../lib/gcc/pic32mx/4.5.1/../../../../pic32mx/lib\libdsp.a
LOAD c:/program files (x86)/microchip/mplabc32/v2.02/bin/../lib/gcc/pic32mx/4.5.1/../../../../pic32mx/lib\libmchp_peripheral.a
LOAD c:/program files (x86)/microchip/mplabc32/v2.02/bin/../lib/gcc/pic32mx/4.5.1/../../../../pic32mx/lib\libmchp_peripheral_32MX440F256H.a
END GROUP
LOAD c:/program files (x86)/microchip/mplabc32/v2.02/bin/../lib/gcc/pic32mx/4.5.1\libgcc.a
                0x00000400                PROVIDE (_min_stack_size, 0x400)
                0x00000000                PROVIDE (_min_heap_size, 0x0)
LOAD c:/program files (x86)/microchip/mplabc32/v2.02/bin/../lib/gcc/pic32mx/4.5.1/../../../../pic32mx/lib/./proc/32MX440F256H\processor.o
                0x00000001                PROVIDE (_vector_spacing, 0x1)
                0x9fc01000                _ebase_address = 0x9fc01000
                0xbfc00000                _RESET_ADDR = 0xbfc00000
                0xbfc00380                _BEV_EXCPT_ADDR = 0xbfc00380
                0xbfc00480                _DBG_EXCPT_ADDR = 0xbfc00480
                0xbfc02000                _DBG_CODE_ADDR = 0xbfc02000
                0x00000ff0                _DBG_CODE_SIZE = 0xff0
                0x9fc01180                _GEN_EXCPT_ADDR = (_ebase_address + 0x180)

.config_BFC02FF0
 *(.config_BFC02FF0)

.config_BFC02FF4
                0xbfc02ff4        0x4
 *(.config_BFC02FF4)
 .config_BFC02FF4
                0xbfc02ff4        0x4 build/default/production/main.o

.config_BFC02FF8
                0xbfc02ff8        0x4
 *(.config_BFC02FF8)
 .config_BFC02FF8
                0xbfc02ff8        0x4 build/default/production/main.o

.config_BFC02FFC
                0xbfc02ffc        0x4
 *(.config_BFC02FFC)
 .config_BFC02FFC
                0xbfc02ffc        0x4 build/default/production/main.o
                0xbfc02000                PROVIDE (_DBG_CODE_ADDR, 0xbfc02000)
                0x00000ff0                PROVIDE (_DBG_CODE_SIZE, 0xff0)

.reset          0xbfc00000      0x1f4
 *(.reset)
 .reset         0xbfc00000       0x10 c:/program files (x86)/microchip/mplabc32/v2.02/bin/../lib/gcc/pic32mx/4.5.1/../../../../pic32mx/lib/crt0.o
                0xbfc00000                _reset
 *(.reset.startup)
 .reset.startup
                0xbfc00010      0x1e4 c:/program files (x86)/microchip/mplabc32/v2.02/bin/../lib/gcc/pic32mx/4.5.1/../../../../pic32mx/lib/crt0.o

.bev_excpt      0xbfc00380       0x10
 *(.bev_handler)
 .bev_handler   0xbfc00380       0x10 c:/program files (x86)/microchip/mplabc32/v2.02/bin/../lib/gcc/pic32mx/4.5.1/../../../../pic32mx/lib/crt0.o

.dbg_excpt      0xbfc00480        0x0
                0xbfc00480                . = (. + DEFINED (_DEBUGGER)?0x8:0x0)

.dbg_code       0xbfc02000        0x0
                0xbfc02000                . = (. + DEFINED (_DEBUGGER)?_DBG_CODE_SIZE:0x0)

.app_excpt      0x9fc01180       0x10
 *(.gen_handler)
 .gen_handler   0x9fc01180       0x10 c:/program files (x86)/microchip/mplabc32/v2.02/bin/../lib/gcc/pic32mx/4.5.1/../../../../pic32mx/lib/crt0.o

.vector_0       0x9fc01200        0x0
 *(.vector_0)
                0x00000001                ASSERT (((_vector_spacing == 0x0) || (SIZEOF (.vector_0) <= (_vector_spacing << 0x5))), function at exception vector 0 too large)

.vector_1       0x9fc01220        0x0
 *(.vector_1)
                0x00000001                ASSERT (((_vector_spacing == 0x0) || (SIZEOF (.vector_1) <= (_vector_spacing << 0x5))), function at exception vector 1 too large)

.vector_2       0x9fc01240        0x0
 *(.vector_2)
                0x00000001                ASSERT (((_vector_spacing == 0x0) || (SIZEOF (.vector_2) <= (_vector_spacing << 0x5))), function at exception vector 2 too large)

.vector_3       0x9fc01260        0x0
 *(.vector_3)
                0x00000001                ASSERT (((_vector_spacing == 0x0) || (SIZEOF (.vector_3) <= (_vector_spacing << 0x5))), function at exception vector 3 too large)

.vector_4       0x9fc01280        0x8
 *(.vector_4)
 .vector_4      0x9fc01280        0x8 build/default/production/_ext/867694782/Tick.o
                0x00000001                ASSERT (((_vector_spacing == 0x0) || (SIZEOF (.vector_4) <= (_vector_spacing << 0x5))), function at exception vector 4 too large)

.vector_5       0x9fc012a0        0x0
 *(.vector_5)
                0x00000001                ASSERT (((_vector_spacing == 0x0) || (SIZEOF (.vector_5) <= (_vector_spacing << 0x5))), function at exception vector 5 too large)

.vector_6       0x9fc012c0        0x0
 *(.vector_6)
                0x00000001                ASSERT (((_vector_spacing == 0x0) || (SIZEOF (.vector_6) <= (_vector_spacing << 0x5))), function at exception vector 6 too large)

.vector_7       0x9fc012e0        0x0
 *(.vector_7)
                0x00000001                ASSERT (((_vector_spacing == 0x0) || (SIZEOF (.vector_7) <= (_vector_spacing << 0x5))), function at exception vector 7 too large)

.vector_8       0x9fc01300        0x0
 *(.vector_8)
                0x00000001                ASSERT (((_vector_spacing == 0x0) || (SIZEOF (.vector_8) <= (_vector_spacing << 0x5))), function at exception vector 8 too large)

.vector_9       0x9fc01320        0x0
 *(.vector_9)
                0x00000001                ASSERT (((_vector_spacing == 0x0) || (SIZEOF (.vector_9) <= (_vector_spacing << 0x5))), function at exception vector 9 too large)

.vector_10      0x9fc01340        0x0
 *(.vector_10)
                0x00000001                ASSERT (((_vector_spacing == 0x0) || (SIZEOF (.vector_10) <= (_vector_spacing << 0x5))), function at exception vector 10 too large)

.vector_11      0x9fc01360        0x0
 *(.vector_11)
                0x00000001                ASSERT (((_vector_spacing == 0x0) || (SIZEOF (.vector_11) <= (_vector_spacing << 0x5))), function at exception vector 11 too large)

.vector_12      0x9fc01380        0x0
 *(.vector_12)
                0x00000001                ASSERT (((_vector_spacing == 0x0) || (SIZEOF (.vector_12) <= (_vector_spacing << 0x5))), function at exception vector 12 too large)

.vector_13      0x9fc013a0        0x0
 *(.vector_13)
                0x00000001                ASSERT (((_vector_spacing == 0x0) || (SIZEOF (.vector_13) <= (_vector_spacing << 0x5))), function at exception vector 13 too large)

.vector_14      0x9fc013c0        0x0
 *(.vector_14)
                0x00000001                ASSERT (((_vector_spacing == 0x0) || (SIZEOF (.vector_14) <= (_vector_spacing << 0x5))), function at exception vector 14 too large)

.vector_15      0x9fc013e0        0x0
 *(.vector_15)
                0x00000001                ASSERT (((_vector_spacing == 0x0) || (SIZEOF (.vector_15) <= (_vector_spacing << 0x5))), function at exception vector 15 too large)

.vector_16      0x9fc01400        0x0
 *(.vector_16)
                0x00000001                ASSERT (((_vector_spacing == 0x0) || (SIZEOF (.vector_16) <= (_vector_spacing << 0x5))), function at exception vector 16 too large)

.vector_17      0x9fc01420        0x0
 *(.vector_17)
                0x00000001                ASSERT (((_vector_spacing == 0x0) || (SIZEOF (.vector_17) <= (_vector_spacing << 0x5))), function at exception vector 17 too large)

.vector_18      0x9fc01440        0x0
 *(.vector_18)
                0x00000001                ASSERT (((_vector_spacing == 0x0) || (SIZEOF (.vector_18) <= (_vector_spacing << 0x5))), function at exception vector 18 too large)

.vector_19      0x9fc01460        0x0
 *(.vector_19)
                0x00000001                ASSERT (((_vector_spacing == 0x0) || (SIZEOF (.vector_19) <= (_vector_spacing << 0x5))), function at exception vector 19 too large)

.vector_20      0x9fc01480        0x0
 *(.vector_20)
                0x00000001                ASSERT (((_vector_spacing == 0x0) || (SIZEOF (.vector_20) <= (_vector_spacing << 0x5))), function at exception vector 20 too large)

.vector_21      0x9fc014a0        0x0
 *(.vector_21)
                0x00000001                ASSERT (((_vector_spacing == 0x0) || (SIZEOF (.vector_21) <= (_vector_spacing << 0x5))), function at exception vector 21 too large)

.vector_22      0x9fc014c0        0x0
 *(.vector_22)
                0x00000001                ASSERT (((_vector_spacing == 0x0) || (SIZEOF (.vector_22) <= (_vector_spacing << 0x5))), function at exception vector 22 too large)

.vector_23      0x9fc014e0        0x0
 *(.vector_23)
                0x00000001                ASSERT (((_vector_spacing == 0x0) || (SIZEOF (.vector_23) <= (_vector_spacing << 0x5))), function at exception vector 23 too large)

.vector_24      0x9fc01500        0x0
 *(.vector_24)
                0x00000001                ASSERT (((_vector_spacing == 0x0) || (SIZEOF (.vector_24) <= (_vector_spacing << 0x5))), function at exception vector 24 too large)

.vector_25      0x9fc01520        0x0
 *(.vector_25)
                0x00000001                ASSERT (((_vector_spacing == 0x0) || (SIZEOF (.vector_25) <= (_vector_spacing << 0x5))), function at exception vector 25 too large)

.vector_26      0x9fc01540        0x0
 *(.vector_26)
                0x00000001                ASSERT (((_vector_spacing == 0x0) || (SIZEOF (.vector_26) <= (_vector_spacing << 0x5))), function at exception vector 26 too large)

.vector_27      0x9fc01560        0x0
 *(.vector_27)
                0x00000001                ASSERT (((_vector_spacing == 0x0) || (SIZEOF (.vector_27) <= (_vector_spacing << 0x5))), function at exception vector 27 too large)

.vector_28      0x9fc01580        0x0
 *(.vector_28)
                0x00000001                ASSERT (((_vector_spacing == 0x0) || (SIZEOF (.vector_28) <= (_vector_spacing << 0x5))), function at exception vector 28 too large)

.vector_29      0x9fc015a0        0x0
 *(.vector_29)
                0x00000001                ASSERT (((_vector_spacing == 0x0) || (SIZEOF (.vector_29) <= (_vector_spacing << 0x5))), function at exception vector 29 too large)

.vector_30      0x9fc015c0        0x0
 *(.vector_30)
                0x00000001                ASSERT (((_vector_spacing == 0x0) || (SIZEOF (.vector_30) <= (_vector_spacing << 0x5))), function at exception vector 30 too large)

.vector_31      0x9fc015e0        0x0
 *(.vector_31)
                0x00000001                ASSERT (((_vector_spacing == 0x0) || (SIZEOF (.vector_31) <= (_vector_spacing << 0x5))), function at exception vector 31 too large)

.vector_32      0x9fc01600        0x0
 *(.vector_32)
                0x00000001                ASSERT (((_vector_spacing == 0x0) || (SIZEOF (.vector_32) <= (_vector_spacing << 0x5))), function at exception vector 32 too large)

.vector_33      0x9fc01620        0x0
 *(.vector_33)
                0x00000001                ASSERT (((_vector_spacing == 0x0) || (SIZEOF (.vector_33) <= (_vector_spacing << 0x5))), function at exception vector 33 too large)

.vector_34      0x9fc01640        0x0
 *(.vector_34)
                0x00000001                ASSERT (((_vector_spacing == 0x0) || (SIZEOF (.vector_34) <= (_vector_spacing << 0x5))), function at exception vector 34 too large)

.vector_35      0x9fc01660        0x0
 *(.vector_35)
                0x00000001                ASSERT (((_vector_spacing == 0x0) || (SIZEOF (.vector_35) <= (_vector_spacing << 0x5))), function at exception vector 35 too large)

.vector_36      0x9fc01680        0x0
 *(.vector_36)
                0x00000001                ASSERT (((_vector_spacing == 0x0) || (SIZEOF (.vector_36) <= (_vector_spacing << 0x5))), function at exception vector 36 too large)

.vector_37      0x9fc016a0        0x0
 *(.vector_37)
                0x00000001                ASSERT (((_vector_spacing == 0x0) || (SIZEOF (.vector_37) <= (_vector_spacing << 0x5))), function at exception vector 37 too large)

.vector_38      0x9fc016c0        0x0
 *(.vector_38)
                0x00000001                ASSERT (((_vector_spacing == 0x0) || (SIZEOF (.vector_38) <= (_vector_spacing << 0x5))), function at exception vector 38 too large)

.vector_39      0x9fc016e0        0x0
 *(.vector_39)
                0x00000001                ASSERT (((_vector_spacing == 0x0) || (SIZEOF (.vector_39) <= (_vector_spacing << 0x5))), function at exception vector 39 too large)

.vector_40      0x9fc01700        0x0
 *(.vector_40)
                0x00000001                ASSERT (((_vector_spacing == 0x0) || (SIZEOF (.vector_40) <= (_vector_spacing << 0x5))), function at exception vector 40 too large)

.vector_41      0x9fc01720        0x0
 *(.vector_41)
                0x00000001                ASSERT (((_vector_spacing == 0x0) || (SIZEOF (.vector_41) <= (_vector_spacing << 0x5))), function at exception vector 41 too large)

.vector_42      0x9fc01740        0x0
 *(.vector_42)
                0x00000001                ASSERT (((_vector_spacing == 0x0) || (SIZEOF (.vector_42) <= (_vector_spacing << 0x5))), function at exception vector 42 too large)

.vector_43      0x9fc01760        0x0
 *(.vector_43)
                0x00000001                ASSERT (((_vector_spacing == 0x0) || (SIZEOF (.vector_43) <= (_vector_spacing << 0x5))), function at exception vector 43 too large)

.vector_44      0x9fc01780        0x0
 *(.vector_44)
                0x00000001                ASSERT (((_vector_spacing == 0x0) || (SIZEOF (.vector_44) <= (_vector_spacing << 0x5))), function at exception vector 44 too large)

.vector_45      0x9fc017a0        0x0
 *(.vector_45)
                0x00000001                ASSERT (((_vector_spacing == 0x0) || (SIZEOF (.vector_45) <= (_vector_spacing << 0x5))), function at exception vector 45 too large)

.vector_46      0x9fc017c0        0x0
 *(.vector_46)
                0x00000001                ASSERT (((_vector_spacing == 0x0) || (SIZEOF (.vector_46) <= (_vector_spacing << 0x5))), function at exception vector 46 too large)

.vector_47      0x9fc017e0        0x0
 *(.vector_47)
                0x00000001                ASSERT (((_vector_spacing == 0x0) || (SIZEOF (.vector_47) <= (_vector_spacing << 0x5))), function at exception vector 47 too large)

.vector_48      0x9fc01800        0x0
 *(.vector_48)
                0x00000001                ASSERT (((_vector_spacing == 0x0) || (SIZEOF (.vector_48) <= (_vector_spacing << 0x5))), function at exception vector 48 too large)

.vector_49      0x9fc01820        0x0
 *(.vector_49)
                0x00000001                ASSERT (((_vector_spacing == 0x0) || (SIZEOF (.vector_49) <= (_vector_spacing << 0x5))), function at exception vector 49 too large)

.vector_50      0x9fc01840        0x0
 *(.vector_50)
                0x00000001                ASSERT (((_vector_spacing == 0x0) || (SIZEOF (.vector_50) <= (_vector_spacing << 0x5))), function at exception vector 50 too large)

.vector_51      0x9fc01860        0x0
 *(.vector_51)
                0x00000001                ASSERT (((_vector_spacing == 0x0) || (SIZEOF (.vector_51) <= (_vector_spacing << 0x5))), function at exception vector 51 too large)

.vector_52      0x9fc01880        0x0
 *(.vector_52)
                0x00000001                ASSERT (((_vector_spacing == 0x0) || (SIZEOF (.vector_52) <= (_vector_spacing << 0x5))), function at exception vector 52 too large)

.vector_53      0x9fc018a0        0x0
 *(.vector_53)
                0x00000001                ASSERT (((_vector_spacing == 0x0) || (SIZEOF (.vector_53) <= (_vector_spacing << 0x5))), function at exception vector 53 too large)

.vector_54      0x9fc018c0        0x0
 *(.vector_54)
                0x00000001                ASSERT (((_vector_spacing == 0x0) || (SIZEOF (.vector_54) <= (_vector_spacing << 0x5))), function at exception vector 54 too large)

.vector_55      0x9fc018e0        0x0
 *(.vector_55)
                0x00000001                ASSERT (((_vector_spacing == 0x0) || (SIZEOF (.vector_55) <= (_vector_spacing << 0x5))), function at exception vector 55 too large)

.vector_56      0x9fc01900        0x0
 *(.vector_56)
                0x00000001                ASSERT (((_vector_spacing == 0x0) || (SIZEOF (.vector_56) <= (_vector_spacing << 0x5))), function at exception vector 56 too large)

.vector_57      0x9fc01920        0x0
 *(.vector_57)
                0x00000001                ASSERT (((_vector_spacing == 0x0) || (SIZEOF (.vector_57) <= (_vector_spacing << 0x5))), function at exception vector 57 too large)

.vector_58      0x9fc01940        0x0
 *(.vector_58)
                0x00000001                ASSERT (((_vector_spacing == 0x0) || (SIZEOF (.vector_58) <= (_vector_spacing << 0x5))), function at exception vector 58 too large)

.vector_59      0x9fc01960        0x0
 *(.vector_59)
                0x00000001                ASSERT (((_vector_spacing == 0x0) || (SIZEOF (.vector_59) <= (_vector_spacing << 0x5))), function at exception vector 59 too large)

.vector_60      0x9fc01980        0x0
 *(.vector_60)
                0x00000001                ASSERT (((_vector_spacing == 0x0) || (SIZEOF (.vector_60) <= (_vector_spacing << 0x5))), function at exception vector 60 too large)

.vector_61      0x9fc019a0        0x0
 *(.vector_61)
                0x00000001                ASSERT (((_vector_spacing == 0x0) || (SIZEOF (.vector_61) <= (_vector_spacing << 0x5))), function at exception vector 61 too large)

.vector_62      0x9fc019c0        0x0
 *(.vector_62)
                0x00000001                ASSERT (((_vector_spacing == 0x0) || (SIZEOF (.vector_62) <= (_vector_spacing << 0x5))), function at exception vector 62 too large)

.vector_63      0x9fc019e0        0x0
 *(.vector_63)
                0x00000001                ASSERT (((_vector_spacing == 0x0) || (SIZEOF (.vector_63) <= (_vector_spacing << 0x5))), function at exception vector 63 too large)

.startup
 *(.startup)

.text
 *(.stub .gnu.linkonce.t.*)
 *(.text.*personality*)
 *(.mips16.fn.*)
 *(.mips16.call.*)
 *(.gnu.warning)

.rodata         0x9d000000        0x0
 *(.rodata.* .gnu.linkonce.r.*)
 *(.rodata1)
                0x9d000000                . = ALIGN (0x4)

.sdata2         0x9fc00490        0x0
 *(.sdata2 .sdata2.* .gnu.linkonce.s2.*)
                0x9fc00490                . = ALIGN (0x4)

.sbss2          0x9fc00490        0x0
 *(.sbss2 .sbss2.* .gnu.linkonce.sb2.*)
                0x9fc00490                . = ALIGN (0x4)

.eh_frame_hdr
 *(.eh_frame_hdr)

.eh_frame
 *(.eh_frame)

.dbg_data       0xa0000000        0x0
                0xa0000000                . = (. + DEFINED (_DEBUGGER)?0x200:0x0)

.persist        0xa0000000        0x0
                0xa0000000                _persist_begin = .
 *(.persist .persist.*)
                0xa0000000                . = ALIGN (0x4)
                0xa0000000                _persist_end = .

.eh_frame       0xa0000000       0x3c
 *(.eh_frame)
 .eh_frame      0xa0000000       0x28 c:/program files (x86)/microchip/mplabc32/v2.02/bin/../lib/gcc/pic32mx/4.5.1\libgcc.a(_udivdi3.o)
 .eh_frame      0xa0000028       0x14 c:/program files (x86)/microchip/mplabc32/v2.02/bin/../lib/gcc/pic32mx/4.5.1\libgcc.a(_umoddi3.o)
                                 0x28 (size before relaxing)
                0xa000003c                . = .
                0xa0008030                _gp = (ALIGN (0x10) + 0x7ff0)

.got
 *(.got.plt)
 *(.got)

.sdata          0xa000003c       0x5c
                0xa000003c                _sdata_begin = .
 *(.sdata .sdata.* .gnu.linkonce.s.*)
 .sdata         0xa000003c        0x2 build/default/production/ST7735.o
                0xa000003c                wrap
 *fill*         0xa000003e        0x2 00
 .sdata         0xa0000040        0xc build/default/production/TCPClient.o
 .sdata         0xa000004c        0xc build/default/production/_ext/867694782/DHCPs.o
                0xa0000050                bDHCPServerEnabled
 .sdata         0xa0000058        0x8 build/default/production/_ext/867694782/DNS.o
 .sdata         0xa0000060        0x1 build/default/production/_ext/867694782/DynDNS.o
 *fill*         0xa0000061        0x3 00
 .sdata         0xa0000064        0x4 build/default/production/_ext/867694782/Helpers.o
 .sdata         0xa0000068        0x1 build/default/production/_ext/867694782/SNTP.o
 .sdata         0xa0000069        0x2 build/default/production/_ext/867694782/TCP.o
 .sdata         0xa000006b        0x2 build/default/production/_ext/867694782/UDP.o
 *fill*         0xa000006d        0x3 00
 .sdata         0xa0000070        0xc build/default/production/TCPRemoteData.o
 .sdata         0xa000007c       0x10 c:/program files (x86)/microchip/mplabc32/v2.02/bin/../lib/gcc/pic32mx/4.5.1/../../../../pic32mx/lib\liblega-c.a(localtime.o)
                0xa000007c                tzname
 .sdata         0xa000008c        0x8 c:/program files (x86)/microchip/mplabc32/v2.02/bin/../lib/gcc/pic32mx/4.5.1/../../../../pic32mx/lib\liblega-c.a(malloc.o)
                0xa000008c                malloc_trim_threshold
                0xa0000090                malloc_sbrk_base
 .sdata         0xa0000094        0x4 c:/program files (x86)/microchip/mplabc32/v2.02/bin/../lib/gcc/pic32mx/4.5.1/../../../../pic32mx/lib\liblega-c.a(_iobdata.o)
                0xa0000094                _libc_data
                0xa0000098                _sdata_end = .

.lit8
 *(.lit8)

.lit4
 *(.lit4)
                0xa0000098                . = ALIGN (0x4)
                0xa0000098                _data_end = .
                0xa0000098                _bss_begin = .

.sbss           0xa0000098      0x1c8
                0xa0000098                _sbss_begin = .
 *(.dynsbss)
 *(.sbss .sbss.* .gnu.linkonce.sb.*)
 .sbss          0xa0000098        0x8 build/default/production/TCPServer.o
 .sbss          0xa00000a0        0x4 build/default/production/ST7735.o
                0xa00000a0                colstart
                0xa00000a2                rowstart
 .sbss          0xa00000a4        0xc build/default/production/main.o
                0xa00000a6                reset_clock
 .sbss          0xa00000b0        0x4 build/default/production/TCPClient.o
 .sbss          0xa00000b4        0x4 build/default/production/_ext/867694782/ARP.o
 .sbss          0xa00000b8        0x4 build/default/production/_ext/867694782/DHCP.o
                0xa00000b8                DHCPClientInitializedOnce
 .sbss          0xa00000bc        0xc build/default/production/_ext/867694782/DHCPs.o
 .sbss          0xa00000c8       0x14 build/default/production/_ext/867694782/DNS.o
 .sbss          0xa00000dc       0x24 build/default/production/_ext/867694782/DynDNS.o
 .sbss          0xa0000100       0x10 build/default/production/_ext/867694782/ENC28J60.o
 .sbss          0xa0000110        0x4 build/default/production/_ext/867694782/IP.o
 .sbss          0xa0000114        0x8 build/default/production/_ext/867694782/MPFS2.o
 .sbss          0xa000011c       0x10 build/default/production/_ext/867694782/SNTP.o
 .sbss          0xa000012c        0xc build/default/production/_ext/867694782/StackTsk.o
 *fill*         0xa0000138        0x0 00
 .sbss          0xa0000138       0x10 build/default/production/_ext/867694782/Tick.o
 .sbss          0xa0000148        0x8 build/default/production/_ext/867694782/UDP.o
 .sbss          0xa0000150        0x4 build/default/production/TCPRemoteData.o
 .sbss          0xa0000154        0xc c:/program files (x86)/microchip/mplabc32/v2.02/bin/../lib/gcc/pic32mx/4.5.1/../../../../pic32mx/lib\liblega-c.a(localtime.o)
                0xa0000154                _tz_stdoffset
                0xa0000158                _tz_dstoffset
 .sbss          0xa0000160        0x4 c:/program files (x86)/microchip/mplabc32/v2.02/bin/../lib/gcc/pic32mx/4.5.1/../../../../pic32mx/lib\liblega-c.a(stubs.o)
                0xa0000160                __isthreaded
 .sbss          0xa0000164        0xc c:/program files (x86)/microchip/mplabc32/v2.02/bin/../lib/gcc/pic32mx/4.5.1/../../../../pic32mx/lib\liblega-c.a(malloc.o)
                0xa0000164                malloc_top_pad
                0xa0000168                malloc_max_sbrked_mem
                0xa000016c                malloc_max_total_mem
 .sbss          0xa0000170        0x4 c:/program files (x86)/microchip/mplabc32/v2.02/bin/../lib/gcc/pic32mx/4.5.1/../../../../pic32mx/lib\liblega-c.a(errno.o)
                0xa0000170                errno
 .sbss          0xa0000174        0xc c:/program files (x86)/microchip/mplabc32/v2.02/bin/../lib/gcc/pic32mx/4.5.1/../../../../pic32mx/lib\liblega-c.a(sbrk.o)
                0xa0000174                _minbrk
                0xa0000178                _maxbrk
 *(.scommon)
 .scommon       0xa0000180       0xd8 build/default/production/main.o
                0xa0000180                hum
                0xa0000188                p0
                0xa0000190                MD
                0xa0000198                c6
                0xa00001a0                now
                0xa00001a8                AC1
                0xa00001aa                AC6
                0xa00001b0                p2
                0xa00001b8                y0
                0xa00001c0                TCP_status
                0xa00001c8                temp
                0xa00001d0                AC5
                0xa00001d8                y2
                0xa00001e0                VB2
                0xa00001e8                x2
                0xa00001f0                x0
                0xa00001f8                pressure
                0xa0000200                p1
                0xa0000208                md
                0xa0000210                c5
                0xa0000218                AC4
                0xa000021a                process_item
                0xa000021c                MB
                0xa0000220                mc
                0xa0000228                ref_day
                0xa000022a                AC2
                0xa000022c                AC3
                0xa0000230                post_data_size
                0xa0000238                x1
                0xa0000240                old_min
                0xa0000241                _error
                0xa0000242                VB1
                0xa0000244                MC
                0xa0000248                AN0String
                0xa0000250                y1
 .scommon       0xa0000258        0x1 build/default/production/rtcc.o
                0xa0000258                _rtcc_flag
 .scommon       0xa0000259        0x0 build/default/production/HTU21D.o
 .scommon       0xa0000259        0x0 build/default/production/BMP180.o
 *fill*         0xa0000259        0x1 00
 .scommon       0xa000025a        0x6 build/default/production/_ext/867694782/UDP.o
                0xa000025a                UDPTxCount
                0xa000025c                activeUDPSocket
                0xa000025e                UDPRxCount
                0xa0000260                _sbss_end = .

.bss            0xa0000260     0x178c
 *(.dynbss)
 *(COMMON)
 COMMON         0xa0000260      0xfa8 build/default/production/_ext/221508487/debug_ram_buffer.o
                0xa0000260                debug
 COMMON         0xa0001208      0x640 build/default/production/main.o
                0xa0001208                outside
                0xa0001218                outsidedata
                0xa000122c                AppConfig
                0xa0001260                History
                0xa0001280                inside
                0xa0001290                ThisHour
                0xa0001830                WEB_data_0
 COMMON         0xa0001848       0x20 build/default/production/rtcc.o
                0xa0001848                _time
                0xa0001858                _time_chk
 COMMON         0xa0001868       0x78 build/default/production/_ext/867694782/DHCPs.o
                0xa0001868                DhcpIpPool
 COMMON         0xa00018e0       0x20 build/default/production/_ext/867694782/DynDNS.o
                0xa00018e0                DDNSClient
 COMMON         0xa0001900        0xa build/default/production/_ext/867694782/StackTsk.o
                0xa0001900                remoteNode
 *fill*         0xa000190a        0x2 00
 COMMON         0xa000190c       0xe0 build/default/production/_ext/867694782/UDP.o
                0xa000190c                UDPSocketInfo
                0xa00019ec                . = ALIGN (0x4)
                0xa00019ec                . = ALIGN (0x4)
                0xa00019ec                _end = .
                0xa00019ec                _bss_end = .
                0x00008000                _bmxdudba_address = 0x8000
                0x00008000                _bmxdupba_address = 0x8000

/DISCARD/
 *(.pdr)
 *(.reginfo)
 *(.rel.dyn)
 *(.note.GNU-stack)
 *(.note.GNU-stack)
 *(.gnu_debuglink)
 *(.gnu.lto_*)
 *(.discard)

.stab
 *(.stab)

.stabstr
 *(.stabstr)

.stab.excl
 *(.stab.excl)

.stab.exclstr
 *(.stab.exclstr)

.stab.index
 *(.stab.index)

.stab.indexstr
 *(.stab.indexstr)

.comment        0x00000000      0x7f3
 *(.comment)
 .comment       0x00000000       0x51 build/default/production/_ext/221508487/debug_ram_buffer.o
                                 0x52 (size before relaxing)
 .comment       0x00000000       0x52 build/default/production/TCPServer.o
 .comment       0x00000000       0x52 build/default/production/ST7735.o
 .comment       0x00000000       0x52 build/default/production/main.o
 .comment       0x00000000       0x52 build/default/production/I2C.o
 .comment       0x00000000       0x52 build/default/production/MPFSImg2.o
 .comment       0x00000000       0x52 build/default/production/rtcc.o
 .comment       0x00000000       0x52 build/default/production/HTU21D.o
 .comment       0x00000000       0x52 build/default/production/BMP180.o
 .comment       0x00000000       0x52 build/default/production/CustomHTTPApp.o
 .comment       0x00000000       0x52 build/default/production/TCPClient.o
 .comment       0x00000000       0x52 build/default/production/eeprom.o
 .comment       0x00000000       0x52 build/default/production/_ext/867694782/Announce.o
 .comment       0x00000000       0x52 build/default/production/_ext/867694782/ARCFOUR.o
 .comment       0x00000000       0x52 build/default/production/_ext/867694782/ARP.o
 .comment       0x00000000       0x52 build/default/production/_ext/867694782/AutoIP.o
 .comment       0x00000000       0x52 build/default/production/_ext/867694782/BerkeleyAPI.o
 .comment       0x00000000       0x52 build/default/production/_ext/867694782/BigInt.o
 .comment       0x00000000       0x52 build/default/production/_ext/867694782/Delay.o
 .comment       0x00000000       0x52 build/default/production/_ext/867694782/DHCP.o
 .comment       0x00000000       0x52 build/default/production/_ext/867694782/DHCPs.o
 .comment       0x00000000       0x52 build/default/production/_ext/867694782/DNS.o
 .comment       0x00000000       0x52 build/default/production/_ext/867694782/DNSs.o
 .comment       0x00000000       0x52 build/default/production/_ext/867694782/DynDNS.o
 .comment       0x00000000       0x52 build/default/production/_ext/867694782/ENC28J60.o
 .comment       0x00000000       0x52 build/default/production/_ext/867694782/ENCX24J600.o
 .comment       0x00000000       0x52 build/default/production/_ext/867694782/ETH97J60.o
 .comment       0x00000000       0x52 build/default/production/_ext/867694782/ETHPIC32ExtPhy.o
 .comment       0x00000000       0x52 build/default/production/_ext/867694782/ETHPIC32ExtPhyDP83640.o
 .comment       0x00000000       0x52 build/default/production/_ext/867694782/ETHPIC32ExtPhyDP83848.o
 .comment       0x00000000       0x52 build/default/production/_ext/867694782/ETHPIC32ExtPhySMSC8700.o
 .comment       0x00000000       0x52 build/default/production/_ext/867694782/ETHPIC32ExtPhySMSC8720.o
 .comment       0x00000000       0x52 build/default/production/_ext/867694782/ETHPIC32IntMac.o
 .comment       0x00000000       0x52 build/default/production/_ext/867694782/eth_pic32_ext_phy_rtl8201FL.o
 .comment       0x00000000       0x52 build/default/production/_ext/867694782/FileSystem.o
 .comment       0x00000000       0x52 build/default/production/_ext/867694782/FTP.o
 .comment       0x00000000       0x52 build/default/production/_ext/867694782/Hashes.o
 .comment       0x00000000       0x52 build/default/production/_ext/867694782/Helpers.o
 .comment       0x00000000       0x52 build/default/production/_ext/867694782/HTTP2.o
 .comment       0x00000000       0x52 build/default/production/_ext/867694782/ICMP.o
 .comment       0x00000000       0x52 build/default/production/_ext/867694782/IP.o
 .comment       0x00000000       0x52 build/default/production/_ext/867694782/MPFS2.o
 .comment       0x00000000       0x52 build/default/production/_ext/867694782/NBNS.o
 .comment       0x00000000       0x52 build/default/production/_ext/867694782/Random.o
 .comment       0x00000000       0x52 build/default/production/_ext/867694782/Reboot.o
 .comment       0x00000000       0x52 build/default/production/_ext/867694782/RSA.o
 .comment       0x00000000       0x52 build/default/production/_ext/867694782/SMTP.o
 .comment       0x00000000       0x52 build/default/production/_ext/867694782/SNMP.o
 .comment       0x00000000       0x52 build/default/production/_ext/867694782/SNMPv3.o
 .comment       0x00000000       0x52 build/default/production/_ext/867694782/SNMPv3USM.o
 .comment       0x00000000       0x52 build/default/production/_ext/867694782/SNTP.o
 .comment       0x00000000       0x52 build/default/production/_ext/867694782/SPIEEPROM.o
 .comment       0x00000000       0x52 build/default/production/_ext/867694782/SPIFlash.o
 .comment       0x00000000       0x52 build/default/production/_ext/867694782/SPIRAM.o
 .comment       0x00000000       0x52 build/default/production/_ext/867694782/SSL.o
 .comment       0x00000000       0x52 build/default/production/_ext/867694782/StackTsk.o
 .comment       0x00000000       0x52 build/default/production/_ext/867694782/TCP.o
 .comment       0x00000000       0x52 build/default/production/_ext/867694782/TCPPerformanceTest.o
 .comment       0x00000000       0x52 build/default/production/_ext/867694782/Telnet.o
 .comment       0x00000000       0x52 build/default/production/_ext/867694782/TFTPc.o
 .comment       0x00000000       0x52 build/default/production/_ext/867694782/Tick.o
 .comment       0x00000000       0x52 build/default/production/_ext/867694782/UART.o
 .comment       0x00000000       0x52 build/default/production/_ext/867694782/UART2TCPBridge.o
 .comment       0x00000000       0x52 build/default/production/_ext/867694782/UDP.o
 .comment       0x00000000       0x52 build/default/production/_ext/867694782/UDPPerformanceTest.o
 .comment       0x00000000       0x52 build/default/production/_ext/867694782/ZeroconfHelper.o
 .comment       0x00000000       0x52 build/default/production/_ext/867694782/ZeroconfLinkLocal.o
 .comment       0x00000000       0x52 build/default/production/_ext/867694782/ZeroconfMulticastDNS.o
 .comment       0x00000000       0x52 build/default/production/TCPRemoteData.o
 .comment       0x00000000       0x52 c:/program files (x86)/microchip/mplabc32/v2.02/bin/../lib/gcc/pic32mx/4.5.1\libgcc.a(_udivdi3.o)
 .comment       0x00000000       0x52 c:/program files (x86)/microchip/mplabc32/v2.02/bin/../lib/gcc/pic32mx/4.5.1\libgcc.a(_umoddi3.o)
 .comment       0x00000000       0x52 c:/program files (x86)/microchip/mplabc32/v2.02/bin/../lib/gcc/pic32mx/4.5.1\libgcc.a(floatunsidf.o)
 .comment       0x00000051       0x55 c:/program files (x86)/microchip/mplabc32/v2.02/bin/../lib/gcc/pic32mx/4.5.1/../../../../pic32mx/lib\liblega-c.a(memcmp.o)
                                 0x56 (size before relaxing)
 .comment       0x000000a6       0x55 c:/program files (x86)/microchip/mplabc32/v2.02/bin/../lib/gcc/pic32mx/4.5.1/../../../../pic32mx/lib\liblega-c.a(memset.o)
                                 0x56 (size before relaxing)
 .comment       0x000000fb       0x55 c:/program files (x86)/microchip/mplabc32/v2.02/bin/../lib/gcc/pic32mx/4.5.1/../../../../pic32mx/lib\liblega-c.a(strcmp.o)
                                 0x56 (size before relaxing)
 .comment       0x00000150       0x55 c:/program files (x86)/microchip/mplabc32/v2.02/bin/../lib/gcc/pic32mx/4.5.1/../../../../pic32mx/lib\liblega-c.a(strlen.o)
                                 0x56 (size before relaxing)
 .comment       0x000001a5       0x50 c:/program files (x86)/microchip/mplabc32/v2.02/bin/../lib/gcc/pic32mx/4.5.1/../../../../pic32mx/lib\liblega-c.a(strncpy.o)
                                 0xa2 (size before relaxing)
 .comment       0x000001f5       0x4d c:/program files (x86)/microchip/mplabc32/v2.02/bin/../lib/gcc/pic32mx/4.5.1/../../../../pic32mx/lib\liblega-c.a(atoi.o)
                                 0x9f (size before relaxing)
 .comment       0x00000242       0x4f c:/program files (x86)/microchip/mplabc32/v2.02/bin/../lib/gcc/pic32mx/4.5.1/../../../../pic32mx/lib\liblega-c.a(strtol.o)
                                 0xa1 (size before relaxing)
 .comment       0x00000291       0x52 c:/program files (x86)/microchip/mplabc32/v2.02/bin/../lib/gcc/pic32mx/4.5.1/../../../../pic32mx/lib\liblega-c.a(sprintf.o)
                                 0xa4 (size before relaxing)
 .comment       0x000002e3       0x56 c:/program files (x86)/microchip/mplabc32/v2.02/bin/../lib/gcc/pic32mx/4.5.1/../../../../pic32mx/lib\liblega-c.a(__vsnprintf.o)
                                 0xa8 (size before relaxing)
 .comment       0x00000000       0x52 c:/program files (x86)/microchip/mplabc32/v2.02/bin/../lib/gcc/pic32mx/4.5.1/../../../../pic32mx/lib\liblega-c.a(localtime.o)
 .comment       0x00000000       0x52 c:/program files (x86)/microchip/mplabc32/v2.02/bin/../lib/gcc/pic32mx/4.5.1/../../../../pic32mx/lib\liblega-c.a(offtime.o)
 .comment       0x00000339       0x52 c:/program files (x86)/microchip/mplabc32/v2.02/bin/../lib/gcc/pic32mx/4.5.1/../../../../pic32mx/lib\liblega-c.a(strftime.o)
                                 0xa4 (size before relaxing)
 .comment       0x0000038b       0x4e c:/program files (x86)/microchip/mplabc32/v2.02/bin/../lib/gcc/pic32mx/4.5.1/../../../../pic32mx/lib\liblega-c.a(stubs.o)
                                 0xa0 (size before relaxing)
 .comment       0x00000000       0x52 c:/program files (x86)/microchip/mplabc32/v2.02/bin/../lib/gcc/pic32mx/4.5.1/../../../../pic32mx/lib\liblega-c.a(default-bootstrap-exception-handler.o)
 .comment       0x00000000       0x52 c:/program files (x86)/microchip/mplabc32/v2.02/bin/../lib/gcc/pic32mx/4.5.1/../../../../pic32mx/lib\liblega-c.a(default-on-reset.o)
 .comment       0x00000000       0x52 c:/program files (x86)/microchip/mplabc32/v2.02/bin/../lib/gcc/pic32mx/4.5.1/../../../../pic32mx/lib\liblega-c.a(default-on-bootstrap.o)
 .comment       0x00000000       0x52 c:/program files (x86)/microchip/mplabc32/v2.02/bin/../lib/gcc/pic32mx/4.5.1/../../../../pic32mx/lib\liblega-c.a(getenv.o)
 .comment       0x000003d9       0x55 c:/program files (x86)/microchip/mplabc32/v2.02/bin/../lib/gcc/pic32mx/4.5.1/../../../../pic32mx/lib\liblega-c.a(strcpy.o)
                                 0x56 (size before relaxing)
 .comment       0x0000042e       0x4e c:/program files (x86)/microchip/mplabc32/v2.02/bin/../lib/gcc/pic32mx/4.5.1/../../../../pic32mx/lib\liblega-c.a(ctype.o)
                                 0xa0 (size before relaxing)
 .comment       0x00000000       0x52 c:/program files (x86)/microchip/mplabc32/v2.02/bin/../lib/gcc/pic32mx/4.5.1/../../../../pic32mx/lib\liblega-c.a(malloc.o)
 .comment       0x00000000       0x52 c:/program files (x86)/microchip/mplabc32/v2.02/bin/../lib/gcc/pic32mx/4.5.1/../../../../pic32mx/lib\liblega-c.a(malloc_realloc.o)
 .comment       0x0000047c       0x4e c:/program files (x86)/microchip/mplabc32/v2.02/bin/../lib/gcc/pic32mx/4.5.1/../../../../pic32mx/lib\liblega-c.a(errno.o)
                                 0xa0 (size before relaxing)
 .comment       0x000004ca       0x52 c:/program files (x86)/microchip/mplabc32/v2.02/bin/../lib/gcc/pic32mx/4.5.1/../../../../pic32mx/lib\liblega-c.a(_doprnt.o)
                                 0xa4 (size before relaxing)
 .comment       0x0000051c       0x53 c:/program files (x86)/microchip/mplabc32/v2.02/bin/../lib/gcc/pic32mx/4.5.1/../../../../pic32mx/lib\liblega-c.a(_iobdata.o)
                                 0xa5 (size before relaxing)
 .comment       0x0000056f       0x54 c:/program files (x86)/microchip/mplabc32/v2.02/bin/../lib/gcc/pic32mx/4.5.1/../../../../pic32mx/lib\liblega-c.a(_iobfuncs.o)
                                 0xa6 (size before relaxing)
 .comment       0x000005c3       0x55 c:/program files (x86)/microchip/mplabc32/v2.02/bin/../lib/gcc/pic32mx/4.5.1/../../../../pic32mx/lib\liblega-c.a(_iobstring.o)
                                 0xa7 (size before relaxing)
 .comment       0x00000618       0x50 c:/program files (x86)/microchip/mplabc32/v2.02/bin/../lib/gcc/pic32mx/4.5.1/../../../../pic32mx/lib\liblega-c.a(fputc.o)
                                 0xa2 (size before relaxing)
 .comment       0x00000668       0x4b c:/program files (x86)/microchip/mplabc32/v2.02/bin/../lib/gcc/pic32mx/4.5.1/../../../../pic32mx/lib\liblega-c.a(sbrk.o)
                                 0x9d (size before relaxing)
 .comment       0x00000000       0x52 c:/program files (x86)/microchip/mplabc32/v2.02/bin/../lib/gcc/pic32mx/4.5.1/../../../../pic32mx/lib\liblega-c.a(_mon_getc.o)
 .comment       0x00000000       0x52 c:/program files (x86)/microchip/mplabc32/v2.02/bin/../lib/gcc/pic32mx/4.5.1/../../../../pic32mx/lib\liblega-c.a(_mon_write.o)
 .comment       0x000006b3       0x50 c:/program files (x86)/microchip/mplabc32/v2.02/bin/../lib/gcc/pic32mx/4.5.1/../../../../pic32mx/lib\liblega-c.a(memmove.o)
                                 0xa2 (size before relaxing)
 .comment       0x00000703       0x51 c:/program files (x86)/microchip/mplabc32/v2.02/bin/../lib/gcc/pic32mx/4.5.1/../../../../pic32mx/lib\liblega-c.a(fullexit.o)
                                 0xa3 (size before relaxing)
 .comment       0x00000000       0x52 c:/program files (x86)/microchip/mplabc32/v2.02/bin/../lib/gcc/pic32mx/4.5.1/../../../../pic32mx/lib\liblega-c.a(_exit.o)
 .comment       0x00000000       0x52 c:/program files (x86)/microchip/mplabc32/v2.02/bin/../lib/gcc/pic32mx/4.5.1/../../../../pic32mx/lib\liblega-c.a(_mon_putc.o)
 .comment       0x00000000       0x52 c:/program files (x86)/microchip/mplabc32/v2.02/bin/../lib/gcc/pic32mx/4.5.1/../../../../pic32mx/lib\libm.a(w_pow.o)
 .comment       0x00000000       0x52 c:/program files (x86)/microchip/mplabc32/v2.02/bin/../lib/gcc/pic32mx/4.5.1/../../../../pic32mx/lib\libm.a(s_lib_ver.o)
 .comment       0x00000754       0x51 c:/program files (x86)/microchip/mplabc32/v2.02/bin/../lib/gcc/pic32mx/4.5.1/../../../../pic32mx/lib\libmchp_peripheral_32MX440F256H.a(soft_reset_lib.o)
                                 0x52 (size before relaxing)
 .comment       0x00000000       0x52 c:/program files (x86)/microchip/mplabc32/v2.02/bin/../lib/gcc/pic32mx/4.5.1/../../../../pic32mx/lib\libmchp_peripheral_32MX440F256H.a(pcache.o)
 .comment       0x00000000       0x52 c:/program files (x86)/microchip/mplabc32/v2.02/bin/../lib/gcc/pic32mx/4.5.1/../../../../pic32mx/lib\libmchp_peripheral_32MX440F256H.a(int_disable_interrupts_lib.o)
 .comment       0x00000000       0x52 c:/program files (x86)/microchip/mplabc32/v2.02/bin/../lib/gcc/pic32mx/4.5.1/../../../../pic32mx/lib\libmchp_peripheral_32MX440F256H.a(int_restore_interrupts_lib.o)
 .comment       0x00000000       0x52 c:/program files (x86)/microchip/mplabc32/v2.02/bin/../lib/gcc/pic32mx/4.5.1/../../../../pic32mx/lib\libmchp_peripheral_32MX440F256H.a(int_enable_mv_int_lib.o)
 .comment       0x00000000       0x52 c:/program files (x86)/microchip/mplabc32/v2.02/bin/../lib/gcc/pic32mx/4.5.1/../../../../pic32mx/lib\libmchp_peripheral_32MX440F256H.a(puts_uartx_lib_legacy.o)
 .comment       0x00000000       0x52 c:/program files (x86)/microchip/mplabc32/v2.02/bin/../lib/gcc/pic32mx/4.5.1/../../../../pic32mx/lib\libmchp_peripheral_32MX440F256H.a(int_enable_interrupts_lib.o)
 .comment       0x00000000       0x52 c:/program files (x86)/microchip/mplabc32/v2.02/bin/../lib/gcc/pic32mx/4.5.1/../../../../pic32mx/lib\liblega-c.a(isinf.o)
 .comment       0x000007a5       0x4e c:/program files (x86)/microchip/mplabc32/v2.02/bin/../lib/gcc/pic32mx/4.5.1/../../../../pic32mx/lib\libe.a(_unorddf2.o)
                                 0xa0 (size before relaxing)

.debug
 *(.debug)

.line
 *(.line)

.debug_srcinfo
 *(.debug_srcinfo)

.debug_sfnames
 *(.debug_sfnames)

.debug_aranges  0x00000000      0x4f0
 *(.debug_aranges)
 .debug_aranges
                0x00000000       0x20 build/default/production/_ext/221508487/debug_ram_buffer.o
 .debug_aranges
                0x00000020       0x20 build/default/production/TCPServer.o
 .debug_aranges
                0x00000040       0x20 build/default/production/ST7735.o
 .debug_aranges
                0x00000060       0x20 build/default/production/main.o
 .debug_aranges
                0x00000080       0x20 build/default/production/I2C.o
 .debug_aranges
                0x000000a0       0x20 build/default/production/rtcc.o
 .debug_aranges
                0x000000c0       0x20 build/default/production/HTU21D.o
 .debug_aranges
                0x000000e0       0x20 build/default/production/BMP180.o
 .debug_aranges
                0x00000100       0x20 build/default/production/TCPClient.o
 .debug_aranges
                0x00000120       0x20 build/default/production/eeprom.o
 .debug_aranges
                0x00000140       0x20 build/default/production/_ext/867694782/ARP.o
 .debug_aranges
                0x00000160       0x20 build/default/production/_ext/867694782/Delay.o
 .debug_aranges
                0x00000180       0x20 build/default/production/_ext/867694782/DHCP.o
 .debug_aranges
                0x000001a0       0x20 build/default/production/_ext/867694782/DHCPs.o
 .debug_aranges
                0x000001c0       0x20 build/default/production/_ext/867694782/DNS.o
 .debug_aranges
                0x000001e0       0x20 build/default/production/_ext/867694782/DynDNS.o
 .debug_aranges
                0x00000200       0x20 build/default/production/_ext/867694782/ENC28J60.o
 .debug_aranges
                0x00000220       0x20 build/default/production/_ext/867694782/Helpers.o
 .debug_aranges
                0x00000240       0x20 build/default/production/_ext/867694782/IP.o
 .debug_aranges
                0x00000260       0x20 build/default/production/_ext/867694782/MPFS2.o
 .debug_aranges
                0x00000280       0x20 build/default/production/_ext/867694782/SNTP.o
 .debug_aranges
                0x000002a0       0x20 build/default/production/_ext/867694782/StackTsk.o
 .debug_aranges
                0x000002c0       0x20 build/default/production/_ext/867694782/TCP.o
 .debug_aranges
                0x000002e0       0x20 build/default/production/_ext/867694782/Tick.o
 .debug_aranges
                0x00000300       0x20 build/default/production/_ext/867694782/UART.o
 .debug_aranges
                0x00000320       0x20 build/default/production/_ext/867694782/UDP.o
 .debug_aranges
                0x00000340       0x20 build/default/production/TCPRemoteData.o
 .debug_aranges
                0x00000360       0x20 c:/program files (x86)/microchip/mplabc32/v2.02/bin/../lib/gcc/pic32mx/4.5.1\libgcc.a(_udivdi3.o)
 .debug_aranges
                0x00000380       0x20 c:/program files (x86)/microchip/mplabc32/v2.02/bin/../lib/gcc/pic32mx/4.5.1\libgcc.a(_umoddi3.o)
 .debug_aranges
                0x000003a0       0x20 c:/program files (x86)/microchip/mplabc32/v2.02/bin/../lib/gcc/pic32mx/4.5.1\libgcc.a(floatunsidf.o)
 .debug_aranges
                0x000003c0       0x20 c:/program files (x86)/microchip/mplabc32/v2.02/bin/../lib/gcc/pic32mx/4.5.1/../../../../pic32mx/lib\libm.a(w_pow.o)
 .debug_aranges
                0x000003e0       0x20 c:/program files (x86)/microchip/mplabc32/v2.02/bin/../lib/gcc/pic32mx/4.5.1/../../../../pic32mx/lib\libmchp_peripheral_32MX440F256H.a(soft_reset_lib.o)
 .debug_aranges
                0x00000400       0x28 c:/program files (x86)/microchip/mplabc32/v2.02/bin/../lib/gcc/pic32mx/4.5.1/../../../../pic32mx/lib\libmchp_peripheral_32MX440F256H.a(pcache.o)
 .debug_aranges
                0x00000428       0x20 c:/program files (x86)/microchip/mplabc32/v2.02/bin/../lib/gcc/pic32mx/4.5.1/../../../../pic32mx/lib\libmchp_peripheral_32MX440F256H.a(int_disable_interrupts_lib.o)
 .debug_aranges
                0x00000448       0x20 c:/program files (x86)/microchip/mplabc32/v2.02/bin/../lib/gcc/pic32mx/4.5.1/../../../../pic32mx/lib\libmchp_peripheral_32MX440F256H.a(int_restore_interrupts_lib.o)
 .debug_aranges
                0x00000468       0x20 c:/program files (x86)/microchip/mplabc32/v2.02/bin/../lib/gcc/pic32mx/4.5.1/../../../../pic32mx/lib\libmchp_peripheral_32MX440F256H.a(int_enable_mv_int_lib.o)
 .debug_aranges
                0x00000488       0x28 c:/program files (x86)/microchip/mplabc32/v2.02/bin/../lib/gcc/pic32mx/4.5.1/../../../../pic32mx/lib\libmchp_peripheral_32MX440F256H.a(puts_uartx_lib_legacy.o)
 .debug_aranges
                0x000004b0       0x20 c:/program files (x86)/microchip/mplabc32/v2.02/bin/../lib/gcc/pic32mx/4.5.1/../../../../pic32mx/lib\libmchp_peripheral_32MX440F256H.a(int_enable_interrupts_lib.o)
 .debug_aranges
                0x000004d0       0x20 c:/program files (x86)/microchip/mplabc32/v2.02/bin/../lib/gcc/pic32mx/4.5.1/../../../../pic32mx/lib\libe.a(_unorddf2.o)

.debug_pubnames
                0x00000000     0x17ed
 *(.debug_pubnames)
 .debug_pubnames
                0x00000000       0x9b build/default/production/_ext/221508487/debug_ram_buffer.o
 .debug_pubnames
                0x0000009b       0x20 build/default/production/TCPServer.o
 .debug_pubnames
                0x000000bb      0x26c build/default/production/ST7735.o
 .debug_pubnames
                0x00000327      0x2f0 build/default/production/main.o
 .debug_pubnames
                0x00000617       0xa2 build/default/production/I2C.o
 .debug_pubnames
                0x000006b9       0x21 build/default/production/MPFSImg2.o
 .debug_pubnames
                0x000006da      0x11c build/default/production/rtcc.o
 .debug_pubnames
                0x000007f6       0x7c build/default/production/HTU21D.o
 .debug_pubnames
                0x00000872      0x1b6 build/default/production/BMP180.o
 .debug_pubnames
                0x00000a28       0x20 build/default/production/TCPClient.o
 .debug_pubnames
                0x00000a48       0x33 build/default/production/eeprom.o
 .debug_pubnames
                0x00000a7b       0x6f build/default/production/_ext/867694782/ARP.o
 .debug_pubnames
                0x00000aea       0x2c build/default/production/_ext/867694782/Delay.o
 .debug_pubnames
                0x00000b16       0xcc build/default/production/_ext/867694782/DHCP.o
 .debug_pubnames
                0x00000be2       0x78 build/default/production/_ext/867694782/DHCPs.o
 .debug_pubnames
                0x00000c5a       0x55 build/default/production/_ext/867694782/DNS.o
 .debug_pubnames
                0x00000caf       0x9f build/default/production/_ext/867694782/DynDNS.o
 .debug_pubnames
                0x00000d4e      0x1b8 build/default/production/_ext/867694782/ENC28J60.o
 .debug_pubnames
                0x00000f06      0x125 build/default/production/_ext/867694782/Helpers.o
 .debug_pubnames
                0x0000102b       0x44 build/default/production/_ext/867694782/IP.o
 .debug_pubnames
                0x0000106f      0x140 build/default/production/_ext/867694782/MPFS2.o
 .debug_pubnames
                0x000011af       0x37 build/default/production/_ext/867694782/SNTP.o
 .debug_pubnames
                0x000011e6       0x53 build/default/production/_ext/867694782/StackTsk.o
 .debug_pubnames
                0x00001239      0x1ba build/default/production/_ext/867694782/TCP.o
 .debug_pubnames
                0x000013f3       0x7e build/default/production/_ext/867694782/Tick.o
 .debug_pubnames
                0x00001471       0x25 build/default/production/_ext/867694782/UART.o
 .debug_pubnames
                0x00001496      0x155 build/default/production/_ext/867694782/UDP.o
 .debug_pubnames
                0x000015eb       0x24 build/default/production/TCPRemoteData.o
 .debug_pubnames
                0x0000160f       0x20 c:/program files (x86)/microchip/mplabc32/v2.02/bin/../lib/gcc/pic32mx/4.5.1\libgcc.a(_udivdi3.o)
 .debug_pubnames
                0x0000162f       0x20 c:/program files (x86)/microchip/mplabc32/v2.02/bin/../lib/gcc/pic32mx/4.5.1\libgcc.a(_umoddi3.o)
 .debug_pubnames
                0x0000164f       0x24 c:/program files (x86)/microchip/mplabc32/v2.02/bin/../lib/gcc/pic32mx/4.5.1\libgcc.a(floatunsidf.o)
 .debug_pubnames
                0x00001673       0x1a c:/program files (x86)/microchip/mplabc32/v2.02/bin/../lib/gcc/pic32mx/4.5.1/../../../../pic32mx/lib\libm.a(w_pow.o)
 .debug_pubnames
                0x0000168d       0x20 c:/program files (x86)/microchip/mplabc32/v2.02/bin/../lib/gcc/pic32mx/4.5.1/../../../../pic32mx/lib\libmchp_peripheral_32MX440F256H.a(soft_reset_lib.o)
 .debug_pubnames
                0x000016ad       0x3b c:/program files (x86)/microchip/mplabc32/v2.02/bin/../lib/gcc/pic32mx/4.5.1/../../../../pic32mx/lib\libmchp_peripheral_32MX440F256H.a(pcache.o)
 .debug_pubnames
                0x000016e8       0x2b c:/program files (x86)/microchip/mplabc32/v2.02/bin/../lib/gcc/pic32mx/4.5.1/../../../../pic32mx/lib\libmchp_peripheral_32MX440F256H.a(int_disable_interrupts_lib.o)
 .debug_pubnames
                0x00001713       0x2b c:/program files (x86)/microchip/mplabc32/v2.02/bin/../lib/gcc/pic32mx/4.5.1/../../../../pic32mx/lib\libmchp_peripheral_32MX440F256H.a(int_restore_interrupts_lib.o)
 .debug_pubnames
                0x0000173e       0x36 c:/program files (x86)/microchip/mplabc32/v2.02/bin/../lib/gcc/pic32mx/4.5.1/../../../../pic32mx/lib\libmchp_peripheral_32MX440F256H.a(int_enable_mv_int_lib.o)
 .debug_pubnames
                0x00001774       0x2e c:/program files (x86)/microchip/mplabc32/v2.02/bin/../lib/gcc/pic32mx/4.5.1/../../../../pic32mx/lib\libmchp_peripheral_32MX440F256H.a(puts_uartx_lib_legacy.o)
 .debug_pubnames
                0x000017a2       0x2a c:/program files (x86)/microchip/mplabc32/v2.02/bin/../lib/gcc/pic32mx/4.5.1/../../../../pic32mx/lib\libmchp_peripheral_32MX440F256H.a(int_enable_interrupts_lib.o)
 .debug_pubnames
                0x000017cc       0x21 c:/program files (x86)/microchip/mplabc32/v2.02/bin/../lib/gcc/pic32mx/4.5.1/../../../../pic32mx/lib\libe.a(_unorddf2.o)

.debug_info     0x00000000    0x585c1
 *(.debug_info .gnu.linkonce.wi.*)
 .debug_info    0x00000000     0x116e build/default/production/_ext/221508487/debug_ram_buffer.o
 .debug_info    0x0000116e     0x16e5 build/default/production/TCPServer.o
 .debug_info    0x00002853     0x24d3 build/default/production/ST7735.o
 .debug_info    0x00004d26     0x3ea3 build/default/production/main.o
 .debug_info    0x00008bc9     0x14e7 build/default/production/I2C.o
 .debug_info    0x0000a0b0      0xf7d build/default/production/MPFSImg2.o
 .debug_info    0x0000b02d     0x1457 build/default/production/rtcc.o
 .debug_info    0x0000c484     0x10d0 build/default/production/HTU21D.o
 .debug_info    0x0000d554     0x170b build/default/production/BMP180.o
 .debug_info    0x0000ec5f      0xf45 build/default/production/CustomHTTPApp.o
 .debug_info    0x0000fba4     0x16a7 build/default/production/TCPClient.o
 .debug_info    0x0001124b     0x104e build/default/production/eeprom.o
 .debug_info    0x00012299      0xf59 build/default/production/_ext/867694782/Announce.o
 .debug_info    0x000131f2      0xf58 build/default/production/_ext/867694782/ARCFOUR.o
 .debug_info    0x0001414a     0x1981 build/default/production/_ext/867694782/ARP.o
 .debug_info    0x00015acb      0xf57 build/default/production/_ext/867694782/AutoIP.o
 .debug_info    0x00016a22      0xf5c build/default/production/_ext/867694782/BerkeleyAPI.o
 .debug_info    0x0001797e      0xf57 build/default/production/_ext/867694782/BigInt.o
 .debug_info    0x000188d5      0xfeb build/default/production/_ext/867694782/Delay.o
 .debug_info    0x000198c0     0x1f3f build/default/production/_ext/867694782/DHCP.o
 .debug_info    0x0001b7ff     0x20b8 build/default/production/_ext/867694782/DHCPs.o
 .debug_info    0x0001d8b7     0x1ba2 build/default/production/_ext/867694782/DNS.o
 .debug_info    0x0001f459      0xf55 build/default/production/_ext/867694782/DNSs.o
 .debug_info    0x000203ae     0x1d37 build/default/production/_ext/867694782/DynDNS.o
 .debug_info    0x000220e5     0x3a56 build/default/production/_ext/867694782/ENC28J60.o
 .debug_info    0x00025b3b      0xf5b build/default/production/_ext/867694782/ENCX24J600.o
 .debug_info    0x00026a96      0xf59 build/default/production/_ext/867694782/ETH97J60.o
 .debug_info    0x000279ef      0xf5f build/default/production/_ext/867694782/ETHPIC32ExtPhy.o
 .debug_info    0x0002894e      0xf66 build/default/production/_ext/867694782/ETHPIC32ExtPhyDP83640.o
 .debug_info    0x000298b4      0xf66 build/default/production/_ext/867694782/ETHPIC32ExtPhyDP83848.o
 .debug_info    0x0002a81a      0xf67 build/default/production/_ext/867694782/ETHPIC32ExtPhySMSC8700.o
 .debug_info    0x0002b781      0xf67 build/default/production/_ext/867694782/ETHPIC32ExtPhySMSC8720.o
 .debug_info    0x0002c6e8      0xf5f build/default/production/_ext/867694782/ETHPIC32IntMac.o
 .debug_info    0x0002d647      0xf6c build/default/production/_ext/867694782/eth_pic32_ext_phy_rtl8201FL.o
 .debug_info    0x0002e5b3      0xf5b build/default/production/_ext/867694782/FileSystem.o
 .debug_info    0x0002f50e      0xf54 build/default/production/_ext/867694782/FTP.o
 .debug_info    0x00030462      0xf57 build/default/production/_ext/867694782/Hashes.o
 .debug_info    0x000313b9     0x1ff2 build/default/production/_ext/867694782/Helpers.o
 .debug_info    0x000333ab      0xf56 build/default/production/_ext/867694782/HTTP2.o
 .debug_info    0x00034301      0xf55 build/default/production/_ext/867694782/ICMP.o
 .debug_info    0x00035256     0x1933 build/default/production/_ext/867694782/IP.o
 .debug_info    0x00036b89     0x170d build/default/production/_ext/867694782/MPFS2.o
 .debug_info    0x00038296      0xf55 build/default/production/_ext/867694782/NBNS.o
 .debug_info    0x000391eb      0xf57 build/default/production/_ext/867694782/Random.o
 .debug_info    0x0003a142      0xf57 build/default/production/_ext/867694782/Reboot.o
 .debug_info    0x0003b099      0xf54 build/default/production/_ext/867694782/RSA.o
 .debug_info    0x0003bfed      0xf55 build/default/production/_ext/867694782/SMTP.o
 .debug_info    0x0003cf42      0xf55 build/default/production/_ext/867694782/SNMP.o
 .debug_info    0x0003de97      0xf57 build/default/production/_ext/867694782/SNMPv3.o
 .debug_info    0x0003edee      0xf5a build/default/production/_ext/867694782/SNMPv3USM.o
 .debug_info    0x0003fd48     0x12d7 build/default/production/_ext/867694782/SNTP.o
 .debug_info    0x0004101f      0xf5a build/default/production/_ext/867694782/SPIEEPROM.o
 .debug_info    0x00041f79      0xf59 build/default/production/_ext/867694782/SPIFlash.o
 .debug_info    0x00042ed2      0xf57 build/default/production/_ext/867694782/SPIRAM.o
 .debug_info    0x00043e29      0xf54 build/default/production/_ext/867694782/SSL.o
 .debug_info    0x00044d7d     0x1842 build/default/production/_ext/867694782/StackTsk.o
 .debug_info    0x000465bf     0x300a build/default/production/_ext/867694782/TCP.o
 .debug_info    0x000495c9      0xf63 build/default/production/_ext/867694782/TCPPerformanceTest.o
 .debug_info    0x0004a52c      0xf57 build/default/production/_ext/867694782/Telnet.o
 .debug_info    0x0004b483      0xf56 build/default/production/_ext/867694782/TFTPc.o
 .debug_info    0x0004c3d9     0x186a build/default/production/_ext/867694782/Tick.o
 .debug_info    0x0004dc43     0x1240 build/default/production/_ext/867694782/UART.o
 .debug_info    0x0004ee83      0xf5f build/default/production/_ext/867694782/UART2TCPBridge.o
 .debug_info    0x0004fde2     0x1ffe build/default/production/_ext/867694782/UDP.o
 .debug_info    0x00051de0      0xf63 build/default/production/_ext/867694782/UDPPerformanceTest.o
 .debug_info    0x00052d43      0xf5f build/default/production/_ext/867694782/ZeroconfHelper.o
 .debug_info    0x00053ca2      0xf62 build/default/production/_ext/867694782/ZeroconfLinkLocal.o
 .debug_info    0x00054c04      0xf65 build/default/production/_ext/867694782/ZeroconfMulticastDNS.o
 .debug_info    0x00055b69     0x121f build/default/production/TCPRemoteData.o
 .debug_info    0x00056d88      0x783 c:/program files (x86)/microchip/mplabc32/v2.02/bin/../lib/gcc/pic32mx/4.5.1\libgcc.a(_udivdi3.o)
 .debug_info    0x0005750b      0x7c0 c:/program files (x86)/microchip/mplabc32/v2.02/bin/../lib/gcc/pic32mx/4.5.1\libgcc.a(_umoddi3.o)
 .debug_info    0x00057ccb      0x19b c:/program files (x86)/microchip/mplabc32/v2.02/bin/../lib/gcc/pic32mx/4.5.1\libgcc.a(floatunsidf.o)
 .debug_info    0x00057e66       0xd7 c:/program files (x86)/microchip/mplabc32/v2.02/bin/../lib/gcc/pic32mx/4.5.1/../../../../pic32mx/lib\libm.a(w_pow.o)
 .debug_info    0x00057f3d        0x0 c:/program files (x86)/microchip/mplabc32/v2.02/bin/../lib/gcc/pic32mx/4.5.1/../../../../pic32mx/lib\libm.a(s_lib_ver.o)
 .debug_info    0x00057f3d       0xc7 c:/program files (x86)/microchip/mplabc32/v2.02/bin/../lib/gcc/pic32mx/4.5.1/../../../../pic32mx/lib\libmchp_peripheral_32MX440F256H.a(soft_reset_lib.o)
 .debug_info    0x00058004       0xd4 c:/program files (x86)/microchip/mplabc32/v2.02/bin/../lib/gcc/pic32mx/4.5.1/../../../../pic32mx/lib\libmchp_peripheral_32MX440F256H.a(pcache.o)
 .debug_info    0x000580d8       0xcb c:/program files (x86)/microchip/mplabc32/v2.02/bin/../lib/gcc/pic32mx/4.5.1/../../../../pic32mx/lib\libmchp_peripheral_32MX440F256H.a(int_disable_interrupts_lib.o)
 .debug_info    0x000581a3       0xcb c:/program files (x86)/microchip/mplabc32/v2.02/bin/../lib/gcc/pic32mx/4.5.1/../../../../pic32mx/lib\libmchp_peripheral_32MX440F256H.a(int_restore_interrupts_lib.o)
 .debug_info    0x0005826e       0xd1 c:/program files (x86)/microchip/mplabc32/v2.02/bin/../lib/gcc/pic32mx/4.5.1/../../../../pic32mx/lib\libmchp_peripheral_32MX440F256H.a(int_enable_mv_int_lib.o)
 .debug_info    0x0005833f       0xd4 c:/program files (x86)/microchip/mplabc32/v2.02/bin/../lib/gcc/pic32mx/4.5.1/../../../../pic32mx/lib\libmchp_peripheral_32MX440F256H.a(puts_uartx_lib_legacy.o)
 .debug_info    0x00058413       0xc9 c:/program files (x86)/microchip/mplabc32/v2.02/bin/../lib/gcc/pic32mx/4.5.1/../../../../pic32mx/lib\libmchp_peripheral_32MX440F256H.a(int_enable_interrupts_lib.o)
 .debug_info    0x000584dc       0xe5 c:/program files (x86)/microchip/mplabc32/v2.02/bin/../lib/gcc/pic32mx/4.5.1/../../../../pic32mx/lib\libe.a(_unorddf2.o)

.debug_abbrev   0x00000000     0x7e5e
 *(.debug_abbrev)
 .debug_abbrev  0x00000000      0x213 build/default/production/_ext/221508487/debug_ram_buffer.o
 .debug_abbrev  0x00000213      0x27d build/default/production/TCPServer.o
 .debug_abbrev  0x00000490      0x2aa build/default/production/ST7735.o
 .debug_abbrev  0x0000073a      0x45a build/default/production/main.o
 .debug_abbrev  0x00000b94      0x1f1 build/default/production/I2C.o
 .debug_abbrev  0x00000d85      0x180 build/default/production/MPFSImg2.o
 .debug_abbrev  0x00000f05      0x1ff build/default/production/rtcc.o
 .debug_abbrev  0x00001104      0x1df build/default/production/HTU21D.o
 .debug_abbrev  0x000012e3      0x24c build/default/production/BMP180.o
 .debug_abbrev  0x0000152f      0x166 build/default/production/CustomHTTPApp.o
 .debug_abbrev  0x00001695      0x1e9 build/default/production/TCPClient.o
 .debug_abbrev  0x0000187e      0x1b3 build/default/production/eeprom.o
 .debug_abbrev  0x00001a31      0x166 build/default/production/_ext/867694782/Announce.o
 .debug_abbrev  0x00001b97      0x166 build/default/production/_ext/867694782/ARCFOUR.o
 .debug_abbrev  0x00001cfd      0x275 build/default/production/_ext/867694782/ARP.o
 .debug_abbrev  0x00001f72      0x166 build/default/production/_ext/867694782/AutoIP.o
 .debug_abbrev  0x000020d8      0x166 build/default/production/_ext/867694782/BerkeleyAPI.o
 .debug_abbrev  0x0000223e      0x166 build/default/production/_ext/867694782/BigInt.o
 .debug_abbrev  0x000023a4      0x19b build/default/production/_ext/867694782/Delay.o
 .debug_abbrev  0x0000253f      0x2bd build/default/production/_ext/867694782/DHCP.o
 .debug_abbrev  0x000027fc      0x29b build/default/production/_ext/867694782/DHCPs.o
 .debug_abbrev  0x00002a97      0x271 build/default/production/_ext/867694782/DNS.o
 .debug_abbrev  0x00002d08      0x166 build/default/production/_ext/867694782/DNSs.o
 .debug_abbrev  0x00002e6e      0x27f build/default/production/_ext/867694782/DynDNS.o
 .debug_abbrev  0x000030ed      0x317 build/default/production/_ext/867694782/ENC28J60.o
 .debug_abbrev  0x00003404      0x166 build/default/production/_ext/867694782/ENCX24J600.o
 .debug_abbrev  0x0000356a      0x166 build/default/production/_ext/867694782/ETH97J60.o
 .debug_abbrev  0x000036d0      0x166 build/default/production/_ext/867694782/ETHPIC32ExtPhy.o
 .debug_abbrev  0x00003836      0x166 build/default/production/_ext/867694782/ETHPIC32ExtPhyDP83640.o
 .debug_abbrev  0x0000399c      0x166 build/default/production/_ext/867694782/ETHPIC32ExtPhyDP83848.o
 .debug_abbrev  0x00003b02      0x166 build/default/production/_ext/867694782/ETHPIC32ExtPhySMSC8700.o
 .debug_abbrev  0x00003c68      0x166 build/default/production/_ext/867694782/ETHPIC32ExtPhySMSC8720.o
 .debug_abbrev  0x00003dce      0x166 build/default/production/_ext/867694782/ETHPIC32IntMac.o
 .debug_abbrev  0x00003f34      0x166 build/default/production/_ext/867694782/eth_pic32_ext_phy_rtl8201FL.o
 .debug_abbrev  0x0000409a      0x166 build/default/production/_ext/867694782/FileSystem.o
 .debug_abbrev  0x00004200      0x166 build/default/production/_ext/867694782/FTP.o
 .debug_abbrev  0x00004366      0x166 build/default/production/_ext/867694782/Hashes.o
 .debug_abbrev  0x000044cc      0x24c build/default/production/_ext/867694782/Helpers.o
 .debug_abbrev  0x00004718      0x166 build/default/production/_ext/867694782/HTTP2.o
 .debug_abbrev  0x0000487e      0x166 build/default/production/_ext/867694782/ICMP.o
 .debug_abbrev  0x000049e4      0x242 build/default/production/_ext/867694782/IP.o
 .debug_abbrev  0x00004c26      0x28e build/default/production/_ext/867694782/MPFS2.o
 .debug_abbrev  0x00004eb4      0x166 build/default/production/_ext/867694782/NBNS.o
 .debug_abbrev  0x0000501a      0x166 build/default/production/_ext/867694782/Random.o
 .debug_abbrev  0x00005180      0x166 build/default/production/_ext/867694782/Reboot.o
 .debug_abbrev  0x000052e6      0x166 build/default/production/_ext/867694782/RSA.o
 .debug_abbrev  0x0000544c      0x166 build/default/production/_ext/867694782/SMTP.o
 .debug_abbrev  0x000055b2      0x166 build/default/production/_ext/867694782/SNMP.o
 .debug_abbrev  0x00005718      0x166 build/default/production/_ext/867694782/SNMPv3.o
 .debug_abbrev  0x0000587e      0x166 build/default/production/_ext/867694782/SNMPv3USM.o
 .debug_abbrev  0x000059e4      0x1d9 build/default/production/_ext/867694782/SNTP.o
 .debug_abbrev  0x00005bbd      0x166 build/default/production/_ext/867694782/SPIEEPROM.o
 .debug_abbrev  0x00005d23      0x166 build/default/production/_ext/867694782/SPIFlash.o
 .debug_abbrev  0x00005e89      0x166 build/default/production/_ext/867694782/SPIRAM.o
 .debug_abbrev  0x00005fef      0x166 build/default/production/_ext/867694782/SSL.o
 .debug_abbrev  0x00006155      0x223 build/default/production/_ext/867694782/StackTsk.o
 .debug_abbrev  0x00006378      0x2db build/default/production/_ext/867694782/TCP.o
 .debug_abbrev  0x00006653      0x166 build/default/production/_ext/867694782/TCPPerformanceTest.o
 .debug_abbrev  0x000067b9      0x166 build/default/production/_ext/867694782/Telnet.o
 .debug_abbrev  0x0000691f      0x166 build/default/production/_ext/867694782/TFTPc.o
 .debug_abbrev  0x00006a85      0x219 build/default/production/_ext/867694782/Tick.o
 .debug_abbrev  0x00006c9e      0x19d build/default/production/_ext/867694782/UART.o
 .debug_abbrev  0x00006e3b      0x166 build/default/production/_ext/867694782/UART2TCPBridge.o
 .debug_abbrev  0x00006fa1      0x2fc build/default/production/_ext/867694782/UDP.o
 .debug_abbrev  0x0000729d      0x166 build/default/production/_ext/867694782/UDPPerformanceTest.o
 .debug_abbrev  0x00007403      0x166 build/default/production/_ext/867694782/ZeroconfHelper.o
 .debug_abbrev  0x00007569      0x166 build/default/production/_ext/867694782/ZeroconfLinkLocal.o
 .debug_abbrev  0x000076cf      0x166 build/default/production/_ext/867694782/ZeroconfMulticastDNS.o
 .debug_abbrev  0x00007835      0x1c5 build/default/production/TCPRemoteData.o
 .debug_abbrev  0x000079fa      0x13d c:/program files (x86)/microchip/mplabc32/v2.02/bin/../lib/gcc/pic32mx/4.5.1\libgcc.a(_udivdi3.o)
 .debug_abbrev  0x00007b37      0x15c c:/program files (x86)/microchip/mplabc32/v2.02/bin/../lib/gcc/pic32mx/4.5.1\libgcc.a(_umoddi3.o)
 .debug_abbrev  0x00007c93       0x61 c:/program files (x86)/microchip/mplabc32/v2.02/bin/../lib/gcc/pic32mx/4.5.1\libgcc.a(floatunsidf.o)
 .debug_abbrev  0x00007cf4       0x25 c:/program files (x86)/microchip/mplabc32/v2.02/bin/../lib/gcc/pic32mx/4.5.1/../../../../pic32mx/lib\libm.a(w_pow.o)
 .debug_abbrev  0x00007d19        0x1 c:/program files (x86)/microchip/mplabc32/v2.02/bin/../lib/gcc/pic32mx/4.5.1/../../../../pic32mx/lib\libm.a(s_lib_ver.o)
 .debug_abbrev  0x00007d1a       0x34 c:/program files (x86)/microchip/mplabc32/v2.02/bin/../lib/gcc/pic32mx/4.5.1/../../../../pic32mx/lib\libmchp_peripheral_32MX440F256H.a(soft_reset_lib.o)
 .debug_abbrev  0x00007d4e       0x25 c:/program files (x86)/microchip/mplabc32/v2.02/bin/../lib/gcc/pic32mx/4.5.1/../../../../pic32mx/lib\libmchp_peripheral_32MX440F256H.a(pcache.o)
 .debug_abbrev  0x00007d73       0x25 c:/program files (x86)/microchip/mplabc32/v2.02/bin/../lib/gcc/pic32mx/4.5.1/../../../../pic32mx/lib\libmchp_peripheral_32MX440F256H.a(int_disable_interrupts_lib.o)
 .debug_abbrev  0x00007d98       0x25 c:/program files (x86)/microchip/mplabc32/v2.02/bin/../lib/gcc/pic32mx/4.5.1/../../../../pic32mx/lib\libmchp_peripheral_32MX440F256H.a(int_restore_interrupts_lib.o)
 .debug_abbrev  0x00007dbd       0x25 c:/program files (x86)/microchip/mplabc32/v2.02/bin/../lib/gcc/pic32mx/4.5.1/../../../../pic32mx/lib\libmchp_peripheral_32MX440F256H.a(int_enable_mv_int_lib.o)
 .debug_abbrev  0x00007de2       0x25 c:/program files (x86)/microchip/mplabc32/v2.02/bin/../lib/gcc/pic32mx/4.5.1/../../../../pic32mx/lib\libmchp_peripheral_32MX440F256H.a(puts_uartx_lib_legacy.o)
 .debug_abbrev  0x00007e07       0x25 c:/program files (x86)/microchip/mplabc32/v2.02/bin/../lib/gcc/pic32mx/4.5.1/../../../../pic32mx/lib\libmchp_peripheral_32MX440F256H.a(int_enable_interrupts_lib.o)
 .debug_abbrev  0x00007e2c       0x32 c:/program files (x86)/microchip/mplabc32/v2.02/bin/../lib/gcc/pic32mx/4.5.1/../../../../pic32mx/lib\libe.a(_unorddf2.o)

.debug_line     0x00000000     0x9c15
 *(.debug_line)
 .debug_line    0x00000000      0x1d0 build/default/production/_ext/221508487/debug_ram_buffer.o
 .debug_line    0x000001d0      0x3d5 build/default/production/TCPServer.o
 .debug_line    0x000005a5      0x4b0 build/default/production/ST7735.o
 .debug_line    0x00000a55      0x77b build/default/production/main.o
 .debug_line    0x000011d0      0x252 build/default/production/I2C.o
 .debug_line    0x00001422      0x162 build/default/production/MPFSImg2.o
 .debug_line    0x00001584      0x2dd build/default/production/rtcc.o
 .debug_line    0x00001861      0x24a build/default/production/HTU21D.o
 .debug_line    0x00001aab      0x2ff build/default/production/BMP180.o
 .debug_line    0x00001daa      0x154 build/default/production/CustomHTTPApp.o
 .debug_line    0x00001efe      0x2d5 build/default/production/TCPClient.o
 .debug_line    0x000021d3      0x226 build/default/production/eeprom.o
 .debug_line    0x000023f9      0x154 build/default/production/_ext/867694782/Announce.o
 .debug_line    0x0000254d      0x154 build/default/production/_ext/867694782/ARCFOUR.o
 .debug_line    0x000026a1      0x254 build/default/production/_ext/867694782/ARP.o
 .debug_line    0x000028f5      0x154 build/default/production/_ext/867694782/AutoIP.o
 .debug_line    0x00002a49      0x154 build/default/production/_ext/867694782/BerkeleyAPI.o
 .debug_line    0x00002b9d      0x154 build/default/production/_ext/867694782/BigInt.o
 .debug_line    0x00002cf1      0x19c build/default/production/_ext/867694782/Delay.o
 .debug_line    0x00002e8d      0x41a build/default/production/_ext/867694782/DHCP.o
 .debug_line    0x000032a7      0x3fd build/default/production/_ext/867694782/DHCPs.o
 .debug_line    0x000036a4      0x330 build/default/production/_ext/867694782/DNS.o
 .debug_line    0x000039d4      0x154 build/default/production/_ext/867694782/DNSs.o
 .debug_line    0x00003b28      0x3d9 build/default/production/_ext/867694782/DynDNS.o
 .debug_line    0x00003f01      0x5ad build/default/production/_ext/867694782/ENC28J60.o
 .debug_line    0x000044ae      0x154 build/default/production/_ext/867694782/ENCX24J600.o
 .debug_line    0x00004602      0x154 build/default/production/_ext/867694782/ETH97J60.o
 .debug_line    0x00004756      0x154 build/default/production/_ext/867694782/ETHPIC32ExtPhy.o
 .debug_line    0x000048aa      0x154 build/default/production/_ext/867694782/ETHPIC32ExtPhyDP83640.o
 .debug_line    0x000049fe      0x154 build/default/production/_ext/867694782/ETHPIC32ExtPhyDP83848.o
 .debug_line    0x00004b52      0x154 build/default/production/_ext/867694782/ETHPIC32ExtPhySMSC8700.o
 .debug_line    0x00004ca6      0x154 build/default/production/_ext/867694782/ETHPIC32ExtPhySMSC8720.o
 .debug_line    0x00004dfa      0x154 build/default/production/_ext/867694782/ETHPIC32IntMac.o
 .debug_line    0x00004f4e      0x154 build/default/production/_ext/867694782/eth_pic32_ext_phy_rtl8201FL.o
 .debug_line    0x000050a2      0x154 build/default/production/_ext/867694782/FileSystem.o
 .debug_line    0x000051f6      0x154 build/default/production/_ext/867694782/FTP.o
 .debug_line    0x0000534a      0x154 build/default/production/_ext/867694782/Hashes.o
 .debug_line    0x0000549e      0x413 build/default/production/_ext/867694782/Helpers.o
 .debug_line    0x000058b1      0x154 build/default/production/_ext/867694782/HTTP2.o
 .debug_line    0x00005a05      0x154 build/default/production/_ext/867694782/ICMP.o
 .debug_line    0x00005b59      0x208 build/default/production/_ext/867694782/IP.o
 .debug_line    0x00005d61      0x383 build/default/production/_ext/867694782/MPFS2.o
 .debug_line    0x000060e4      0x154 build/default/production/_ext/867694782/NBNS.o
 .debug_line    0x00006238      0x154 build/default/production/_ext/867694782/Random.o
 .debug_line    0x0000638c      0x154 build/default/production/_ext/867694782/Reboot.o
 .debug_line    0x000064e0      0x154 build/default/production/_ext/867694782/RSA.o
 .debug_line    0x00006634      0x154 build/default/production/_ext/867694782/SMTP.o
 .debug_line    0x00006788      0x154 build/default/production/_ext/867694782/SNMP.o
 .debug_line    0x000068dc      0x154 build/default/production/_ext/867694782/SNMPv3.o
 .debug_line    0x00006a30      0x154 build/default/production/_ext/867694782/SNMPv3USM.o
 .debug_line    0x00006b84      0x21d build/default/production/_ext/867694782/SNTP.o
 .debug_line    0x00006da1      0x154 build/default/production/_ext/867694782/SPIEEPROM.o
 .debug_line    0x00006ef5      0x154 build/default/production/_ext/867694782/SPIFlash.o
 .debug_line    0x00007049      0x154 build/default/production/_ext/867694782/SPIRAM.o
 .debug_line    0x0000719d      0x154 build/default/production/_ext/867694782/SSL.o
 .debug_line    0x000072f1      0x226 build/default/production/_ext/867694782/StackTsk.o
 .debug_line    0x00007517      0xb86 build/default/production/_ext/867694782/TCP.o
 .debug_line    0x0000809d      0x154 build/default/production/_ext/867694782/TCPPerformanceTest.o
 .debug_line    0x000081f1      0x154 build/default/production/_ext/867694782/Telnet.o
 .debug_line    0x00008345      0x154 build/default/production/_ext/867694782/TFTPc.o
 .debug_line    0x00008499      0x1e8 build/default/production/_ext/867694782/Tick.o
 .debug_line    0x00008681      0x19a build/default/production/_ext/867694782/UART.o
 .debug_line    0x0000881b      0x154 build/default/production/_ext/867694782/UART2TCPBridge.o
 .debug_line    0x0000896f      0x393 build/default/production/_ext/867694782/UDP.o
 .debug_line    0x00008d02      0x154 build/default/production/_ext/867694782/UDPPerformanceTest.o
 .debug_line    0x00008e56      0x154 build/default/production/_ext/867694782/ZeroconfHelper.o
 .debug_line    0x00008faa      0x154 build/default/production/_ext/867694782/ZeroconfLinkLocal.o
 .debug_line    0x000090fe      0x154 build/default/production/_ext/867694782/ZeroconfMulticastDNS.o
 .debug_line    0x00009252      0x2a9 build/default/production/TCPRemoteData.o
 .debug_line    0x000094fb      0x112 c:/program files (x86)/microchip/mplabc32/v2.02/bin/../lib/gcc/pic32mx/4.5.1\libgcc.a(_udivdi3.o)
 .debug_line    0x0000960d      0x128 c:/program files (x86)/microchip/mplabc32/v2.02/bin/../lib/gcc/pic32mx/4.5.1\libgcc.a(_umoddi3.o)
 .debug_line    0x00009735       0x6c c:/program files (x86)/microchip/mplabc32/v2.02/bin/../lib/gcc/pic32mx/4.5.1\libgcc.a(floatunsidf.o)
 .debug_line    0x000097a1       0x90 c:/program files (x86)/microchip/mplabc32/v2.02/bin/../lib/gcc/pic32mx/4.5.1/../../../../pic32mx/lib\libm.a(w_pow.o)
 .debug_line    0x00009831        0x0 c:/program files (x86)/microchip/mplabc32/v2.02/bin/../lib/gcc/pic32mx/4.5.1/../../../../pic32mx/lib\libm.a(s_lib_ver.o)
 .debug_line    0x00009831       0xbb c:/program files (x86)/microchip/mplabc32/v2.02/bin/../lib/gcc/pic32mx/4.5.1/../../../../pic32mx/lib\libmchp_peripheral_32MX440F256H.a(soft_reset_lib.o)
 .debug_line    0x000098ec       0x62 c:/program files (x86)/microchip/mplabc32/v2.02/bin/../lib/gcc/pic32mx/4.5.1/../../../../pic32mx/lib\libmchp_peripheral_32MX440F256H.a(pcache.o)
 .debug_line    0x0000994e       0x73 c:/program files (x86)/microchip/mplabc32/v2.02/bin/../lib/gcc/pic32mx/4.5.1/../../../../pic32mx/lib\libmchp_peripheral_32MX440F256H.a(int_disable_interrupts_lib.o)
 .debug_line    0x000099c1       0x73 c:/program files (x86)/microchip/mplabc32/v2.02/bin/../lib/gcc/pic32mx/4.5.1/../../../../pic32mx/lib\libmchp_peripheral_32MX440F256H.a(int_restore_interrupts_lib.o)
 .debug_line    0x00009a34       0x6e c:/program files (x86)/microchip/mplabc32/v2.02/bin/../lib/gcc/pic32mx/4.5.1/../../../../pic32mx/lib\libmchp_peripheral_32MX440F256H.a(int_enable_mv_int_lib.o)
 .debug_line    0x00009aa2       0x6f c:/program files (x86)/microchip/mplabc32/v2.02/bin/../lib/gcc/pic32mx/4.5.1/../../../../pic32mx/lib\libmchp_peripheral_32MX440F256H.a(puts_uartx_lib_legacy.o)
 .debug_line    0x00009b11       0x72 c:/program files (x86)/microchip/mplabc32/v2.02/bin/../lib/gcc/pic32mx/4.5.1/../../../../pic32mx/lib\libmchp_peripheral_32MX440F256H.a(int_enable_interrupts_lib.o)
 .debug_line    0x00009b83       0x92 c:/program files (x86)/microchip/mplabc32/v2.02/bin/../lib/gcc/pic32mx/4.5.1/../../../../pic32mx/lib\libe.a(_unorddf2.o)

.debug_frame    0x00000000     0x221c
 *(.debug_frame)
 .debug_frame   0x00000000       0xb0 build/default/production/_ext/221508487/debug_ram_buffer.o
 .debug_frame   0x000000b0       0x2c build/default/production/TCPServer.o
 .debug_frame   0x000000dc      0x3bc build/default/production/ST7735.o
 .debug_frame   0x00000498      0x2bc build/default/production/main.o
 .debug_frame   0x00000754      0x120 build/default/production/I2C.o
 .debug_frame   0x00000874      0x124 build/default/production/rtcc.o
 .debug_frame   0x00000998       0x80 build/default/production/HTU21D.o
 .debug_frame   0x00000a18      0x174 build/default/production/BMP180.o
 .debug_frame   0x00000b8c       0x2c build/default/production/TCPClient.o
 .debug_frame   0x00000bb8       0x58 build/default/production/eeprom.o
 .debug_frame   0x00000c10       0xcc build/default/production/_ext/867694782/ARP.o
 .debug_frame   0x00000cdc       0x44 build/default/production/_ext/867694782/Delay.o
 .debug_frame   0x00000d20      0x13c build/default/production/_ext/867694782/DHCP.o
 .debug_frame   0x00000e5c      0x180 build/default/production/_ext/867694782/DHCPs.o
 .debug_frame   0x00000fdc       0xb4 build/default/production/_ext/867694782/DNS.o
 .debug_frame   0x00001090       0xac build/default/production/_ext/867694782/DynDNS.o
 .debug_frame   0x0000113c      0x36c build/default/production/_ext/867694782/ENC28J60.o
 .debug_frame   0x000014a8      0x1d0 build/default/production/_ext/867694782/Helpers.o
 .debug_frame   0x00001678       0x80 build/default/production/_ext/867694782/IP.o
 .debug_frame   0x000016f8      0x230 build/default/production/_ext/867694782/MPFS2.o
 .debug_frame   0x00001928       0x48 build/default/production/_ext/867694782/SNTP.o
 .debug_frame   0x00001970       0x64 build/default/production/_ext/867694782/StackTsk.o
 .debug_frame   0x000019d4      0x39c build/default/production/_ext/867694782/TCP.o
 .debug_frame   0x00001d70       0xcc build/default/production/_ext/867694782/Tick.o
 .debug_frame   0x00001e3c       0x28 build/default/production/_ext/867694782/UART.o
 .debug_frame   0x00001e64      0x200 build/default/production/_ext/867694782/UDP.o
 .debug_frame   0x00002064       0x2c build/default/production/TCPRemoteData.o
 .debug_frame   0x00002090       0x28 c:/program files (x86)/microchip/mplabc32/v2.02/bin/../lib/gcc/pic32mx/4.5.1\libgcc.a(floatunsidf.o)
 .debug_frame   0x000020b8       0x34 c:/program files (x86)/microchip/mplabc32/v2.02/bin/../lib/gcc/pic32mx/4.5.1/../../../../pic32mx/lib\libm.a(w_pow.o)
 .debug_frame   0x000020ec       0x28 c:/program files (x86)/microchip/mplabc32/v2.02/bin/../lib/gcc/pic32mx/4.5.1/../../../../pic32mx/lib\libmchp_peripheral_32MX440F256H.a(soft_reset_lib.o)
 .debug_frame   0x00002114       0x30 c:/program files (x86)/microchip/mplabc32/v2.02/bin/../lib/gcc/pic32mx/4.5.1/../../../../pic32mx/lib\libmchp_peripheral_32MX440F256H.a(pcache.o)
 .debug_frame   0x00002144       0x20 c:/program files (x86)/microchip/mplabc32/v2.02/bin/../lib/gcc/pic32mx/4.5.1/../../../../pic32mx/lib\libmchp_peripheral_32MX440F256H.a(int_disable_interrupts_lib.o)
 .debug_frame   0x00002164       0x20 c:/program files (x86)/microchip/mplabc32/v2.02/bin/../lib/gcc/pic32mx/4.5.1/../../../../pic32mx/lib\libmchp_peripheral_32MX440F256H.a(int_restore_interrupts_lib.o)
 .debug_frame   0x00002184       0x28 c:/program files (x86)/microchip/mplabc32/v2.02/bin/../lib/gcc/pic32mx/4.5.1/../../../../pic32mx/lib\libmchp_peripheral_32MX440F256H.a(int_enable_mv_int_lib.o)
 .debug_frame   0x000021ac       0x30 c:/program files (x86)/microchip/mplabc32/v2.02/bin/../lib/gcc/pic32mx/4.5.1/../../../../pic32mx/lib\libmchp_peripheral_32MX440F256H.a(puts_uartx_lib_legacy.o)
 .debug_frame   0x000021dc       0x20 c:/program files (x86)/microchip/mplabc32/v2.02/bin/../lib/gcc/pic32mx/4.5.1/../../../../pic32mx/lib\libmchp_peripheral_32MX440F256H.a(int_enable_interrupts_lib.o)
 .debug_frame   0x000021fc       0x20 c:/program files (x86)/microchip/mplabc32/v2.02/bin/../lib/gcc/pic32mx/4.5.1/../../../../pic32mx/lib\libe.a(_unorddf2.o)

.debug_str      0x00000000     0x4339
 *(.debug_str)
 .debug_str     0x00000000       0xe2 build/default/production/_ext/221508487/debug_ram_buffer.o
 .debug_str     0x000000e2      0x11d build/default/production/TCPServer.o
 .debug_str     0x000001ff      0x133 build/default/production/ST7735.o
 .debug_str     0x00000332      0x21b build/default/production/main.o
 .debug_str     0x0000054d      0x10e build/default/production/I2C.o
 .debug_str     0x0000065b       0xe2 build/default/production/MPFSImg2.o
 .debug_str     0x0000073d      0x120 build/default/production/rtcc.o
 .debug_str     0x0000085d       0xea build/default/production/HTU21D.o
 .debug_str     0x00000947       0xee build/default/production/BMP180.o
 .debug_str     0x00000a35       0xe2 build/default/production/CustomHTTPApp.o
 .debug_str     0x00000b17      0x138 build/default/production/TCPClient.o
 .debug_str     0x00000c4f       0xf5 build/default/production/eeprom.o
 .debug_str     0x00000d44       0xe2 build/default/production/_ext/867694782/Announce.o
 .debug_str     0x00000e26       0xe2 build/default/production/_ext/867694782/ARCFOUR.o
 .debug_str     0x00000f08       0xfa build/default/production/_ext/867694782/ARP.o
 .debug_str     0x00001002       0xe2 build/default/production/_ext/867694782/AutoIP.o
 .debug_str     0x000010e4       0xe2 build/default/production/_ext/867694782/BerkeleyAPI.o
 .debug_str     0x000011c6       0xe2 build/default/production/_ext/867694782/BigInt.o
 .debug_str     0x000012a8       0xe2 build/default/production/_ext/867694782/Delay.o
 .debug_str     0x0000138a      0x12a build/default/production/_ext/867694782/DHCP.o
 .debug_str     0x000014b4      0x134 build/default/production/_ext/867694782/DHCPs.o
 .debug_str     0x000015e8       0xec build/default/production/_ext/867694782/DNS.o
 .debug_str     0x000016d4       0xe2 build/default/production/_ext/867694782/DNSs.o
 .debug_str     0x000017b6      0x137 build/default/production/_ext/867694782/DynDNS.o
 .debug_str     0x000018ed      0x199 build/default/production/_ext/867694782/ENC28J60.o
 .debug_str     0x00001a86       0xe2 build/default/production/_ext/867694782/ENCX24J600.o
 .debug_str     0x00001b68       0xe2 build/default/production/_ext/867694782/ETH97J60.o
 .debug_str     0x00001c4a       0xe2 build/default/production/_ext/867694782/ETHPIC32ExtPhy.o
 .debug_str     0x00001d2c       0xe2 build/default/production/_ext/867694782/ETHPIC32ExtPhyDP83640.o
 .debug_str     0x00001e0e       0xe2 build/default/production/_ext/867694782/ETHPIC32ExtPhyDP83848.o
 .debug_str     0x00001ef0       0xe2 build/default/production/_ext/867694782/ETHPIC32ExtPhySMSC8700.o
 .debug_str     0x00001fd2       0xe2 build/default/production/_ext/867694782/ETHPIC32ExtPhySMSC8720.o
 .debug_str     0x000020b4       0xe2 build/default/production/_ext/867694782/ETHPIC32IntMac.o
 .debug_str     0x00002196       0xe2 build/default/production/_ext/867694782/eth_pic32_ext_phy_rtl8201FL.o
 .debug_str     0x00002278       0xe2 build/default/production/_ext/867694782/FileSystem.o
 .debug_str     0x0000235a       0xe2 build/default/production/_ext/867694782/FTP.o
 .debug_str     0x0000243c       0xe2 build/default/production/_ext/867694782/Hashes.o
 .debug_str     0x0000251e       0xf5 build/default/production/_ext/867694782/Helpers.o
 .debug_str     0x00002613       0xe2 build/default/production/_ext/867694782/HTTP2.o
 .debug_str     0x000026f5       0xe2 build/default/production/_ext/867694782/ICMP.o
 .debug_str     0x000027d7       0xf5 build/default/production/_ext/867694782/IP.o
 .debug_str     0x000028cc      0x106 build/default/production/_ext/867694782/MPFS2.o
 .debug_str     0x000029d2       0xe2 build/default/production/_ext/867694782/NBNS.o
 .debug_str     0x00002ab4       0xe2 build/default/production/_ext/867694782/Random.o
 .debug_str     0x00002b96       0xe2 build/default/production/_ext/867694782/Reboot.o
 .debug_str     0x00002c78       0xe2 build/default/production/_ext/867694782/RSA.o
 .debug_str     0x00002d5a       0xe2 build/default/production/_ext/867694782/SMTP.o
 .debug_str     0x00002e3c       0xe2 build/default/production/_ext/867694782/SNMP.o
 .debug_str     0x00002f1e       0xe2 build/default/production/_ext/867694782/SNMPv3.o
 .debug_str     0x00003000       0xe2 build/default/production/_ext/867694782/SNMPv3USM.o
 .debug_str     0x000030e2       0xe2 build/default/production/_ext/867694782/SNTP.o
 .debug_str     0x000031c4       0xe2 build/default/production/_ext/867694782/SPIEEPROM.o
 .debug_str     0x000032a6       0xe2 build/default/production/_ext/867694782/SPIFlash.o
 .debug_str     0x00003388       0xe2 build/default/production/_ext/867694782/SPIRAM.o
 .debug_str     0x0000346a       0xe2 build/default/production/_ext/867694782/SSL.o
 .debug_str     0x0000354c       0xf7 build/default/production/_ext/867694782/StackTsk.o
 .debug_str     0x00003643      0x1ad build/default/production/_ext/867694782/TCP.o
 .debug_str     0x000037f0       0xe2 build/default/production/_ext/867694782/TCPPerformanceTest.o
 .debug_str     0x000038d2       0xe2 build/default/production/_ext/867694782/Telnet.o
 .debug_str     0x000039b4       0xe2 build/default/production/_ext/867694782/TFTPc.o
 .debug_str     0x00003a96       0xfe build/default/production/_ext/867694782/Tick.o
 .debug_str     0x00003b94       0xec build/default/production/_ext/867694782/UART.o
 .debug_str     0x00003c80       0xe2 build/default/production/_ext/867694782/UART2TCPBridge.o
 .debug_str     0x00003d62      0x161 build/default/production/_ext/867694782/UDP.o
 .debug_str     0x00003ec3       0xe2 build/default/production/_ext/867694782/UDPPerformanceTest.o
 .debug_str     0x00003fa5       0xe2 build/default/production/_ext/867694782/ZeroconfHelper.o
 .debug_str     0x00004087       0xe2 build/default/production/_ext/867694782/ZeroconfLinkLocal.o
 .debug_str     0x00004169       0xe2 build/default/production/_ext/867694782/ZeroconfMulticastDNS.o